Archive member included to satisfy reference by file (symbol)

d:/embedded system/stm32cubeide_1.12.0/stm32cubeide/plugins/com.st.stm32cube.ide.mcu.externaltools.gnu-tools-for-stm32.10.3-2021.10.win32_1.0.200.202301161003/tools/bin/../lib/gcc/arm-none-eabi/10.3.1/../../../../arm-none-eabi/lib/thumb/v7-m/nofp\libc_nano.a(lib_a-errno.o)
                              ./Src/syscalls.o (__errno)
d:/embedded system/stm32cubeide_1.12.0/stm32cubeide/plugins/com.st.stm32cube.ide.mcu.externaltools.gnu-tools-for-stm32.10.3-2021.10.win32_1.0.200.202301161003/tools/bin/../lib/gcc/arm-none-eabi/10.3.1/../../../../arm-none-eabi/lib/thumb/v7-m/nofp\libc_nano.a(lib_a-exit.o)
                              d:/embedded system/stm32cubeide_1.12.0/stm32cubeide/plugins/com.st.stm32cube.ide.mcu.externaltools.gnu-tools-for-stm32.10.3-2021.10.win32_1.0.200.202301161003/tools/bin/../lib/gcc/arm-none-eabi/10.3.1/../../../../arm-none-eabi/lib/thumb/v7-m/nofp/crt0.o (exit)
d:/embedded system/stm32cubeide_1.12.0/stm32cubeide/plugins/com.st.stm32cube.ide.mcu.externaltools.gnu-tools-for-stm32.10.3-2021.10.win32_1.0.200.202301161003/tools/bin/../lib/gcc/arm-none-eabi/10.3.1/../../../../arm-none-eabi/lib/thumb/v7-m/nofp\libc_nano.a(lib_a-impure.o)
                              d:/embedded system/stm32cubeide_1.12.0/stm32cubeide/plugins/com.st.stm32cube.ide.mcu.externaltools.gnu-tools-for-stm32.10.3-2021.10.win32_1.0.200.202301161003/tools/bin/../lib/gcc/arm-none-eabi/10.3.1/../../../../arm-none-eabi/lib/thumb/v7-m/nofp\libc_nano.a(lib_a-exit.o) (_global_impure_ptr)
d:/embedded system/stm32cubeide_1.12.0/stm32cubeide/plugins/com.st.stm32cube.ide.mcu.externaltools.gnu-tools-for-stm32.10.3-2021.10.win32_1.0.200.202301161003/tools/bin/../lib/gcc/arm-none-eabi/10.3.1/../../../../arm-none-eabi/lib/thumb/v7-m/nofp\libc_nano.a(lib_a-init.o)
                              d:/embedded system/stm32cubeide_1.12.0/stm32cubeide/plugins/com.st.stm32cube.ide.mcu.externaltools.gnu-tools-for-stm32.10.3-2021.10.win32_1.0.200.202301161003/tools/bin/../lib/gcc/arm-none-eabi/10.3.1/../../../../arm-none-eabi/lib/thumb/v7-m/nofp/crt0.o (__libc_init_array)
d:/embedded system/stm32cubeide_1.12.0/stm32cubeide/plugins/com.st.stm32cube.ide.mcu.externaltools.gnu-tools-for-stm32.10.3-2021.10.win32_1.0.200.202301161003/tools/bin/../lib/gcc/arm-none-eabi/10.3.1/../../../../arm-none-eabi/lib/thumb/v7-m/nofp\libc_nano.a(lib_a-memcpy-stub.o)
                              ./ThirdParty/Source/queue.o (memcpy)
d:/embedded system/stm32cubeide_1.12.0/stm32cubeide/plugins/com.st.stm32cube.ide.mcu.externaltools.gnu-tools-for-stm32.10.3-2021.10.win32_1.0.200.202301161003/tools/bin/../lib/gcc/arm-none-eabi/10.3.1/../../../../arm-none-eabi/lib/thumb/v7-m/nofp\libc_nano.a(lib_a-memset.o)
                              d:/embedded system/stm32cubeide_1.12.0/stm32cubeide/plugins/com.st.stm32cube.ide.mcu.externaltools.gnu-tools-for-stm32.10.3-2021.10.win32_1.0.200.202301161003/tools/bin/../lib/gcc/arm-none-eabi/10.3.1/../../../../arm-none-eabi/lib/thumb/v7-m/nofp/crt0.o (memset)
d:/embedded system/stm32cubeide_1.12.0/stm32cubeide/plugins/com.st.stm32cube.ide.mcu.externaltools.gnu-tools-for-stm32.10.3-2021.10.win32_1.0.200.202301161003/tools/bin/../lib/gcc/arm-none-eabi/10.3.1/thumb/v7-m/nofp\libgcc.a(_arm_muldf3.o)
                              ./Src/HULTRA_program.o (__aeabi_dmul)
d:/embedded system/stm32cubeide_1.12.0/stm32cubeide/plugins/com.st.stm32cube.ide.mcu.externaltools.gnu-tools-for-stm32.10.3-2021.10.win32_1.0.200.202301161003/tools/bin/../lib/gcc/arm-none-eabi/10.3.1/thumb/v7-m/nofp\libgcc.a(_arm_addsubdf3.o)
                              ./Src/HULTRA_program.o (__aeabi_i2d)
d:/embedded system/stm32cubeide_1.12.0/stm32cubeide/plugins/com.st.stm32cube.ide.mcu.externaltools.gnu-tools-for-stm32.10.3-2021.10.win32_1.0.200.202301161003/tools/bin/../lib/gcc/arm-none-eabi/10.3.1/thumb/v7-m/nofp\libgcc.a(_arm_muldivdf3.o)
                              ./Src/LM35_program.o (__aeabi_ddiv)
d:/embedded system/stm32cubeide_1.12.0/stm32cubeide/plugins/com.st.stm32cube.ide.mcu.externaltools.gnu-tools-for-stm32.10.3-2021.10.win32_1.0.200.202301161003/tools/bin/../lib/gcc/arm-none-eabi/10.3.1/thumb/v7-m/nofp\libgcc.a(_arm_fixunsdfsi.o)
                              ./Src/HULTRA_program.o (__aeabi_d2uiz)
d:/embedded system/stm32cubeide_1.12.0/stm32cubeide/plugins/com.st.stm32cube.ide.mcu.externaltools.gnu-tools-for-stm32.10.3-2021.10.win32_1.0.200.202301161003/tools/bin/../lib/gcc/arm-none-eabi/10.3.1/thumb/v7-m/nofp\libgcc.a(_arm_truncdfsf2.o)
                              ./Src/LDR_program.o (__aeabi_d2f)
d:/embedded system/stm32cubeide_1.12.0/stm32cubeide/plugins/com.st.stm32cube.ide.mcu.externaltools.gnu-tools-for-stm32.10.3-2021.10.win32_1.0.200.202301161003/tools/bin/../lib/gcc/arm-none-eabi/10.3.1/thumb/v7-m/nofp\libgcc.a(_arm_addsubsf3.o)
                              ./Src/LDR_program.o (__aeabi_ui2f)
[...]
Memory Configuration

Name             Origin             Length             Attributes
RAM              0x0000000020000000 0x0000000000005000 xrw
FLASH            0x0000000008000000 0x0000000000010000 xr
*default*        0x0000000000000000 0xffffffffffffffff

Linker script and memory map

LOAD d:/embedded system/stm32cubeide_1.12.0/stm32cubeide/plugins/com.st.stm32cube.ide.mcu.externaltools.gnu-tools-for-stm32.10.3-2021.10.win32_1.0.200.202301161003/tools/bin/../lib/gcc/arm-none-eabi/10.3.1/thumb/v7-m/nofp/crti.o
LOAD d:/embedded system/stm32cubeide_1.12.0/stm32cubeide/plugins/com.st.stm32cube.ide.mcu.externaltools.gnu-tools-for-stm32.10.3-2021.10.win32_1.0.200.202301161003/tools/bin/../lib/gcc/arm-none-eabi/10.3.1/thumb/v7-m/nofp/crtbegin.o
LOAD d:/embedded system/stm32cubeide_1.12.0/stm32cubeide/plugins/com.st.stm32cube.ide.mcu.externaltools.gnu-tools-for-stm32.10.3-2021.10.win32_1.0.200.202301161003/tools/bin/../lib/gcc/arm-none-eabi/10.3.1/../../../../arm-none-eabi/lib/thumb/v7-m/nofp/crt0.o
LOAD ./Src/ADC_program.o
LOAD ./Src/AFIO_program.o
LOAD ./Src/DIO_program.o
LOAD ./Src/EXTI_program.o
LOAD ./Src/FunHelp.o
LOAD ./Src/HULTRA_program.o
LOAD ./Src/LDR_program.o
LOAD ./Src/LM35_program.o
LOAD ./Src/MOTOR_program.o
LOAD ./Src/NVIC_program.o
LOAD ./Src/RCC_program.o
LOAD ./Src/TIMER2_program.o
LOAD ./Src/TIMER3_program.o
LOAD ./Src/TIM_program.o
LOAD ./Src/main.o
LOAD ./Src/syscalls.o
LOAD ./Startup/startup_stm32f103c8tx.o
LOAD ./ThirdParty/Source/croutine.o
LOAD ./ThirdParty/Source/event_groups.o
LOAD ./ThirdParty/Source/list.o
LOAD ./ThirdParty/Source/queue.o
LOAD ./ThirdParty/Source/stream_buffer.o
LOAD ./ThirdParty/Source/tasks.o
LOAD ./ThirdParty/Source/timers.o
LOAD ./ThirdParty/Source/portable/GCC/ARM_CM3/port.o
LOAD ./ThirdParty/Source/portable/MemMang/heap_4.o
START GROUP
LOAD d:/embedded system/stm32cubeide_1.12.0/stm32cubeide/plugins/com.st.stm32cube.ide.mcu.externaltools.gnu-tools-for-stm32.10.3-2021.10.win32_1.0.200.202301161003/tools/bin/../lib/gcc/arm-none-eabi/10.3.1/../../../../arm-none-eabi/lib/thumb/v7-m/nofp\libc_nano.a
LOAD d:/embedded system/stm32cubeide_1.12.0/stm32cubeide/plugins/com.st.stm32cube.ide.mcu.externaltools.gnu-tools-for-stm32.10.3-2021.10.win32_1.0.200.202301161003/tools/bin/../lib/gcc/arm-none-eabi/10.3.1/../../../../arm-none-eabi/lib/thumb/v7-m/nofp\libm.a
END GROUP
START GROUP
LOAD d:/embedded system/stm32cubeide_1.12.0/stm32cubeide/plugins/com.st.stm32cube.ide.mcu.externaltools.gnu-tools-for-stm32.10.3-2021.10.win32_1.0.200.202301161003/tools/bin/../lib/gcc/arm-none-eabi/10.3.1/thumb/v7-m/nofp\libgcc.a
LOAD d:/embedded system/stm32cubeide_1.12.0/stm32cubeide/plugins/com.st.stm32cube.ide.mcu.externaltools.gnu-tools-for-stm32.10.3-2021.10.win32_1.0.200.202301161003/tools/bin/../lib/gcc/arm-none-eabi/10.3.1/../../../../arm-none-eabi/lib/thumb/v7-m/nofp\libc_nano.a
END GROUP
START GROUP
LOAD d:/embedded system/stm32cubeide_1.12.0/stm32cubeide/plugins/com.st.stm32cube.ide.mcu.externaltools.gnu-tools-for-stm32.10.3-2021.10.win32_1.0.200.202301161003/tools/bin/../lib/gcc/arm-none-eabi/10.3.1/thumb/v7-m/nofp\libgcc.a
LOAD d:/embedded system/stm32cubeide_1.12.0/stm32cubeide/plugins/com.st.stm32cube.ide.mcu.externaltools.gnu-tools-for-stm32.10.3-2021.10.win32_1.0.200.202301161003/tools/bin/../lib/gcc/arm-none-eabi/10.3.1/../../../../arm-none-eabi/lib/thumb/v7-m/nofp\libc_nano.a
LOAD d:/embedded system/stm32cubeide_1.12.0/stm32cubeide/plugins/com.st.stm32cube.ide.mcu.externaltools.gnu-tools-for-stm32.10.3-2021.10.win32_1.0.200.202301161003/tools/bin/../lib/gcc/arm-none-eabi/10.3.1/../../../../arm-none-eabi/lib/thumb/v7-m/nofp\libnosys.a
END GROUP
START GROUP
LOAD d:/embedded system/stm32cubeide_1.12.0/stm32cubeide/plugins/com.st.stm32cube.ide.mcu.externaltools.gnu-tools-for-stm32.10.3-2021.10.win32_1.0.200.202301161003/tools/bin/../lib/gcc/arm-none-eabi/10.3.1/thumb/v7-m/nofp\libgcc.a
LOAD d:/embedded system/stm32cubeide_1.12.0/stm32cubeide/plugins/com.st.stm32cube.ide.mcu.externaltools.gnu-tools-for-stm32.10.3-2021.10.win32_1.0.200.202301161003/tools/bin/../lib/gcc/arm-none-eabi/10.3.1/../../../../arm-none-eabi/lib/thumb/v7-m/nofp\libc_nano.a
LOAD d:/embedded system/stm32cubeide_1.12.0/stm32cubeide/plugins/com.st.stm32cube.ide.mcu.externaltools.gnu-tools-for-stm32.10.3-2021.10.win32_1.0.200.202301161003/tools/bin/../lib/gcc/arm-none-eabi/10.3.1/../../../../arm-none-eabi/lib/thumb/v7-m/nofp\libnosys.a
END GROUP
LOAD d:/embedded system/stm32cubeide_1.12.0/stm32cubeide/plugins/com.st.stm32cube.ide.mcu.externaltools.gnu-tools-for-stm32.10.3-2021.10.win32_1.0.200.202301161003/tools/bin/../lib/gcc/arm-none-eabi/10.3.1/thumb/v7-m/nofp/crtend.o
LOAD d:/embedded system/stm32cubeide_1.12.0/stm32cubeide/plugins/com.st.stm32cube.ide.mcu.externaltools.gnu-tools-for-stm32.10.3-2021.10.win32_1.0.200.202301161003/tools/bin/../lib/gcc/arm-none-eabi/10.3.1/thumb/v7-m/nofp/crtn.o
                0x0000000020005000                _estack = (ORIGIN (RAM) + LENGTH (RAM))
                0x0000000000000200                _Min_Heap_Size = 0x200
                0x0000000000000400                _Min_Stack_Size = 0x400

.isr_vector     0x0000000008000000      0x130
                0x0000000008000000                . = ALIGN (0x4)
 *(.isr_vector)
 .isr_vector    0x0000000008000000      0x130 ./Startup/startup_stm32f103c8tx.o
                0x0000000008000000                g_pfnVectors
                0x0000000008000130                . = ALIGN (0x4)

.text           0x0000000008000130     0x2780
                0x0000000008000130                . = ALIGN (0x4)
 *(.text)
 .text          0x0000000008000130       0x40 d:/embedded system/stm32cubeide_1.12.0/stm32cubeide/plugins/com.st.stm32cube.ide.mcu.externaltools.gnu-tools-for-stm32.10.3-2021.10.win32_1.0.200.202301161003/tools/bin/../lib/gcc/arm-none-eabi/10.3.1/thumb/v7-m/nofp/crtbegin.o
 *(.text*)
 .text.MGPIO_VidSetPinDirection
                0x0000000008000170      0x1a4 ./Src/DIO_program.o
                0x0000000008000170                MGPIO_VidSetPinDirection
 .text.MGPIO_VidSetPinValue
                0x0000000008000314       0xf4 ./Src/DIO_program.o
                0x0000000008000314                MGPIO_VidSetPinValue
 .text.EXTI0_IRQHandler
                0x0000000008000408       0x24 ./Src/EXTI_program.o
                0x0000000008000408                EXTI0_IRQHandler
 .text.MRCC_VidInit
                0x000000000800042c       0x30 ./Src/RCC_program.o
                0x000000000800042c                MRCC_VidInit
 .text.MRCC_VidEnablePeripheralClock
                0x000000000800045c       0x84 ./Src/RCC_program.o
                0x000000000800045c                MRCC_VidEnablePeripheralClock
 .text.main     0x00000000080004e0       0xb4 ./Src/main.o
                0x00000000080004e0                main
 .text.Task1Handler
                0x0000000008000594       0x1c ./Src/main.o
                0x0000000008000594                Task1Handler
 .text.Task2Handler
                0x00000000080005b0       0x1c ./Src/main.o
                0x00000000080005b0                Task2Handler
 .text.Reset_Handler
                0x00000000080005cc       0x50 ./Startup/startup_stm32f103c8tx.o
                0x00000000080005cc                Reset_Handler
 .text.Default_Handler
                0x000000000800061c        0x2 ./Startup/startup_stm32f103c8tx.o
                0x000000000800061c                EXTI2_IRQHandler
                0x000000000800061c                TIM8_TRG_COM_IRQHandler
                0x000000000800061c                TIM8_CC_IRQHandler
                0x000000000800061c                DebugMon_Handler
                0x000000000800061c                TIM1_CC_IRQHandler
                0x000000000800061c                HardFault_Handler
                0x000000000800061c                TIM6_IRQHandler
                0x000000000800061c                PVD_IRQHandler
                0x000000000800061c                SDIO_IRQHandler
                0x000000000800061c                NMI_Handler
                0x000000000800061c                EXTI3_IRQHandler
                0x000000000800061c                USB_HP_CAN_TX_IRQHandler
                0x000000000800061c                I2C2_EV_IRQHandler
                0x000000000800061c                UsageFault_Handler
                0x000000000800061c                ADC1_2_IRQHandler
                0x000000000800061c                SPI1_IRQHandler
                0x000000000800061c                CAN_SCE_IRQHandler
                0x000000000800061c                TAMPER_IRQHandler
                0x000000000800061c                TIM8_UP_IRQHandler
                0x000000000800061c                DMA2_Channel2_IRQHandler
                0x000000000800061c                DMA1_Channel4_IRQHandler
                0x000000000800061c                USART3_IRQHandler
                0x000000000800061c                RTC_IRQHandler
                0x000000000800061c                DMA1_Channel7_IRQHandler
                0x000000000800061c                UART5_IRQHandler
                0x000000000800061c                ADC3_IRQHandler
                0x000000000800061c                TIM4_IRQHandler
                0x000000000800061c                CAN_RX1_IRQHandler
                0x000000000800061c                DMA2_Channel1_IRQHandler
                0x000000000800061c                I2C1_EV_IRQHandler
                0x000000000800061c                DMA1_Channel6_IRQHandler
                0x000000000800061c                UART4_IRQHandler
                0x000000000800061c                TIM3_IRQHandler
                0x000000000800061c                RCC_IRQHandler
                0x000000000800061c                TIM1_TRG_COM_IRQHandler
                0x000000000800061c                DMA1_Channel1_IRQHandler
                0x000000000800061c                Default_Handler
                0x000000000800061c                EXTI15_10_IRQHandler
                0x000000000800061c                TIM7_IRQHandler
                0x000000000800061c                TIM5_IRQHandler
                0x000000000800061c                EXTI9_5_IRQHandler
                0x000000000800061c                SPI2_IRQHandler
                0x000000000800061c                USB_LP_CAN_RX0_IRQHandler
                0x000000000800061c                MemManage_Handler
                0x000000000800061c                DMA1_Channel5_IRQHandler
                0x000000000800061c                EXTI4_IRQHandler
                0x000000000800061c                DMA1_Channel3_IRQHandler
                0x000000000800061c                FSMC_IRQHandler
                0x000000000800061c                TIM1_UP_IRQHandler
                0x000000000800061c                WWDG_IRQHandler
                0x000000000800061c                TIM2_IRQHandler
                0x000000000800061c                TIM1_BRK_IRQHandler
                0x000000000800061c                EXTI1_IRQHandler
                0x000000000800061c                RTCAlarm_IRQHandler
                0x000000000800061c                DMA2_Channel4_5_IRQHandler
                0x000000000800061c                USART2_IRQHandler
                0x000000000800061c                I2C2_ER_IRQHandler
                0x000000000800061c                DMA1_Channel2_IRQHandler
                0x000000000800061c                TIM8_BRK_IRQHandler
                0x000000000800061c                FLASH_IRQHandler
                0x000000000800061c                BusFault_Handler
                0x000000000800061c                USART1_IRQHandler
                0x000000000800061c                SPI3_IRQHandler
                0x000000000800061c                I2C1_ER_IRQHandler
                0x000000000800061c                DMA2_Channel3_IRQHandler
 .text.vListInitialise
                0x000000000800061e       0x3e ./ThirdParty/Source/list.o
                0x000000000800061e                vListInitialise
 .text.vListInitialiseItem
                0x000000000800065c       0x18 ./ThirdParty/Source/list.o
                0x000000000800065c                vListInitialiseItem
 .text.vListInsert
                0x0000000008000674       0x70 ./ThirdParty/Source/list.o
                0x0000000008000674                vListInsert
 .text.uxListRemove
                0x00000000080006e4       0x52 ./ThirdParty/Source/list.o
                0x00000000080006e4                uxListRemove
 *fill*         0x0000000008000736        0x2 
 .text.xQueueGenericReset
                0x0000000008000738      0x120 ./ThirdParty/Source/queue.o
                0x0000000008000738                xQueueGenericReset
 .text.xQueueGenericCreate
                0x0000000008000858       0x9c ./ThirdParty/Source/queue.o
                0x0000000008000858                xQueueGenericCreate
 .text.prvInitialiseNewQueue
                0x00000000080008f4       0x46 ./ThirdParty/Source/queue.o
 *fill*         0x000000000800093a        0x2 
 .text.xQueueReceive
                0x000000000800093c      0x1c0 ./ThirdParty/Source/queue.o
                0x000000000800093c                xQueueReceive
 .text.prvCopyDataFromQueue
                0x0000000008000afc       0x4c ./ThirdParty/Source/queue.o
 .text.prvUnlockQueue
                0x0000000008000b48       0xa4 ./ThirdParty/Source/queue.o
 .text.prvIsQueueEmpty
                0x0000000008000bec       0x2c ./ThirdParty/Source/queue.o
 .text.vQueueAddToRegistry
                0x0000000008000c18       0x9c ./ThirdParty/Source/queue.o
                0x0000000008000c18                vQueueAddToRegistry
 .text.vQueueWaitForMessageRestricted
                0x0000000008000cb4       0x68 ./ThirdParty/Source/queue.o
                0x0000000008000cb4                vQueueWaitForMessageRestricted
 .text.xTaskCreate
                0x0000000008000d1c       0x8c ./ThirdParty/Source/tasks.o
                0x0000000008000d1c                xTaskCreate
 .text.prvInitialiseNewTask
                0x0000000008000da8      0x11c ./ThirdParty/Source/tasks.o
 .text.prvAddNewTaskToReadyList
                0x0000000008000ec4      0x12c ./ThirdParty/Source/tasks.o
 .text.vTaskDelay
                0x0000000008000ff0       0x68 ./ThirdParty/Source/tasks.o
                0x0000000008000ff0                vTaskDelay
 .text.vTaskStartScheduler
                0x0000000008001058       0xa4 ./ThirdParty/Source/tasks.o
                0x0000000008001058                vTaskStartScheduler
 .text.vTaskSuspendAll
                0x00000000080010fc       0x1c ./ThirdParty/Source/tasks.o
                0x00000000080010fc                vTaskSuspendAll
 .text.xTaskResumeAll
                0x0000000008001118      0x1f8 ./ThirdParty/Source/tasks.o
                0x0000000008001118                xTaskResumeAll
 .text.xTaskGetTickCount
                0x0000000008001310       0x1c ./ThirdParty/Source/tasks.o
                0x0000000008001310                xTaskGetTickCount
 .text.xTaskIncrementTick
                0x000000000800132c      0x22c ./ThirdParty/Source/tasks.o
                0x000000000800132c                xTaskIncrementTick
 .text.vTaskSwitchContext
                0x0000000008001558       0xb4 ./ThirdParty/Source/tasks.o
                0x0000000008001558                vTaskSwitchContext
 .text.vTaskPlaceOnEventList
                0x000000000800160c       0x48 ./ThirdParty/Source/tasks.o
                0x000000000800160c                vTaskPlaceOnEventList
 .text.vTaskPlaceOnEventListRestricted
                0x0000000008001654       0x8c ./ThirdParty/Source/tasks.o
                0x0000000008001654                vTaskPlaceOnEventListRestricted
 .text.xTaskRemoveFromEventList
                0x00000000080016e0      0x1ac ./ThirdParty/Source/tasks.o
                0x00000000080016e0                xTaskRemoveFromEventList
 .text.vTaskInternalSetTimeOutState
                0x000000000800188c       0x2c ./ThirdParty/Source/tasks.o
                0x000000000800188c                vTaskInternalSetTimeOutState
 .text.xTaskCheckForTimeOut
                0x00000000080018b8       0xcc ./ThirdParty/Source/tasks.o
                0x00000000080018b8                xTaskCheckForTimeOut
 .text.vTaskMissedYield
                0x0000000008001984       0x18 ./ThirdParty/Source/tasks.o
                0x0000000008001984                vTaskMissedYield
 .text.prvIdleTask
                0x000000000800199c       0x30 ./ThirdParty/Source/tasks.o
 .text.prvInitialiseTaskLists
                0x00000000080019cc       0x80 ./ThirdParty/Source/tasks.o
 .text.prvCheckTasksWaitingTermination
                0x0000000008001a4c       0x5c ./ThirdParty/Source/tasks.o
 .text.prvDeleteTCB
                0x0000000008001aa8       0x20 ./ThirdParty/Source/tasks.o
 .text.prvResetNextTaskUnblockTime
                0x0000000008001ac8       0x34 ./ThirdParty/Source/tasks.o
 .text.xTaskGetSchedulerState
                0x0000000008001afc       0x3c ./ThirdParty/Source/tasks.o
                0x0000000008001afc                xTaskGetSchedulerState
 .text.prvAddCurrentTaskToDelayedList
                0x0000000008001b38      0x100 ./ThirdParty/Source/tasks.o
 .text.xTimerCreateTimerTask
                0x0000000008001c38       0x64 ./ThirdParty/Source/timers.o
                0x0000000008001c38                xTimerCreateTimerTask
 .text.prvReloadTimer
                0x0000000008001c9c       0x42 ./ThirdParty/Source/timers.o
 *fill*         0x0000000008001cde        0x2 
 .text.prvProcessExpiredTimer
                0x0000000008001ce0       0x60 ./ThirdParty/Source/timers.o
 .text.prvTimerTask
                0x0000000008001d40       0x24 ./ThirdParty/Source/timers.o
 .text.prvProcessTimerOrBlockTask
                0x0000000008001d64       0x9c ./ThirdParty/Source/timers.o
 .text.prvGetNextExpireTime
                0x0000000008001e00       0x44 ./ThirdParty/Source/timers.o
 .text.prvSampleTimeNow
                0x0000000008001e44       0x40 ./ThirdParty/Source/timers.o
 .text.prvInsertTimerInActiveList
                0x0000000008001e84       0x84 ./ThirdParty/Source/timers.o
 .text.prvProcessReceivedCommands
                0x0000000008001f08      0x17c ./ThirdParty/Source/timers.o
 .text.prvSwitchTimerLists
                0x0000000008002084       0x4c ./ThirdParty/Source/timers.o
 .text.prvCheckForValidListAndQueue
                0x00000000080020d0       0x6c ./ThirdParty/Source/timers.o
 .text.pxPortInitialiseStack
                0x000000000800213c       0x58 ./ThirdParty/Source/portable/GCC/ARM_CM3/port.o
                0x000000000800213c                pxPortInitialiseStack
 .text.prvTaskExitError
                0x0000000008002194       0x58 ./ThirdParty/Source/portable/GCC/ARM_CM3/port.o
 *fill*         0x00000000080021ec        0x4 
 .text.SVC_Handler
                0x00000000080021f0       0x28 ./ThirdParty/Source/portable/GCC/ARM_CM3/port.o
                0x00000000080021f0                SVC_Handler
 .text.prvPortStartFirstTask
                0x0000000008002218       0x24 ./ThirdParty/Source/portable/GCC/ARM_CM3/port.o
 .text.xPortStartScheduler
                0x000000000800223c       0xe4 ./ThirdParty/Source/portable/GCC/ARM_CM3/port.o
                0x000000000800223c                xPortStartScheduler
 .text.vPortEnterCritical
                0x0000000008002320       0x60 ./ThirdParty/Source/portable/GCC/ARM_CM3/port.o
                0x0000000008002320                vPortEnterCritical
 .text.vPortExitCritical
                0x0000000008002380       0x50 ./ThirdParty/Source/portable/GCC/ARM_CM3/port.o
                0x0000000008002380                vPortExitCritical
 .text.PendSV_Handler
                0x00000000080023d0       0x48 ./ThirdParty/Source/portable/GCC/ARM_CM3/port.o
                0x00000000080023d0                PendSV_Handler
 .text.SysTick_Handler
                0x0000000008002418       0x44 ./ThirdParty/Source/portable/GCC/ARM_CM3/port.o
                0x0000000008002418                SysTick_Handler
 .text.vPortSetupTimerInterrupt
                0x000000000800245c       0x34 ./ThirdParty/Source/portable/GCC/ARM_CM3/port.o
                0x000000000800245c                vPortSetupTimerInterrupt
 .text.pvPortMalloc
                0x0000000008002490      0x174 ./ThirdParty/Source/portable/MemMang/heap_4.o
                0x0000000008002490                pvPortMalloc
 .text.vPortFree
                0x0000000008002604       0xb8 ./ThirdParty/Source/portable/MemMang/heap_4.o
                0x0000000008002604                vPortFree
 .text.prvHeapInit
                0x00000000080026bc       0xb8 ./ThirdParty/Source/portable/MemMang/heap_4.o
 .text.prvInsertBlockIntoFreeList
                0x0000000008002774       0xb0 ./ThirdParty/Source/portable/MemMang/heap_4.o
 .text.__libc_init_array
                0x0000000008002824       0x48 d:/embedded system/stm32cubeide_1.12.0/stm32cubeide/plugins/com.st.stm32cube.ide.mcu.externaltools.gnu-tools-for-stm32.10.3-2021.10.win32_1.0.200.202301161003/tools/bin/../lib/gcc/arm-none-eabi/10.3.1/../../../../arm-none-eabi/lib/thumb/v7-m/nofp\libc_nano.a(lib_a-init.o)
                0x0000000008002824                __libc_init_array
 .text.memcpy   0x000000000800286c       0x1c d:/embedded system/stm32cubeide_1.12.0/stm32cubeide/plugins/com.st.stm32cube.ide.mcu.externaltools.gnu-tools-for-stm32.10.3-2021.10.win32_1.0.200.202301161003/tools/bin/../lib/gcc/arm-none-eabi/10.3.1/../../../../arm-none-eabi/lib/thumb/v7-m/nofp\libc_nano.a(lib_a-memcpy-stub.o)
                0x000000000800286c                memcpy
 .text.memset   0x0000000008002888       0x10 d:/embedded system/stm32cubeide_1.12.0/stm32cubeide/plugins/com.st.stm32cube.ide.mcu.externaltools.gnu-tools-for-stm32.10.3-2021.10.win32_1.0.200.202301161003/tools/bin/../lib/gcc/arm-none-eabi/10.3.1/../../../../arm-none-eabi/lib/thumb/v7-m/nofp\libc_nano.a(lib_a-memset.o)
                0x0000000008002888                memset
 *(.glue_7)
 .glue_7        0x0000000008002898        0x0 linker stubs
 *(.glue_7t)
 .glue_7t       0x0000000008002898        0x0 linker stubs
 *(.eh_frame)
 .eh_frame      0x0000000008002898        0x0 d:/embedded system/stm32cubeide_1.12.0/stm32cubeide/plugins/com.st.stm32cube.ide.mcu.externaltools.gnu-tools-for-stm32.10.3-2021.10.win32_1.0.200.202301161003/tools/bin/../lib/gcc/arm-none-eabi/10.3.1/thumb/v7-m/nofp/crtbegin.o
 *(.init)
 .init          0x0000000008002898        0x4 d:/embedded system/stm32cubeide_1.12.0/stm32cubeide/plugins/com.st.stm32cube.ide.mcu.externaltools.gnu-tools-for-stm32.10.3-2021.10.win32_1.0.200.202301161003/tools/bin/../lib/gcc/arm-none-eabi/10.3.1/thumb/v7-m/nofp/crti.o
                0x0000000008002898                _init
 .init          0x000000000800289c        0x8 d:/embedded system/stm32cubeide_1.12.0/stm32cubeide/plugins/com.st.stm32cube.ide.mcu.externaltools.gnu-tools-for-stm32.10.3-2021.10.win32_1.0.200.202301161003/tools/bin/../lib/gcc/arm-none-eabi/10.3.1/thumb/v7-m/nofp/crtn.o
 *(.fini)
 .fini          0x00000000080028a4        0x4 d:/embedded system/stm32cubeide_1.12.0/stm32cubeide/plugins/com.st.stm32cube.ide.mcu.externaltools.gnu-tools-for-stm32.10.3-2021.10.win32_1.0.200.202301161003/tools/bin/../lib/gcc/arm-none-eabi/10.3.1/thumb/v7-m/nofp/crti.o
                0x00000000080028a4                _fini
 .fini          0x00000000080028a8        0x8 d:/embedded system/stm32cubeide_1.12.0/stm32cubeide/plugins/com.st.stm32cube.ide.mcu.externaltools.gnu-tools-for-stm32.10.3-2021.10.win32_1.0.200.202301161003/tools/bin/../lib/gcc/arm-none-eabi/10.3.1/thumb/v7-m/nofp/crtn.o
                0x00000000080028b0                . = ALIGN (0x4)
                0x00000000080028b0                _etext = .

.vfp11_veneer   0x00000000080028b0        0x0
 .vfp11_veneer  0x00000000080028b0        0x0 linker stubs

.v4_bx          0x00000000080028b0        0x0
 .v4_bx         0x00000000080028b0        0x0 linker stubs

.iplt           0x00000000080028b0        0x0
 .iplt          0x00000000080028b0        0x0 d:/embedded system/stm32cubeide_1.12.0/stm32cubeide/plugins/com.st.stm32cube.ide.mcu.externaltools.gnu-tools-for-stm32.10.3-2021.10.win32_1.0.200.202301161003/tools/bin/../lib/gcc/arm-none-eabi/10.3.1/thumb/v7-m/nofp/crtbegin.o

.rodata         0x00000000080028b0       0x50
                0x00000000080028b0                . = ALIGN (0x4)
 *(.rodata)
 .rodata        0x00000000080028b0       0x36 ./Src/main.o
 *fill*         0x00000000080028e6        0x2 
 .rodata        0x00000000080028e8        0x5 ./ThirdParty/Source/tasks.o
 *fill*         0x00000000080028ed        0x3 
 .rodata        0x00000000080028f0        0xd ./ThirdParty/Source/timers.o
 *(.rodata*)
                0x0000000008002900                . = ALIGN (0x4)
 *fill*         0x00000000080028fd        0x3 

.rel.dyn        0x0000000008002900        0x0
 .rel.iplt      0x0000000008002900        0x0 d:/embedded system/stm32cubeide_1.12.0/stm32cubeide/plugins/com.st.stm32cube.ide.mcu.externaltools.gnu-tools-for-stm32.10.3-2021.10.win32_1.0.200.202301161003/tools/bin/../lib/gcc/arm-none-eabi/10.3.1/thumb/v7-m/nofp/crtbegin.o

.ARM.extab      0x0000000008002900        0x0
                0x0000000008002900                . = ALIGN (0x4)
 *(.ARM.extab* .gnu.linkonce.armextab.*)
                0x0000000008002900                . = ALIGN (0x4)

.ARM            0x0000000008002900        0x0
                0x0000000008002900                . = ALIGN (0x4)
                0x0000000008002900                __exidx_start = .
 *(.ARM.exidx*)
                0x0000000008002900                __exidx_end = .
                0x0000000008002900                . = ALIGN (0x4)

.preinit_array  0x0000000008002900        0x0
                0x0000000008002900                . = ALIGN (0x4)
                0x0000000008002900                PROVIDE (__preinit_array_start = .)
 *(.preinit_array*)
                0x0000000008002900                PROVIDE (__preinit_array_end = .)
                0x0000000008002900                . = ALIGN (0x4)

.init_array     0x0000000008002900        0x4
                0x0000000008002900                . = ALIGN (0x4)
                0x0000000008002900                PROVIDE (__init_array_start = .)
 *(SORT_BY_NAME(.init_array.*))
 *(.init_array*)
 .init_array    0x0000000008002900        0x4 d:/embedded system/stm32cubeide_1.12.0/stm32cubeide/plugins/com.st.stm32cube.ide.mcu.externaltools.gnu-tools-for-stm32.10.3-2021.10.win32_1.0.200.202301161003/tools/bin/../lib/gcc/arm-none-eabi/10.3.1/thumb/v7-m/nofp/crtbegin.o
                0x0000000008002904                PROVIDE (__init_array_end = .)
                0x0000000008002904                . = ALIGN (0x4)

.fini_array     0x0000000008002904        0x4
                0x0000000008002904                . = ALIGN (0x4)
                [!provide]                        PROVIDE (__fini_array_start = .)
 *(SORT_BY_NAME(.fini_array.*))
 *(.fini_array*)
 .fini_array    0x0000000008002904        0x4 d:/embedded system/stm32cubeide_1.12.0/stm32cubeide/plugins/com.st.stm32cube.ide.mcu.externaltools.gnu-tools-for-stm32.10.3-2021.10.win32_1.0.200.202301161003/tools/bin/../lib/gcc/arm-none-eabi/10.3.1/thumb/v7-m/nofp/crtbegin.o
                [!provide]                        PROVIDE (__fini_array_end = .)
                0x0000000008002908                . = ALIGN (0x4)
                0x0000000008002908                _sidata = LOADADDR (.data)

.data           0x0000000020000000        0x8 load address 0x0000000008002908
                0x0000000020000000                . = ALIGN (0x4)
                0x0000000020000000                _sdata = .
 *(.data)
 *(.data*)
 .data.uxTopUsedPriority
                0x0000000020000000        0x4 ./ThirdParty/Source/tasks.o
                0x0000000020000000                uxTopUsedPriority
 .data.uxCriticalNesting
                0x0000000020000004        0x4 ./ThirdParty/Source/portable/GCC/ARM_CM3/port.o
 *(.RamFunc)
 *(.RamFunc*)
                0x0000000020000008                . = ALIGN (0x4)
                0x0000000020000008                _edata = .

.igot.plt       0x0000000020000008        0x0 load address 0x0000000008002910
 .igot.plt      0x0000000020000008        0x0 d:/embedded system/stm32cubeide_1.12.0/stm32cubeide/plugins/com.st.stm32cube.ide.mcu.externaltools.gnu-tools-for-stm32.10.3-2021.10.win32_1.0.200.202301161003/tools/bin/../lib/gcc/arm-none-eabi/10.3.1/thumb/v7-m/nofp/crtbegin.o
                0x0000000020000008                . = ALIGN (0x4)

.bss            0x0000000020000008     0x15c4 load address 0x0000000008002910
                0x0000000020000008                _sbss = .
                0x0000000020000008                __bss_start__ = _sbss
 *(.bss)
 .bss           0x0000000020000008       0x1c d:/embedded system/stm32cubeide_1.12.0/stm32cubeide/plugins/com.st.stm32cube.ide.mcu.externaltools.gnu-tools-for-stm32.10.3-2021.10.win32_1.0.200.202301161003/tools/bin/../lib/gcc/arm-none-eabi/10.3.1/thumb/v7-m/nofp/crtbegin.o
 *(.bss*)
 .bss.EXTI0_CallBack
                0x0000000020000024        0x4 ./Src/EXTI_program.o
 .bss.xQueueRegistry
                0x0000000020000028       0x40 ./ThirdParty/Source/queue.o
                0x0000000020000028                xQueueRegistry
 .bss.pxCurrentTCB
                0x0000000020000068        0x4 ./ThirdParty/Source/tasks.o
                0x0000000020000068                pxCurrentTCB
 .bss.pxReadyTasksLists
                0x000000002000006c       0x64 ./ThirdParty/Source/tasks.o
 .bss.xDelayedTaskList1
                0x00000000200000d0       0x14 ./ThirdParty/Source/tasks.o
 .bss.xDelayedTaskList2
                0x00000000200000e4       0x14 ./ThirdParty/Source/tasks.o
 .bss.pxDelayedTaskList
                0x00000000200000f8        0x4 ./ThirdParty/Source/tasks.o
 .bss.pxOverflowDelayedTaskList
                0x00000000200000fc        0x4 ./ThirdParty/Source/tasks.o
 .bss.xPendingReadyList
                0x0000000020000100       0x14 ./ThirdParty/Source/tasks.o
 .bss.xTasksWaitingTermination
                0x0000000020000114       0x14 ./ThirdParty/Source/tasks.o
 .bss.uxDeletedTasksWaitingCleanUp
                0x0000000020000128        0x4 ./ThirdParty/Source/tasks.o
 .bss.xSuspendedTaskList
                0x000000002000012c       0x14 ./ThirdParty/Source/tasks.o
 .bss.uxCurrentNumberOfTasks
                0x0000000020000140        0x4 ./ThirdParty/Source/tasks.o
 .bss.xTickCount
                0x0000000020000144        0x4 ./ThirdParty/Source/tasks.o
 .bss.uxTopReadyPriority
                0x0000000020000148        0x4 ./ThirdParty/Source/tasks.o
 .bss.xSchedulerRunning
                0x000000002000014c        0x4 ./ThirdParty/Source/tasks.o
 .bss.xPendedTicks
                0x0000000020000150        0x4 ./ThirdParty/Source/tasks.o
 .bss.xYieldPending
                0x0000000020000154        0x4 ./ThirdParty/Source/tasks.o
 .bss.xNumOfOverflows
                0x0000000020000158        0x4 ./ThirdParty/Source/tasks.o
 .bss.uxTaskNumber
                0x000000002000015c        0x4 ./ThirdParty/Source/tasks.o
 .bss.xNextTaskUnblockTime
                0x0000000020000160        0x4 ./ThirdParty/Source/tasks.o
 .bss.xIdleTaskHandle
                0x0000000020000164        0x4 ./ThirdParty/Source/tasks.o
 .bss.uxSchedulerSuspended
                0x0000000020000168        0x4 ./ThirdParty/Source/tasks.o
 .bss.xActiveTimerList1
                0x000000002000016c       0x14 ./ThirdParty/Source/timers.o
 .bss.xActiveTimerList2
                0x0000000020000180       0x14 ./ThirdParty/Source/timers.o
 .bss.pxCurrentTimerList
                0x0000000020000194        0x4 ./ThirdParty/Source/timers.o
 .bss.pxOverflowTimerList
                0x0000000020000198        0x4 ./ThirdParty/Source/timers.o
 .bss.xTimerQueue
                0x000000002000019c        0x4 ./ThirdParty/Source/timers.o
 .bss.xTimerTaskHandle
                0x00000000200001a0        0x4 ./ThirdParty/Source/timers.o
 .bss.xLastTime.0
                0x00000000200001a4        0x4 ./ThirdParty/Source/timers.o
 .bss.ucMaxSysCallPriority
                0x00000000200001a8        0x1 ./ThirdParty/Source/portable/GCC/ARM_CM3/port.o
 *fill*         0x00000000200001a9        0x3 
 .bss.ulMaxPRIGROUPValue
                0x00000000200001ac        0x4 ./ThirdParty/Source/portable/GCC/ARM_CM3/port.o
 .bss.ucHeap    0x00000000200001b0     0x1400 ./ThirdParty/Source/portable/MemMang/heap_4.o
 .bss.xStart    0x00000000200015b0        0x8 ./ThirdParty/Source/portable/MemMang/heap_4.o
 .bss.pxEnd     0x00000000200015b8        0x4 ./ThirdParty/Source/portable/MemMang/heap_4.o
 .bss.xFreeBytesRemaining
                0x00000000200015bc        0x4 ./ThirdParty/Source/portable/MemMang/heap_4.o
 .bss.xMinimumEverFreeBytesRemaining
                0x00000000200015c0        0x4 ./ThirdParty/Source/portable/MemMang/heap_4.o
 .bss.xNumberOfSuccessfulAllocations
                0x00000000200015c4        0x4 ./ThirdParty/Source/portable/MemMang/heap_4.o
 .bss.xNumberOfSuccessfulFrees
                0x00000000200015c8        0x4 ./ThirdParty/Source/portable/MemMang/heap_4.o
 *(COMMON)
                0x00000000200015cc                . = ALIGN (0x4)
                0x00000000200015cc                _ebss = .
                0x00000000200015cc                __bss_end__ = _ebss

._user_heap_stack
                0x00000000200015cc      0x604 load address 0x0000000008002910
                0x00000000200015d0                . = ALIGN (0x8)
 *fill*         0x00000000200015cc        0x4 
                [!provide]                        PROVIDE (end = .)
                [!provide]                        PROVIDE (_end = .)
                0x00000000200017d0                . = (. + _Min_Heap_Size)
 *fill*         0x00000000200015d0      0x200 
                0x0000000020001bd0                . = (. + _Min_Stack_Size)
 *fill*         0x00000000200017d0      0x400 
                0x0000000020001bd0                . = ALIGN (0x8)

/DISCARD/
 libc.a(*)
 libm.a(*)
 libgcc.a(*)

.ARM.attributes
                0x0000000000000000       0x29
 *(.ARM.attributes)
 .ARM.attributes
                0x0000000000000000       0x1d d:/embedded system/stm32cubeide_1.12.0/stm32cubeide/plugins/com.st.stm32cube.ide.mcu.externaltools.gnu-tools-for-stm32.10.3-2021.10.win32_1.0.200.202301161003/tools/bin/../lib/gcc/arm-none-eabi/10.3.1/thumb/v7-m/nofp/crti.o
 .ARM.attributes
                0x000000000000001d       0x2d d:/embedded system/stm32cubeide_1.12.0/stm32cubeide/plugins/com.st.stm32cube.ide.mcu.externaltools.gnu-tools-for-stm32.10.3-2021.10.win32_1.0.200.202301161003/tools/bin/../lib/gcc/arm-none-eabi/10.3.1/thumb/v7-m/nofp/crtbegin.o
 .ARM.attributes
                0x000000000000004a       0x2d ./Src/DIO_program.o
 .ARM.attributes
                0x0000000000000077       0x2d ./Src/EXTI_program.o
 .ARM.attributes
                0x00000000000000a4       0x2d ./Src/RCC_program.o
 .ARM.attributes
                0x00000000000000d1       0x2d ./Src/main.o
 .ARM.attributes
                0x00000000000000fe       0x21 ./Startup/startup_stm32f103c8tx.o
 .ARM.attributes
                0x000000000000011f       0x2d ./ThirdParty/Source/list.o
 .ARM.attributes
                0x000000000000014c       0x2d ./ThirdParty/Source/queue.o
 .ARM.attributes
                0x0000000000000179       0x2d ./ThirdParty/Source/tasks.o
 .ARM.attributes
                0x00000000000001a6       0x2d ./ThirdParty/Source/timers.o
 .ARM.attributes
                0x00000000000001d3       0x2d ./ThirdParty/Source/portable/GCC/ARM_CM3/port.o
 .ARM.attributes
                0x0000000000000200       0x2d ./ThirdParty/Source/portable/MemMang/heap_4.o
 .ARM.attributes
                0x000000000000022d       0x2d d:/embedded system/stm32cubeide_1.12.0/stm32cubeide/plugins/com.st.stm32cube.ide.mcu.externaltools.gnu-tools-for-stm32.10.3-2021.10.win32_1.0.200.202301161003/tools/bin/../lib/gcc/arm-none-eabi/10.3.1/../../../../arm-none-eabi/lib/thumb/v7-m/nofp\libc_nano.a(lib_a-init.o)
 .ARM.attributes
                0x000000000000025a       0x2d d:/embedded system/stm32cubeide_1.12.0/stm32cubeide/plugins/com.st.stm32cube.ide.mcu.externaltools.gnu-tools-for-stm32.10.3-2021.10.win32_1.0.200.202301161003/tools/bin/../lib/gcc/arm-none-eabi/10.3.1/../../../../arm-none-eabi/lib/thumb/v7-m/nofp\libc_nano.a(lib_a-memcpy-stub.o)
 .ARM.attributes
                0x0000000000000287       0x2d d:/embedded system/stm32cubeide_1.12.0/stm32cubeide/plugins/com.st.stm32cube.ide.mcu.externaltools.gnu-tools-for-stm32.10.3-2021.10.win32_1.0.200.202301161003/tools/bin/../lib/gcc/arm-none-eabi/10.3.1/../../../../arm-none-eabi/lib/thumb/v7-m/nofp\libc_nano.a(lib_a-memset.o)
 .ARM.attributes
                0x00000000000002b4       0x1d d:/embedded system/stm32cubeide_1.12.0/stm32cubeide/plugins/com.st.stm32cube.ide.mcu.externaltools.gnu-tools-for-stm32.10.3-2021.10.win32_1.0.200.202301161003/tools/bin/../lib/gcc/arm-none-eabi/10.3.1/thumb/v7-m/nofp/crtn.o
OUTPUT(MASTER_NODE.elf elf32-littlearm)
LOAD linker stubs
LOAD d:/embedded system/stm32cubeide_1.12.0/stm32cubeide/plugins/com.st.stm32cube.ide.mcu.externaltools.gnu-tools-for-stm32.10.3-2021.10.win32_1.0.200.202301161003/tools/bin/../lib/gcc/arm-none-eabi/10.3.1/../../../../arm-none-eabi/lib/thumb/v7-m/nofp\libc.a
LOAD d:/embedded system/stm32cubeide_1.12.0/stm32cubeide/plugins/com.st.stm32cube.ide.mcu.externaltools.gnu-tools-for-stm32.10.3-2021.10.win32_1.0.200.202301161003/tools/bin/../lib/gcc/arm-none-eabi/10.3.1/../../../../arm-none-eabi/lib/thumb/v7-m/nofp\libm.a
LOAD d:/embedded system/stm32cubeide_1.12.0/stm32cubeide/plugins/com.st.stm32cube.ide.mcu.externaltools.gnu-tools-for-stm32.10.3-2021.10.win32_1.0.200.202301161003/tools/bin/../lib/gcc/arm-none-eabi/10.3.1/thumb/v7-m/nofp\libgcc.a

.debug_info     0x0000000000000000     0x632c
 .debug_info    0x0000000000000000      0x297 ./Src/DIO_program.o
 .debug_info    0x0000000000000297      0x1eb ./Src/EXTI_program.o
 .debug_info    0x0000000000000482      0x127 ./Src/RCC_program.o
 .debug_info    0x00000000000005a9      0x2ca ./Src/main.o
 .debug_info    0x0000000000000873       0x22 ./Startup/startup_stm32f103c8tx.o
 .debug_info    0x0000000000000895      0x2d1 ./ThirdParty/Source/list.o
 .debug_info    0x0000000000000b66     0x196b ./ThirdParty/Source/queue.o
 .debug_info    0x00000000000024d1     0x25ab ./ThirdParty/Source/tasks.o
 .debug_info    0x0000000000004a7c      0xeaf ./ThirdParty/Source/timers.o
 .debug_info    0x000000000000592b      0x4ab ./ThirdParty/Source/portable/GCC/ARM_CM3/port.o
 .debug_info    0x0000000000005dd6      0x556 ./ThirdParty/Source/portable/MemMang/heap_4.o

.debug_abbrev   0x0000000000000000     0x12b5
 .debug_abbrev  0x0000000000000000       0xee ./Src/DIO_program.o
 .debug_abbrev  0x00000000000000ee      0x109 ./Src/EXTI_program.o
 .debug_abbrev  0x00000000000001f7       0x78 ./Src/RCC_program.o
 .debug_abbrev  0x000000000000026f      0x16d ./Src/main.o
 .debug_abbrev  0x00000000000003dc       0x12 ./Startup/startup_stm32f103c8tx.o
 .debug_abbrev  0x00000000000003ee       0xf2 ./ThirdParty/Source/list.o
 .debug_abbrev  0x00000000000004e0      0x312 ./ThirdParty/Source/queue.o
 .debug_abbrev  0x00000000000007f2      0x36c ./ThirdParty/Source/tasks.o
 .debug_abbrev  0x0000000000000b5e      0x2c5 ./ThirdParty/Source/timers.o
 .debug_abbrev  0x0000000000000e23      0x244 ./ThirdParty/Source/portable/GCC/ARM_CM3/port.o
 .debug_abbrev  0x0000000000001067      0x24e ./ThirdParty/Source/portable/MemMang/heap_4.o

.debug_aranges  0x0000000000000000      0x650
 .debug_aranges
                0x0000000000000000       0x48 ./Src/DIO_program.o
 .debug_aranges
                0x0000000000000048       0x50 ./Src/EXTI_program.o
 .debug_aranges
                0x0000000000000098       0x38 ./Src/RCC_program.o
 .debug_aranges
                0x00000000000000d0       0x30 ./Src/main.o
 .debug_aranges
                0x0000000000000100       0x28 ./Startup/startup_stm32f103c8tx.o
 .debug_aranges
                0x0000000000000128       0x40 ./ThirdParty/Source/list.o
 .debug_aranges
                0x0000000000000168      0x130 ./ThirdParty/Source/queue.o
 .debug_aranges
                0x0000000000000298      0x1f8 ./ThirdParty/Source/tasks.o
 .debug_aranges
                0x0000000000000490       0xe8 ./ThirdParty/Source/timers.o
 .debug_aranges
                0x0000000000000578       0x78 ./ThirdParty/Source/portable/GCC/ARM_CM3/port.o
 .debug_aranges
                0x00000000000005f0       0x60 ./ThirdParty/Source/portable/MemMang/heap_4.o

.debug_ranges   0x0000000000000000      0x5a8
 .debug_ranges  0x0000000000000000       0x38 ./Src/DIO_program.o
 .debug_ranges  0x0000000000000038       0x40 ./Src/EXTI_program.o
 .debug_ranges  0x0000000000000078       0x28 ./Src/RCC_program.o
 .debug_ranges  0x00000000000000a0       0x20 ./Src/main.o
 .debug_ranges  0x00000000000000c0       0x20 ./Startup/startup_stm32f103c8tx.o
 .debug_ranges  0x00000000000000e0       0x30 ./ThirdParty/Source/list.o
 .debug_ranges  0x0000000000000110      0x120 ./ThirdParty/Source/queue.o
 .debug_ranges  0x0000000000000230      0x1e8 ./ThirdParty/Source/tasks.o
 .debug_ranges  0x0000000000000418       0xd8 ./ThirdParty/Source/timers.o
 .debug_ranges  0x00000000000004f0       0x68 ./ThirdParty/Source/portable/GCC/ARM_CM3/port.o
 .debug_ranges  0x0000000000000558       0x50 ./ThirdParty/Source/portable/MemMang/heap_4.o

.debug_macro    0x0000000000000000     0x28bc
 .debug_macro   0x0000000000000000       0x48 ./Src/DIO_program.o
 .debug_macro   0x0000000000000048       0x1c ./Src/DIO_program.o
 .debug_macro   0x0000000000000064       0x47 ./Src/EXTI_program.o
 .debug_macro   0x00000000000000ab       0x7c ./Src/EXTI_program.o
 .debug_macro   0x0000000000000127       0x10 ./Src/EXTI_program.o
 .debug_macro   0x0000000000000137       0x16 ./Src/EXTI_program.o
 .debug_macro   0x000000000000014d       0x3e ./Src/RCC_program.o
 .debug_macro   0x000000000000018b       0x70 ./Src/RCC_program.o
 .debug_macro   0x00000000000001fb       0x22 ./Src/RCC_program.o
 .debug_macro   0x000000000000021d      0x1ff ./Src/main.o
 .debug_macro   0x000000000000041c      0x174 ./Src/main.o
 .debug_macro   0x0000000000000590       0x22 ./Src/main.o
 .debug_macro   0x00000000000005b2       0x8e ./Src/main.o
 .debug_macro   0x0000000000000640       0x51 ./Src/main.o
 .debug_macro   0x0000000000000691      0x103 ./Src/main.o
 .debug_macro   0x0000000000000794       0x6a ./Src/main.o
 .debug_macro   0x00000000000007fe      0x1df ./Src/main.o
 .debug_macro   0x00000000000009dd       0xfa ./Src/main.o
 .debug_macro   0x0000000000000ad7      0x15a ./Src/main.o
 .debug_macro   0x0000000000000c31       0xea ./Src/main.o
 .debug_macro   0x0000000000000d1b       0x28 ./Src/main.o
 .debug_macro   0x0000000000000d43       0x1f ./Src/main.o
 .debug_macro   0x0000000000000d62       0x12 ./Src/main.o
 .debug_macro   0x0000000000000d74      0x52d ./Src/main.o
 .debug_macro   0x00000000000012a1       0xc3 ./Src/main.o
 .debug_macro   0x0000000000001364      0x120 ./Src/main.o
 .debug_macro   0x0000000000001484       0x80 ./Src/main.o
 .debug_macro   0x0000000000001504       0x52 ./Src/main.o
 .debug_macro   0x0000000000001556       0x18 ./Src/main.o
 .debug_macro   0x000000000000156e       0x3c ./Src/main.o
 .debug_macro   0x00000000000015aa       0x34 ./Src/main.o
 .debug_macro   0x00000000000015de       0x16 ./Src/main.o
 .debug_macro   0x00000000000015f4       0x43 ./Src/main.o
 .debug_macro   0x0000000000001637       0x34 ./Src/main.o
 .debug_macro   0x000000000000166b       0x10 ./Src/main.o
 .debug_macro   0x000000000000167b       0x58 ./Src/main.o
 .debug_macro   0x00000000000016d3       0x71 ./Src/main.o
 .debug_macro   0x0000000000001744       0x1c ./Src/main.o
 .debug_macro   0x0000000000001760      0x12a ./Src/main.o
 .debug_macro   0x000000000000188a      0x341 ./Src/main.o
 .debug_macro   0x0000000000001bcb       0x10 ./Src/main.o
 .debug_macro   0x0000000000001bdb       0x35 ./Src/main.o
 .debug_macro   0x0000000000001c10       0x20 ./Src/main.o
 .debug_macro   0x0000000000001c30       0x97 ./Src/main.o
 .debug_macro   0x0000000000001cc7      0x198 ./ThirdParty/Source/list.o
 .debug_macro   0x0000000000001e5f      0x22f ./ThirdParty/Source/queue.o
 .debug_macro   0x000000000000208e       0x16 ./ThirdParty/Source/queue.o
 .debug_macro   0x00000000000020a4      0x27e ./ThirdParty/Source/tasks.o
 .debug_macro   0x0000000000002322       0x17 ./ThirdParty/Source/tasks.o
 .debug_macro   0x0000000000002339      0x1e7 ./ThirdParty/Source/timers.o
 .debug_macro   0x0000000000002520      0x183 ./ThirdParty/Source/portable/GCC/ARM_CM3/port.o
 .debug_macro   0x00000000000026a3      0x219 ./ThirdParty/Source/portable/MemMang/heap_4.o

.debug_line     0x0000000000000000     0x68e3
 .debug_line    0x0000000000000000      0x516 ./Src/DIO_program.o
 .debug_line    0x0000000000000516      0x164 ./Src/EXTI_program.o
 .debug_line    0x000000000000067a      0x144 ./Src/RCC_program.o
 .debug_line    0x00000000000007be      0x765 ./Src/main.o
 .debug_line    0x0000000000000f23       0x84 ./Startup/startup_stm32f103c8tx.o
 .debug_line    0x0000000000000fa7      0x750 ./ThirdParty/Source/list.o
 .debug_line    0x00000000000016f7     0x165c ./ThirdParty/Source/queue.o
 .debug_line    0x0000000000002d53     0x1d85 ./ThirdParty/Source/tasks.o
 .debug_line    0x0000000000004ad8      0xc72 ./ThirdParty/Source/timers.o
 .debug_line    0x000000000000574a      0x7c5 ./ThirdParty/Source/portable/GCC/ARM_CM3/port.o
 .debug_line    0x0000000000005f0f      0x9d4 ./ThirdParty/Source/portable/MemMang/heap_4.o

.debug_str      0x0000000000000000    0x10fbc
 .debug_str     0x0000000000000000     0x36cf ./Src/DIO_program.o
                                       0x3759 (size before relaxing)
 .debug_str     0x00000000000036cf      0x298 ./Src/EXTI_program.o
                                       0x309a (size before relaxing)
 .debug_str     0x0000000000003967      0x355 ./Src/RCC_program.o
                                       0x3672 (size before relaxing)
 .debug_str     0x0000000000003cbc     0x9ee0 ./Src/main.o
                                       0xd6c8 (size before relaxing)
 .debug_str     0x000000000000db9c       0x31 ./Startup/startup_stm32f103c8tx.o
                                         0x5f (size before relaxing)
 .debug_str     0x000000000000dbcd      0x251 ./ThirdParty/Source/list.o
                                       0xac79 (size before relaxing)
 .debug_str     0x000000000000de1e      0xcb6 ./ThirdParty/Source/queue.o
                                       0xd378 (size before relaxing)
 .debug_str     0x000000000000ead4     0x1311 ./ThirdParty/Source/tasks.o
                                       0xdd8a (size before relaxing)
 .debug_str     0x000000000000fde5      0x542 ./ThirdParty/Source/timers.o
                                       0xd4f8 (size before relaxing)
 .debug_str     0x0000000000010327      0x6c0 ./ThirdParty/Source/portable/GCC/ARM_CM3/port.o
                                       0x96d9 (size before relaxing)
 .debug_str     0x00000000000109e7      0x5d5 ./ThirdParty/Source/portable/MemMang/heap_4.o
                                       0xc4a3 (size before relaxing)

.comment        0x0000000000000000       0x50
 .comment       0x0000000000000000       0x50 ./Src/DIO_program.o
                                         0x51 (size before relaxing)
 .comment       0x0000000000000050       0x51 ./Src/EXTI_program.o
 .comment       0x0000000000000050       0x51 ./Src/RCC_program.o
 .comment       0x0000000000000050       0x51 ./Src/main.o
 .comment       0x0000000000000050       0x51 ./ThirdParty/Source/list.o
 .comment       0x0000000000000050       0x51 ./ThirdParty/Source/queue.o
 .comment       0x0000000000000050       0x51 ./ThirdParty/Source/tasks.o
 .comment       0x0000000000000050       0x51 ./ThirdParty/Source/timers.o
 .comment       0x0000000000000050       0x51 ./ThirdParty/Source/portable/GCC/ARM_CM3/port.o
 .comment       0x0000000000000050       0x51 ./ThirdParty/Source/portable/MemMang/heap_4.o

.debug_frame    0x0000000000000000     0x1900
 .debug_frame   0x0000000000000000      0x100 ./Src/DIO_program.o
 .debug_frame   0x0000000000000100      0x114 ./Src/EXTI_program.o
 .debug_frame   0x0000000000000214       0xa8 ./Src/RCC_program.o
 .debug_frame   0x00000000000002bc       0x70 ./Src/main.o
 .debug_frame   0x000000000000032c       0xd8 ./ThirdParty/Source/list.o
 .debug_frame   0x0000000000000404      0x530 ./ThirdParty/Source/queue.o
 .debug_frame   0x0000000000000934      0x8a8 ./ThirdParty/Source/tasks.o
 .debug_frame   0x00000000000011dc      0x3c8 ./ThirdParty/Source/timers.o
 .debug_frame   0x00000000000015a4      0x198 ./ThirdParty/Source/portable/GCC/ARM_CM3/port.o
 .debug_frame   0x000000000000173c      0x150 ./ThirdParty/Source/portable/MemMang/heap_4.o
 .debug_frame   0x000000000000188c       0x2c d:/embedded system/stm32cubeide_1.12.0/stm32cubeide/plugins/com.st.stm32cube.ide.mcu.externaltools.gnu-tools-for-stm32.10.3-2021.10.win32_1.0.200.202301161003/tools/bin/../lib/gcc/arm-none-eabi/10.3.1/../../../../arm-none-eabi/lib/thumb/v7-m/nofp\libc_nano.a(lib_a-init.o)
 .debug_frame   0x00000000000018b8       0x28 d:/embedded system/stm32cubeide_1.12.0/stm32cubeide/plugins/com.st.stm32cube.ide.mcu.externaltools.gnu-tools-for-stm32.10.3-2021.10.win32_1.0.200.202301161003/tools/bin/../lib/gcc/arm-none-eabi/10.3.1/../../../../arm-none-eabi/lib/thumb/v7-m/nofp\libc_nano.a(lib_a-memcpy-stub.o)
 .debug_frame   0x00000000000018e0       0x20 d:/embedded system/stm32cubeide_1.12.0/stm32cubeide/plugins/com.st.stm32cube.ide.mcu.externaltools.gnu-tools-for-stm32.10.3-2021.10.win32_1.0.200.202301161003/tools/bin/../lib/gcc/arm-none-eabi/10.3.1/../../../../arm-none-eabi/lib/thumb/v7-m/nofp\libc_nano.a(lib_a-memset.o)
