Archive member included to satisfy reference by file (symbol)

d:/embedded system/stm32cubeide_1.12.0/stm32cubeide/plugins/com.st.stm32cube.ide.mcu.externaltools.gnu-tools-for-stm32.10.3-2021.10.win32_1.0.200.202301161003/tools/bin/../lib/gcc/arm-none-eabi/10.3.1/../../../../arm-none-eabi/lib/thumb/v7-m/nofp\libc_nano.a(lib_a-errno.o)
                              ./Src/syscalls.o (__errno)
d:/embedded system/stm32cubeide_1.12.0/stm32cubeide/plugins/com.st.stm32cube.ide.mcu.externaltools.gnu-tools-for-stm32.10.3-2021.10.win32_1.0.200.202301161003/tools/bin/../lib/gcc/arm-none-eabi/10.3.1/../../../../arm-none-eabi/lib/thumb/v7-m/nofp\libc_nano.a(lib_a-exit.o)
                              d:/embedded system/stm32cubeide_1.12.0/stm32cubeide/plugins/com.st.stm32cube.ide.mcu.externaltools.gnu-tools-for-stm32.10.3-2021.10.win32_1.0.200.202301161003/tools/bin/../lib/gcc/arm-none-eabi/10.3.1/../../../../arm-none-eabi/lib/thumb/v7-m/nofp/crt0.o (exit)
d:/embedded system/stm32cubeide_1.12.0/stm32cubeide/plugins/com.st.stm32cube.ide.mcu.externaltools.gnu-tools-for-stm32.10.3-2021.10.win32_1.0.200.202301161003/tools/bin/../lib/gcc/arm-none-eabi/10.3.1/../../../../arm-none-eabi/lib/thumb/v7-m/nofp\libc_nano.a(lib_a-impure.o)
                              d:/embedded system/stm32cubeide_1.12.0/stm32cubeide/plugins/com.st.stm32cube.ide.mcu.externaltools.gnu-tools-for-stm32.10.3-2021.10.win32_1.0.200.202301161003/tools/bin/../lib/gcc/arm-none-eabi/10.3.1/../../../../arm-none-eabi/lib/thumb/v7-m/nofp\libc_nano.a(lib_a-exit.o) (_global_impure_ptr)
d:/embedded system/stm32cubeide_1.12.0/stm32cubeide/plugins/com.st.stm32cube.ide.mcu.externaltools.gnu-tools-for-stm32.10.3-2021.10.win32_1.0.200.202301161003/tools/bin/../lib/gcc/arm-none-eabi/10.3.1/../../../../arm-none-eabi/lib/thumb/v7-m/nofp\libc_nano.a(lib_a-init.o)
                              d:/embedded system/stm32cubeide_1.12.0/stm32cubeide/plugins/com.st.stm32cube.ide.mcu.externaltools.gnu-tools-for-stm32.10.3-2021.10.win32_1.0.200.202301161003/tools/bin/../lib/gcc/arm-none-eabi/10.3.1/../../../../arm-none-eabi/lib/thumb/v7-m/nofp/crt0.o (__libc_init_array)
d:/embedded system/stm32cubeide_1.12.0/stm32cubeide/plugins/com.st.stm32cube.ide.mcu.externaltools.gnu-tools-for-stm32.10.3-2021.10.win32_1.0.200.202301161003/tools/bin/../lib/gcc/arm-none-eabi/10.3.1/../../../../arm-none-eabi/lib/thumb/v7-m/nofp\libc_nano.a(lib_a-memcpy-stub.o)
                              ./ThirdParty/Source/queue.o (memcpy)
d:/embedded system/stm32cubeide_1.12.0/stm32cubeide/plugins/com.st.stm32cube.ide.mcu.externaltools.gnu-tools-for-stm32.10.3-2021.10.win32_1.0.200.202301161003/tools/bin/../lib/gcc/arm-none-eabi/10.3.1/../../../../arm-none-eabi/lib/thumb/v7-m/nofp\libc_nano.a(lib_a-memset.o)
                              d:/embedded system/stm32cubeide_1.12.0/stm32cubeide/plugins/com.st.stm32cube.ide.mcu.externaltools.gnu-tools-for-stm32.10.3-2021.10.win32_1.0.200.202301161003/tools/bin/../lib/gcc/arm-none-eabi/10.3.1/../../../../arm-none-eabi/lib/thumb/v7-m/nofp/crt0.o (memset)
d:/embedded system/stm32cubeide_1.12.0/stm32cubeide/plugins/com.st.stm32cube.ide.mcu.externaltools.gnu-tools-for-stm32.10.3-2021.10.win32_1.0.200.202301161003/tools/bin/../lib/gcc/arm-none-eabi/10.3.1/thumb/v7-m/nofp\libgcc.a(_arm_muldf3.o)
                              ./Src/LDR_program.o (__aeabi_dmul)
d:/embedded system/stm32cubeide_1.12.0/stm32cubeide/plugins/com.st.stm32cube.ide.mcu.externaltools.gnu-tools-for-stm32.10.3-2021.10.win32_1.0.200.202301161003/tools/bin/../lib/gcc/arm-none-eabi/10.3.1/thumb/v7-m/nofp\libgcc.a(_arm_addsubdf3.o)
                              ./Src/LDR_program.o (__aeabi_f2d)
d:/embedded system/stm32cubeide_1.12.0/stm32cubeide/plugins/com.st.stm32cube.ide.mcu.externaltools.gnu-tools-for-stm32.10.3-2021.10.win32_1.0.200.202301161003/tools/bin/../lib/gcc/arm-none-eabi/10.3.1/thumb/v7-m/nofp\libgcc.a(_arm_truncdfsf2.o)
                              ./Src/LDR_program.o (__aeabi_d2f)
d:/embedded system/stm32cubeide_1.12.0/stm32cubeide/plugins/com.st.stm32cube.ide.mcu.externaltools.gnu-tools-for-stm32.10.3-2021.10.win32_1.0.200.202301161003/tools/bin/../lib/gcc/arm-none-eabi/10.3.1/thumb/v7-m/nofp\libgcc.a(_arm_addsubsf3.o)
                              ./Src/LDR_program.o (__aeabi_fadd)
d:/embedded system/stm32cubeide_1.12.0/stm32cubeide/plugins/com.st.stm32cube.ide.mcu.externaltools.gnu-tools-for-stm32.10.3-2021.10.win32_1.0.200.202301161003/tools/bin/../lib/gcc/arm-none-eabi/10.3.1/thumb/v7-m/nofp\libgcc.a(_arm_muldivsf3.o)
                              ./Src/LDR_program.o (__aeabi_fdiv)

Discarded input sections

 .text          0x0000000000000000        0x0 d:/embedded system/stm32cubeide_1.12.0/stm32cubeide/plugins/com.st.stm32cube.ide.mcu.externaltools.gnu-tools-for-stm32.10.3-2021.10.win32_1.0.200.202301161003/tools/bin/../lib/gcc/arm-none-eabi/10.3.1/thumb/v7-m/nofp/crti.o
[...]
Memory Configuration

Name             Origin             Length             Attributes
RAM              0x0000000020000000 0x0000000000005000 xrw
FLASH            0x0000000008000000 0x0000000000010000 xr
*default*        0x0000000000000000 0xffffffffffffffff

Linker script and memory map

LOAD d:/embedded system/stm32cubeide_1.12.0/stm32cubeide/plugins/com.st.stm32cube.ide.mcu.externaltools.gnu-tools-for-stm32.10.3-2021.10.win32_1.0.200.202301161003/tools/bin/../lib/gcc/arm-none-eabi/10.3.1/thumb/v7-m/nofp/crti.o
LOAD d:/embedded system/stm32cubeide_1.12.0/stm32cubeide/plugins/com.st.stm32cube.ide.mcu.externaltools.gnu-tools-for-stm32.10.3-2021.10.win32_1.0.200.202301161003/tools/bin/../lib/gcc/arm-none-eabi/10.3.1/thumb/v7-m/nofp/crtbegin.o
LOAD d:/embedded system/stm32cubeide_1.12.0/stm32cubeide/plugins/com.st.stm32cube.ide.mcu.externaltools.gnu-tools-for-stm32.10.3-2021.10.win32_1.0.200.202301161003/tools/bin/../lib/gcc/arm-none-eabi/10.3.1/../../../../arm-none-eabi/lib/thumb/v7-m/nofp/crt0.o
LOAD ./Src/ADC_program.o
LOAD ./Src/AFIO_program.o
LOAD ./Src/CAN_program.o
LOAD ./Src/DIO_program.o
LOAD ./Src/HULTRA_program.o
LOAD ./Src/IR_Program.o
LOAD ./Src/LDR_program.o
LOAD ./Src/NVIC_program.o
LOAD ./Src/RCC_program.o
LOAD ./Src/SYSTICK_program.o
LOAD ./Src/TIMER2_program.o
LOAD ./Src/TIMER3_program.o
LOAD ./Src/main.o
LOAD ./Src/syscalls.o
LOAD ./Src/sysmem.o
LOAD ./Startup/startup_stm32f103c8tx.o
LOAD ./ThirdParty/Source/croutine.o
LOAD ./ThirdParty/Source/event_groups.o
LOAD ./ThirdParty/Source/list.o
LOAD ./ThirdParty/Source/queue.o
LOAD ./ThirdParty/Source/stream_buffer.o
LOAD ./ThirdParty/Source/tasks.o
LOAD ./ThirdParty/Source/timers.o
LOAD ./ThirdParty/Source/portable/GCC/ARM_CM3/port.o
LOAD ./ThirdParty/Source/portable/GCC/MemMang/heap_4.o
START GROUP
LOAD d:/embedded system/stm32cubeide_1.12.0/stm32cubeide/plugins/com.st.stm32cube.ide.mcu.externaltools.gnu-tools-for-stm32.10.3-2021.10.win32_1.0.200.202301161003/tools/bin/../lib/gcc/arm-none-eabi/10.3.1/../../../../arm-none-eabi/lib/thumb/v7-m/nofp\libc_nano.a
LOAD d:/embedded system/stm32cubeide_1.12.0/stm32cubeide/plugins/com.st.stm32cube.ide.mcu.externaltools.gnu-tools-for-stm32.10.3-2021.10.win32_1.0.200.202301161003/tools/bin/../lib/gcc/arm-none-eabi/10.3.1/../../../../arm-none-eabi/lib/thumb/v7-m/nofp\libm.a
END GROUP
START GROUP
LOAD d:/embedded system/stm32cubeide_1.12.0/stm32cubeide/plugins/com.st.stm32cube.ide.mcu.externaltools.gnu-tools-for-stm32.10.3-2021.10.win32_1.0.200.202301161003/tools/bin/../lib/gcc/arm-none-eabi/10.3.1/thumb/v7-m/nofp\libgcc.a
LOAD d:/embedded system/stm32cubeide_1.12.0/stm32cubeide/plugins/com.st.stm32cube.ide.mcu.externaltools.gnu-tools-for-stm32.10.3-2021.10.win32_1.0.200.202301161003/tools/bin/../lib/gcc/arm-none-eabi/10.3.1/../../../../arm-none-eabi/lib/thumb/v7-m/nofp\libc_nano.a
END GROUP
START GROUP
LOAD d:/embedded system/stm32cubeide_1.12.0/stm32cubeide/plugins/com.st.stm32cube.ide.mcu.externaltools.gnu-tools-for-stm32.10.3-2021.10.win32_1.0.200.202301161003/tools/bin/../lib/gcc/arm-none-eabi/10.3.1/thumb/v7-m/nofp\libgcc.a
LOAD d:/embedded system/stm32cubeide_1.12.0/stm32cubeide/plugins/com.st.stm32cube.ide.mcu.externaltools.gnu-tools-for-stm32.10.3-2021.10.win32_1.0.200.202301161003/tools/bin/../lib/gcc/arm-none-eabi/10.3.1/../../../../arm-none-eabi/lib/thumb/v7-m/nofp\libc_nano.a
LOAD d:/embedded system/stm32cubeide_1.12.0/stm32cubeide/plugins/com.st.stm32cube.ide.mcu.externaltools.gnu-tools-for-stm32.10.3-2021.10.win32_1.0.200.202301161003/tools/bin/../lib/gcc/arm-none-eabi/10.3.1/../../../../arm-none-eabi/lib/thumb/v7-m/nofp\libnosys.a
END GROUP
START GROUP
LOAD d:/embedded system/stm32cubeide_1.12.0/stm32cubeide/plugins/com.st.stm32cube.ide.mcu.externaltools.gnu-tools-for-stm32.10.3-2021.10.win32_1.0.200.202301161003/tools/bin/../lib/gcc/arm-none-eabi/10.3.1/thumb/v7-m/nofp\libgcc.a
LOAD d:/embedded system/stm32cubeide_1.12.0/stm32cubeide/plugins/com.st.stm32cube.ide.mcu.externaltools.gnu-tools-for-stm32.10.3-2021.10.win32_1.0.200.202301161003/tools/bin/../lib/gcc/arm-none-eabi/10.3.1/../../../../arm-none-eabi/lib/thumb/v7-m/nofp\libc_nano.a
LOAD d:/embedded system/stm32cubeide_1.12.0/stm32cubeide/plugins/com.st.stm32cube.ide.mcu.externaltools.gnu-tools-for-stm32.10.3-2021.10.win32_1.0.200.202301161003/tools/bin/../lib/gcc/arm-none-eabi/10.3.1/../../../../arm-none-eabi/lib/thumb/v7-m/nofp\libnosys.a
END GROUP
LOAD d:/embedded system/stm32cubeide_1.12.0/stm32cubeide/plugins/com.st.stm32cube.ide.mcu.externaltools.gnu-tools-for-stm32.10.3-2021.10.win32_1.0.200.202301161003/tools/bin/../lib/gcc/arm-none-eabi/10.3.1/thumb/v7-m/nofp/crtend.o
LOAD d:/embedded system/stm32cubeide_1.12.0/stm32cubeide/plugins/com.st.stm32cube.ide.mcu.externaltools.gnu-tools-for-stm32.10.3-2021.10.win32_1.0.200.202301161003/tools/bin/../lib/gcc/arm-none-eabi/10.3.1/thumb/v7-m/nofp/crtn.o
                0x0000000020005000                _estack = (ORIGIN (RAM) + LENGTH (RAM))
                0x0000000000000200                _Min_Heap_Size = 0x200
                0x0000000000000400                _Min_Stack_Size = 0x400

.isr_vector     0x0000000008000000      0x130
                0x0000000008000000                . = ALIGN (0x4)
 *(.isr_vector)
 .isr_vector    0x0000000008000000      0x130 ./Startup/startup_stm32f103c8tx.o
                0x0000000008000000                g_pfnVectors
                0x0000000008000130                . = ALIGN (0x4)

.text           0x0000000008000130     0x3430
                0x0000000008000130                . = ALIGN (0x4)
 *(.text)
 .text          0x0000000008000130       0x40 d:/embedded system/stm32cubeide_1.12.0/stm32cubeide/plugins/com.st.stm32cube.ide.mcu.externaltools.gnu-tools-for-stm32.10.3-2021.10.win32_1.0.200.202301161003/tools/bin/../lib/gcc/arm-none-eabi/10.3.1/thumb/v7-m/nofp/crtbegin.o
 *(.text*)
 .text.CAN_voidInit
                0x0000000008000170       0xc4 ./Src/CAN_program.o
                0x0000000008000170                CAN_voidInit
 .text.CAN_voidAddTxMsg
                0x0000000008000234      0x154 ./Src/CAN_program.o
                0x0000000008000234                CAN_voidAddTxMsg
 .text.CAN_voidStart
                0x0000000008000388       0x2c ./Src/CAN_program.o
                0x0000000008000388                CAN_voidStart
 .text.MGPIO_VidSetPinDirection
                0x00000000080003b4      0x1a4 ./Src/DIO_program.o
                0x00000000080003b4                MGPIO_VidSetPinDirection
 .text.MGPIO_VidTogglePin
                0x0000000008000558       0x7c ./Src/DIO_program.o
                0x0000000008000558                MGPIO_VidTogglePin
 .text.MRCC_VidInit
                0x00000000080005d4       0x68 ./Src/RCC_program.o
                0x00000000080005d4                MRCC_VidInit
 .text.MRCC_VidEnablePeripheralClock
                0x000000000800063c       0x84 ./Src/RCC_program.o
                0x000000000800063c                MRCC_VidEnablePeripheralClock
 .text.MTIMER2_init
                0x00000000080006c0       0x4c ./Src/TIMER2_program.o
                0x00000000080006c0                MTIMER2_init
 .text.MTIMER3_init
                0x000000000800070c       0x90 ./Src/TIMER3_program.o
                0x000000000800070c                MTIMER3_init
 .text.main     0x000000000800079c       0x74 ./Src/main.o
                0x000000000800079c                main
 .text.SystemInit
                0x0000000008000810       0x48 ./Src/main.o
                0x0000000008000810                SystemInit
 .text.SensorReadTask
                0x0000000008000858       0x4c ./Src/main.o
                0x0000000008000858                SensorReadTask
 .text.CANSendTask
                0x00000000080008a4       0x8c ./Src/main.o
                0x00000000080008a4                CANSendTask
 .text.Reset_Handler
                0x0000000008000930       0x50 ./Startup/startup_stm32f103c8tx.o
                0x0000000008000930                Reset_Handler
 .text.Default_Handler
                0x0000000008000980        0x2 ./Startup/startup_stm32f103c8tx.o
                0x0000000008000980                EXTI2_IRQHandler
                0x0000000008000980                TIM8_TRG_COM_IRQHandler
                0x0000000008000980                TIM8_CC_IRQHandler
                0x0000000008000980                DebugMon_Handler
                0x0000000008000980                TIM1_CC_IRQHandler
                0x0000000008000980                HardFault_Handler
                0x0000000008000980                TIM6_IRQHandler
                0x0000000008000980                PVD_IRQHandler
                0x0000000008000980                SDIO_IRQHandler
                0x0000000008000980                NMI_Handler
                0x0000000008000980                EXTI3_IRQHandler
                0x0000000008000980                USB_HP_CAN_TX_IRQHandler
                0x0000000008000980                EXTI0_IRQHandler
                0x0000000008000980                I2C2_EV_IRQHandler
                0x0000000008000980                UsageFault_Handler
                0x0000000008000980                ADC1_2_IRQHandler
                0x0000000008000980                SPI1_IRQHandler
                0x0000000008000980                CAN_SCE_IRQHandler
                0x0000000008000980                TAMPER_IRQHandler
                0x0000000008000980                TIM8_UP_IRQHandler
                0x0000000008000980                DMA2_Channel2_IRQHandler
                0x0000000008000980                DMA1_Channel4_IRQHandler
                0x0000000008000980                USART3_IRQHandler
                0x0000000008000980                RTC_IRQHandler
                0x0000000008000980                DMA1_Channel7_IRQHandler
                0x0000000008000980                UART5_IRQHandler
                0x0000000008000980                ADC3_IRQHandler
                0x0000000008000980                TIM4_IRQHandler
                0x0000000008000980                CAN_RX1_IRQHandler
                0x0000000008000980                DMA2_Channel1_IRQHandler
                0x0000000008000980                I2C1_EV_IRQHandler
                0x0000000008000980                DMA1_Channel6_IRQHandler
                0x0000000008000980                UART4_IRQHandler
                0x0000000008000980                TIM3_IRQHandler
                0x0000000008000980                RCC_IRQHandler
                0x0000000008000980                TIM1_TRG_COM_IRQHandler
                0x0000000008000980                DMA1_Channel1_IRQHandler
                0x0000000008000980                Default_Handler
                0x0000000008000980                EXTI15_10_IRQHandler
                0x0000000008000980                TIM7_IRQHandler
                0x0000000008000980                TIM5_IRQHandler
                0x0000000008000980                EXTI9_5_IRQHandler
                0x0000000008000980                SPI2_IRQHandler
                0x0000000008000980                USB_LP_CAN_RX0_IRQHandler
                0x0000000008000980                MemManage_Handler
                0x0000000008000980                DMA1_Channel5_IRQHandler
                0x0000000008000980                EXTI4_IRQHandler
                0x0000000008000980                DMA1_Channel3_IRQHandler
                0x0000000008000980                FSMC_IRQHandler
                0x0000000008000980                TIM1_UP_IRQHandler
                0x0000000008000980                WWDG_IRQHandler
                0x0000000008000980                TIM2_IRQHandler
                0x0000000008000980                TIM1_BRK_IRQHandler
                0x0000000008000980                EXTI1_IRQHandler
                0x0000000008000980                RTCAlarm_IRQHandler
                0x0000000008000980                DMA2_Channel4_5_IRQHandler
                0x0000000008000980                USART2_IRQHandler
                0x0000000008000980                I2C2_ER_IRQHandler
                0x0000000008000980                DMA1_Channel2_IRQHandler
                0x0000000008000980                TIM8_BRK_IRQHandler
                0x0000000008000980                FLASH_IRQHandler
                0x0000000008000980                BusFault_Handler
                0x0000000008000980                USART1_IRQHandler
                0x0000000008000980                SPI3_IRQHandler
                0x0000000008000980                I2C1_ER_IRQHandler
                0x0000000008000980                DMA2_Channel3_IRQHandler
 .text.vListInitialise
                0x0000000008000982       0x3e ./ThirdParty/Source/list.o
                0x0000000008000982                vListInitialise
 .text.vListInitialiseItem
                0x00000000080009c0       0x18 ./ThirdParty/Source/list.o
                0x00000000080009c0                vListInitialiseItem
 .text.vListInsert
                0x00000000080009d8       0x70 ./ThirdParty/Source/list.o
                0x00000000080009d8                vListInsert
 .text.uxListRemove
                0x0000000008000a48       0x52 ./ThirdParty/Source/list.o
                0x0000000008000a48                uxListRemove
 *fill*         0x0000000008000a9a        0x2 
 .text.xQueueGenericReset
                0x0000000008000a9c      0x120 ./ThirdParty/Source/queue.o
                0x0000000008000a9c                xQueueGenericReset
 .text.xQueueGenericCreate
                0x0000000008000bbc       0x9c ./ThirdParty/Source/queue.o
                0x0000000008000bbc                xQueueGenericCreate
 .text.prvInitialiseNewQueue
                0x0000000008000c58       0x46 ./ThirdParty/Source/queue.o
 *fill*         0x0000000008000c9e        0x2 
 .text.xQueueGenericSend
                0x0000000008000ca0      0x1fc ./ThirdParty/Source/queue.o
                0x0000000008000ca0                xQueueGenericSend
 .text.xQueueReceive
                0x0000000008000e9c      0x1c0 ./ThirdParty/Source/queue.o
                0x0000000008000e9c                xQueueReceive
 .text.xQueueSemaphoreTake
                0x000000000800105c      0x1fc ./ThirdParty/Source/queue.o
                0x000000000800105c                xQueueSemaphoreTake
 .text.prvGetDisinheritPriorityAfterTimeout
                0x0000000008001258       0x2e ./ThirdParty/Source/queue.o
 .text.prvCopyDataToQueue
                0x0000000008001286       0xd4 ./ThirdParty/Source/queue.o
 .text.prvCopyDataFromQueue
                0x000000000800135a       0x4c ./ThirdParty/Source/queue.o
 .text.prvUnlockQueue
                0x00000000080013a6       0xa4 ./ThirdParty/Source/queue.o
 .text.prvIsQueueEmpty
                0x000000000800144a       0x2c ./ThirdParty/Source/queue.o
 .text.prvIsQueueFull
                0x0000000008001476       0x30 ./ThirdParty/Source/queue.o
 *fill*         0x00000000080014a6        0x2 
 .text.vQueueAddToRegistry
                0x00000000080014a8       0x9c ./ThirdParty/Source/queue.o
                0x00000000080014a8                vQueueAddToRegistry
 .text.vQueueWaitForMessageRestricted
                0x0000000008001544       0x68 ./ThirdParty/Source/queue.o
                0x0000000008001544                vQueueWaitForMessageRestricted
 .text.xTaskCreate
                0x00000000080015ac       0x8c ./ThirdParty/Source/tasks.o
                0x00000000080015ac                xTaskCreate
 .text.prvInitialiseNewTask
                0x0000000008001638      0x11c ./ThirdParty/Source/tasks.o
 .text.prvAddNewTaskToReadyList
                0x0000000008001754      0x12c ./ThirdParty/Source/tasks.o
 .text.vTaskDelay
                0x0000000008001880       0x68 ./ThirdParty/Source/tasks.o
                0x0000000008001880                vTaskDelay
 .text.vTaskStartScheduler
                0x00000000080018e8       0xa4 ./ThirdParty/Source/tasks.o
                0x00000000080018e8                vTaskStartScheduler
 .text.vTaskSuspendAll
                0x000000000800198c       0x1c ./ThirdParty/Source/tasks.o
                0x000000000800198c                vTaskSuspendAll
 .text.xTaskResumeAll
                0x00000000080019a8      0x1f8 ./ThirdParty/Source/tasks.o
                0x00000000080019a8                xTaskResumeAll
 .text.xTaskGetTickCount
                0x0000000008001ba0       0x1c ./ThirdParty/Source/tasks.o
                0x0000000008001ba0                xTaskGetTickCount
 .text.xTaskIncrementTick
                0x0000000008001bbc      0x22c ./ThirdParty/Source/tasks.o
                0x0000000008001bbc                xTaskIncrementTick
 .text.vTaskSwitchContext
                0x0000000008001de8       0xb4 ./ThirdParty/Source/tasks.o
                0x0000000008001de8                vTaskSwitchContext
 .text.vTaskPlaceOnEventList
                0x0000000008001e9c       0x48 ./ThirdParty/Source/tasks.o
                0x0000000008001e9c                vTaskPlaceOnEventList
 .text.vTaskPlaceOnEventListRestricted
                0x0000000008001ee4       0x8c ./ThirdParty/Source/tasks.o
                0x0000000008001ee4                vTaskPlaceOnEventListRestricted
 .text.xTaskRemoveFromEventList
                0x0000000008001f70      0x1ac ./ThirdParty/Source/tasks.o
                0x0000000008001f70                xTaskRemoveFromEventList
 .text.vTaskInternalSetTimeOutState
                0x000000000800211c       0x2c ./ThirdParty/Source/tasks.o
                0x000000000800211c                vTaskInternalSetTimeOutState
 .text.xTaskCheckForTimeOut
                0x0000000008002148       0xcc ./ThirdParty/Source/tasks.o
                0x0000000008002148                xTaskCheckForTimeOut
 .text.vTaskMissedYield
                0x0000000008002214       0x18 ./ThirdParty/Source/tasks.o
                0x0000000008002214                vTaskMissedYield
 .text.prvIdleTask
                0x000000000800222c       0x30 ./ThirdParty/Source/tasks.o
 .text.prvInitialiseTaskLists
                0x000000000800225c       0x80 ./ThirdParty/Source/tasks.o
 .text.prvCheckTasksWaitingTermination
                0x00000000080022dc       0x5c ./ThirdParty/Source/tasks.o
 .text.prvDeleteTCB
                0x0000000008002338       0x20 ./ThirdParty/Source/tasks.o
 .text.prvResetNextTaskUnblockTime
                0x0000000008002358       0x34 ./ThirdParty/Source/tasks.o
 .text.xTaskGetSchedulerState
                0x000000000800238c       0x3c ./ThirdParty/Source/tasks.o
                0x000000000800238c                xTaskGetSchedulerState
 .text.xTaskPriorityInherit
                0x00000000080023c8      0x13c ./ThirdParty/Source/tasks.o
                0x00000000080023c8                xTaskPriorityInherit
 .text.xTaskPriorityDisinherit
                0x0000000008002504      0x148 ./ThirdParty/Source/tasks.o
                0x0000000008002504                xTaskPriorityDisinherit
 .text.vTaskPriorityDisinheritAfterTimeout
                0x000000000800264c      0x170 ./ThirdParty/Source/tasks.o
                0x000000000800264c                vTaskPriorityDisinheritAfterTimeout
 .text.pvTaskIncrementMutexHeldCount
                0x00000000080027bc       0x28 ./ThirdParty/Source/tasks.o
                0x00000000080027bc                pvTaskIncrementMutexHeldCount
 .text.prvAddCurrentTaskToDelayedList
                0x00000000080027e4      0x100 ./ThirdParty/Source/tasks.o
 .text.xTimerCreateTimerTask
                0x00000000080028e4       0x64 ./ThirdParty/Source/timers.o
                0x00000000080028e4                xTimerCreateTimerTask
 .text.prvReloadTimer
                0x0000000008002948       0x42 ./ThirdParty/Source/timers.o
 *fill*         0x000000000800298a        0x2 
 .text.prvProcessExpiredTimer
                0x000000000800298c       0x60 ./ThirdParty/Source/timers.o
 .text.prvTimerTask
                0x00000000080029ec       0x24 ./ThirdParty/Source/timers.o
 .text.prvProcessTimerOrBlockTask
                0x0000000008002a10       0x9c ./ThirdParty/Source/timers.o
 .text.prvGetNextExpireTime
                0x0000000008002aac       0x44 ./ThirdParty/Source/timers.o
 .text.prvSampleTimeNow
                0x0000000008002af0       0x40 ./ThirdParty/Source/timers.o
 .text.prvInsertTimerInActiveList
                0x0000000008002b30       0x84 ./ThirdParty/Source/timers.o
 .text.prvProcessReceivedCommands
                0x0000000008002bb4      0x17c ./ThirdParty/Source/timers.o
 .text.prvSwitchTimerLists
                0x0000000008002d30       0x4c ./ThirdParty/Source/timers.o
 .text.prvCheckForValidListAndQueue
                0x0000000008002d7c       0x6c ./ThirdParty/Source/timers.o
 .text.pxPortInitialiseStack
                0x0000000008002de8       0x58 ./ThirdParty/Source/portable/GCC/ARM_CM3/port.o
                0x0000000008002de8                pxPortInitialiseStack
 .text.prvTaskExitError
                0x0000000008002e40       0x58 ./ThirdParty/Source/portable/GCC/ARM_CM3/port.o
 *fill*         0x0000000008002e98        0x8 
 .text.SVC_Handler
                0x0000000008002ea0       0x28 ./ThirdParty/Source/portable/GCC/ARM_CM3/port.o
                0x0000000008002ea0                SVC_Handler
 .text.prvPortStartFirstTask
                0x0000000008002ec8       0x24 ./ThirdParty/Source/portable/GCC/ARM_CM3/port.o
 .text.xPortStartScheduler
                0x0000000008002eec       0xe4 ./ThirdParty/Source/portable/GCC/ARM_CM3/port.o
                0x0000000008002eec                xPortStartScheduler
 .text.vPortEnterCritical
                0x0000000008002fd0       0x60 ./ThirdParty/Source/portable/GCC/ARM_CM3/port.o
                0x0000000008002fd0                vPortEnterCritical
 .text.vPortExitCritical
                0x0000000008003030       0x50 ./ThirdParty/Source/portable/GCC/ARM_CM3/port.o
                0x0000000008003030                vPortExitCritical
 .text.PendSV_Handler
                0x0000000008003080       0x48 ./ThirdParty/Source/portable/GCC/ARM_CM3/port.o
                0x0000000008003080                PendSV_Handler
 .text.SysTick_Handler
                0x00000000080030c8       0x44 ./ThirdParty/Source/portable/GCC/ARM_CM3/port.o
                0x00000000080030c8                SysTick_Handler
 .text.vPortSetupTimerInterrupt
                0x000000000800310c       0x34 ./ThirdParty/Source/portable/GCC/ARM_CM3/port.o
                0x000000000800310c                vPortSetupTimerInterrupt
 .text.pvPortMalloc
                0x0000000008003140      0x174 ./ThirdParty/Source/portable/GCC/MemMang/heap_4.o
                0x0000000008003140                pvPortMalloc
 .text.vPortFree
                0x00000000080032b4       0xb8 ./ThirdParty/Source/portable/GCC/MemMang/heap_4.o
                0x00000000080032b4                vPortFree
 .text.prvHeapInit
                0x000000000800336c       0xb8 ./ThirdParty/Source/portable/GCC/MemMang/heap_4.o
 .text.prvInsertBlockIntoFreeList
                0x0000000008003424       0xb0 ./ThirdParty/Source/portable/GCC/MemMang/heap_4.o
 .text.__libc_init_array
                0x00000000080034d4       0x48 d:/embedded system/stm32cubeide_1.12.0/stm32cubeide/plugins/com.st.stm32cube.ide.mcu.externaltools.gnu-tools-for-stm32.10.3-2021.10.win32_1.0.200.202301161003/tools/bin/../lib/gcc/arm-none-eabi/10.3.1/../../../../arm-none-eabi/lib/thumb/v7-m/nofp\libc_nano.a(lib_a-init.o)
                0x00000000080034d4                __libc_init_array
 .text.memcpy   0x000000000800351c       0x1c d:/embedded system/stm32cubeide_1.12.0/stm32cubeide/plugins/com.st.stm32cube.ide.mcu.externaltools.gnu-tools-for-stm32.10.3-2021.10.win32_1.0.200.202301161003/tools/bin/../lib/gcc/arm-none-eabi/10.3.1/../../../../arm-none-eabi/lib/thumb/v7-m/nofp\libc_nano.a(lib_a-memcpy-stub.o)
                0x000000000800351c                memcpy
 .text.memset   0x0000000008003538       0x10 d:/embedded system/stm32cubeide_1.12.0/stm32cubeide/plugins/com.st.stm32cube.ide.mcu.externaltools.gnu-tools-for-stm32.10.3-2021.10.win32_1.0.200.202301161003/tools/bin/../lib/gcc/arm-none-eabi/10.3.1/../../../../arm-none-eabi/lib/thumb/v7-m/nofp\libc_nano.a(lib_a-memset.o)
                0x0000000008003538                memset
 *(.glue_7)
 .glue_7        0x0000000008003548        0x0 linker stubs
 *(.glue_7t)
 .glue_7t       0x0000000008003548        0x0 linker stubs
 *(.eh_frame)
 .eh_frame      0x0000000008003548        0x0 d:/embedded system/stm32cubeide_1.12.0/stm32cubeide/plugins/com.st.stm32cube.ide.mcu.externaltools.gnu-tools-for-stm32.10.3-2021.10.win32_1.0.200.202301161003/tools/bin/../lib/gcc/arm-none-eabi/10.3.1/thumb/v7-m/nofp/crtbegin.o
 *(.init)
 .init          0x0000000008003548        0x4 d:/embedded system/stm32cubeide_1.12.0/stm32cubeide/plugins/com.st.stm32cube.ide.mcu.externaltools.gnu-tools-for-stm32.10.3-2021.10.win32_1.0.200.202301161003/tools/bin/../lib/gcc/arm-none-eabi/10.3.1/thumb/v7-m/nofp/crti.o
                0x0000000008003548                _init
 .init          0x000000000800354c        0x8 d:/embedded system/stm32cubeide_1.12.0/stm32cubeide/plugins/com.st.stm32cube.ide.mcu.externaltools.gnu-tools-for-stm32.10.3-2021.10.win32_1.0.200.202301161003/tools/bin/../lib/gcc/arm-none-eabi/10.3.1/thumb/v7-m/nofp/crtn.o
 *(.fini)
 .fini          0x0000000008003554        0x4 d:/embedded system/stm32cubeide_1.12.0/stm32cubeide/plugins/com.st.stm32cube.ide.mcu.externaltools.gnu-tools-for-stm32.10.3-2021.10.win32_1.0.200.202301161003/tools/bin/../lib/gcc/arm-none-eabi/10.3.1/thumb/v7-m/nofp/crti.o
                0x0000000008003554                _fini
 .fini          0x0000000008003558        0x8 d:/embedded system/stm32cubeide_1.12.0/stm32cubeide/plugins/com.st.stm32cube.ide.mcu.externaltools.gnu-tools-for-stm32.10.3-2021.10.win32_1.0.200.202301161003/tools/bin/../lib/gcc/arm-none-eabi/10.3.1/thumb/v7-m/nofp/crtn.o
                0x0000000008003560                . = ALIGN (0x4)
                0x0000000008003560                _etext = .

.vfp11_veneer   0x0000000008003560        0x0
 .vfp11_veneer  0x0000000008003560        0x0 linker stubs

.v4_bx          0x0000000008003560        0x0
 .v4_bx         0x0000000008003560        0x0 linker stubs

.iplt           0x0000000008003560        0x0
 .iplt          0x0000000008003560        0x0 d:/embedded system/stm32cubeide_1.12.0/stm32cubeide/plugins/com.st.stm32cube.ide.mcu.externaltools.gnu-tools-for-stm32.10.3-2021.10.win32_1.0.200.202301161003/tools/bin/../lib/gcc/arm-none-eabi/10.3.1/thumb/v7-m/nofp/crtbegin.o

.rodata         0x0000000008003560       0x2c
                0x0000000008003560                . = ALIGN (0x4)
 *(.rodata)
 .rodata        0x0000000008003560       0x14 ./Src/main.o
 .rodata        0x0000000008003574        0x5 ./ThirdParty/Source/tasks.o
 *fill*         0x0000000008003579        0x3 
 .rodata        0x000000000800357c        0xd ./ThirdParty/Source/timers.o
 *(.rodata*)
                0x000000000800358c                . = ALIGN (0x4)
 *fill*         0x0000000008003589        0x3 

.rel.dyn        0x000000000800358c        0x0
 .rel.iplt      0x000000000800358c        0x0 d:/embedded system/stm32cubeide_1.12.0/stm32cubeide/plugins/com.st.stm32cube.ide.mcu.externaltools.gnu-tools-for-stm32.10.3-2021.10.win32_1.0.200.202301161003/tools/bin/../lib/gcc/arm-none-eabi/10.3.1/thumb/v7-m/nofp/crtbegin.o

.ARM.extab      0x000000000800358c        0x0
                0x000000000800358c                . = ALIGN (0x4)
 *(.ARM.extab* .gnu.linkonce.armextab.*)
                0x000000000800358c                . = ALIGN (0x4)

.ARM            0x000000000800358c        0x0
                0x000000000800358c                . = ALIGN (0x4)
                0x000000000800358c                __exidx_start = .
 *(.ARM.exidx*)
                0x000000000800358c                __exidx_end = .
                0x000000000800358c                . = ALIGN (0x4)

.preinit_array  0x000000000800358c        0x0
                0x000000000800358c                . = ALIGN (0x4)
                0x000000000800358c                PROVIDE (__preinit_array_start = .)
 *(.preinit_array*)
                0x000000000800358c                PROVIDE (__preinit_array_end = .)
                0x000000000800358c                . = ALIGN (0x4)

.init_array     0x000000000800358c        0x4
                0x000000000800358c                . = ALIGN (0x4)
                0x000000000800358c                PROVIDE (__init_array_start = .)
 *(SORT_BY_NAME(.init_array.*))
 *(.init_array*)
 .init_array    0x000000000800358c        0x4 d:/embedded system/stm32cubeide_1.12.0/stm32cubeide/plugins/com.st.stm32cube.ide.mcu.externaltools.gnu-tools-for-stm32.10.3-2021.10.win32_1.0.200.202301161003/tools/bin/../lib/gcc/arm-none-eabi/10.3.1/thumb/v7-m/nofp/crtbegin.o
                0x0000000008003590                PROVIDE (__init_array_end = .)
                0x0000000008003590                . = ALIGN (0x4)

.fini_array     0x0000000008003590        0x4
                0x0000000008003590                . = ALIGN (0x4)
                [!provide]                        PROVIDE (__fini_array_start = .)
 *(SORT_BY_NAME(.fini_array.*))
 *(.fini_array*)
 .fini_array    0x0000000008003590        0x4 d:/embedded system/stm32cubeide_1.12.0/stm32cubeide/plugins/com.st.stm32cube.ide.mcu.externaltools.gnu-tools-for-stm32.10.3-2021.10.win32_1.0.200.202301161003/tools/bin/../lib/gcc/arm-none-eabi/10.3.1/thumb/v7-m/nofp/crtbegin.o
                [!provide]                        PROVIDE (__fini_array_end = .)
                0x0000000008003594                . = ALIGN (0x4)
                0x0000000008003594                _sidata = LOADADDR (.data)

.data           0x0000000020000000        0x8 load address 0x0000000008003594
                0x0000000020000000                . = ALIGN (0x4)
                0x0000000020000000                _sdata = .
 *(.data)
 *(.data*)
 .data.uxTopUsedPriority
                0x0000000020000000        0x4 ./ThirdParty/Source/tasks.o
                0x0000000020000000                uxTopUsedPriority
 .data.uxCriticalNesting
                0x0000000020000004        0x4 ./ThirdParty/Source/portable/GCC/ARM_CM3/port.o
 *(.RamFunc)
 *(.RamFunc*)
                0x0000000020000008                . = ALIGN (0x4)
                0x0000000020000008                _edata = .

.igot.plt       0x0000000020000008        0x0 load address 0x000000000800359c
 .igot.plt      0x0000000020000008        0x0 d:/embedded system/stm32cubeide_1.12.0/stm32cubeide/plugins/com.st.stm32cube.ide.mcu.externaltools.gnu-tools-for-stm32.10.3-2021.10.win32_1.0.200.202301161003/tools/bin/../lib/gcc/arm-none-eabi/10.3.1/thumb/v7-m/nofp/crtbegin.o
                0x0000000020000008                . = ALIGN (0x4)

.bss            0x0000000020000008     0x21c8 load address 0x000000000800359c
                0x0000000020000008                _sbss = .
                0x0000000020000008                __bss_start__ = _sbss
 *(.bss)
 .bss           0x0000000020000008       0x1c d:/embedded system/stm32cubeide_1.12.0/stm32cubeide/plugins/com.st.stm32cube.ide.mcu.externaltools.gnu-tools-for-stm32.10.3-2021.10.win32_1.0.200.202301161003/tools/bin/../lib/gcc/arm-none-eabi/10.3.1/thumb/v7-m/nofp/crtbegin.o
 *(.bss*)
 .bss.canQueue  0x0000000020000024        0x4 ./Src/main.o
                0x0000000020000024                canQueue
 .bss.canSemaphore
                0x0000000020000028        0x4 ./Src/main.o
                0x0000000020000028                canSemaphore
 .bss.xQueueRegistry
                0x000000002000002c       0x40 ./ThirdParty/Source/queue.o
                0x000000002000002c                xQueueRegistry
 .bss.pxCurrentTCB
                0x000000002000006c        0x4 ./ThirdParty/Source/tasks.o
                0x000000002000006c                pxCurrentTCB
 .bss.pxReadyTasksLists
                0x0000000020000070       0x64 ./ThirdParty/Source/tasks.o
 .bss.xDelayedTaskList1
                0x00000000200000d4       0x14 ./ThirdParty/Source/tasks.o
 .bss.xDelayedTaskList2
                0x00000000200000e8       0x14 ./ThirdParty/Source/tasks.o
 .bss.pxDelayedTaskList
                0x00000000200000fc        0x4 ./ThirdParty/Source/tasks.o
 .bss.pxOverflowDelayedTaskList
                0x0000000020000100        0x4 ./ThirdParty/Source/tasks.o
 .bss.xPendingReadyList
                0x0000000020000104       0x14 ./ThirdParty/Source/tasks.o
 .bss.xTasksWaitingTermination
                0x0000000020000118       0x14 ./ThirdParty/Source/tasks.o
 .bss.uxDeletedTasksWaitingCleanUp
                0x000000002000012c        0x4 ./ThirdParty/Source/tasks.o
 .bss.xSuspendedTaskList
                0x0000000020000130       0x14 ./ThirdParty/Source/tasks.o
 .bss.uxCurrentNumberOfTasks
                0x0000000020000144        0x4 ./ThirdParty/Source/tasks.o
 .bss.xTickCount
                0x0000000020000148        0x4 ./ThirdParty/Source/tasks.o
 .bss.uxTopReadyPriority
                0x000000002000014c        0x4 ./ThirdParty/Source/tasks.o
 .bss.xSchedulerRunning
                0x0000000020000150        0x4 ./ThirdParty/Source/tasks.o
 .bss.xPendedTicks
                0x0000000020000154        0x4 ./ThirdParty/Source/tasks.o
 .bss.xYieldPending
                0x0000000020000158        0x4 ./ThirdParty/Source/tasks.o
 .bss.xNumOfOverflows
                0x000000002000015c        0x4 ./ThirdParty/Source/tasks.o
 .bss.uxTaskNumber
                0x0000000020000160        0x4 ./ThirdParty/Source/tasks.o
 .bss.xNextTaskUnblockTime
                0x0000000020000164        0x4 ./ThirdParty/Source/tasks.o
 .bss.xIdleTaskHandle
                0x0000000020000168        0x4 ./ThirdParty/Source/tasks.o
 .bss.uxSchedulerSuspended
                0x000000002000016c        0x4 ./ThirdParty/Source/tasks.o
 .bss.xActiveTimerList1
                0x0000000020000170       0x14 ./ThirdParty/Source/timers.o
 .bss.xActiveTimerList2
                0x0000000020000184       0x14 ./ThirdParty/Source/timers.o
 .bss.pxCurrentTimerList
                0x0000000020000198        0x4 ./ThirdParty/Source/timers.o
 .bss.pxOverflowTimerList
                0x000000002000019c        0x4 ./ThirdParty/Source/timers.o
 .bss.xTimerQueue
                0x00000000200001a0        0x4 ./ThirdParty/Source/timers.o
 .bss.xTimerTaskHandle
                0x00000000200001a4        0x4 ./ThirdParty/Source/timers.o
 .bss.xLastTime.0
                0x00000000200001a8        0x4 ./ThirdParty/Source/timers.o
 .bss.ucMaxSysCallPriority
                0x00000000200001ac        0x1 ./ThirdParty/Source/portable/GCC/ARM_CM3/port.o
 *fill*         0x00000000200001ad        0x3 
 .bss.ulMaxPRIGROUPValue
                0x00000000200001b0        0x4 ./ThirdParty/Source/portable/GCC/ARM_CM3/port.o
 .bss.ucHeap    0x00000000200001b4     0x2000 ./ThirdParty/Source/portable/GCC/MemMang/heap_4.o
 .bss.xStart    0x00000000200021b4        0x8 ./ThirdParty/Source/portable/GCC/MemMang/heap_4.o
 .bss.pxEnd     0x00000000200021bc        0x4 ./ThirdParty/Source/portable/GCC/MemMang/heap_4.o
 .bss.xFreeBytesRemaining
                0x00000000200021c0        0x4 ./ThirdParty/Source/portable/GCC/MemMang/heap_4.o
 .bss.xMinimumEverFreeBytesRemaining
                0x00000000200021c4        0x4 ./ThirdParty/Source/portable/GCC/MemMang/heap_4.o
 .bss.xNumberOfSuccessfulAllocations
                0x00000000200021c8        0x4 ./ThirdParty/Source/portable/GCC/MemMang/heap_4.o
 .bss.xNumberOfSuccessfulFrees
                0x00000000200021cc        0x4 ./ThirdParty/Source/portable/GCC/MemMang/heap_4.o
 *(COMMON)
                0x00000000200021d0                . = ALIGN (0x4)
                0x00000000200021d0                _ebss = .
                0x00000000200021d0                __bss_end__ = _ebss

._user_heap_stack
                0x00000000200021d0      0x600 load address 0x000000000800359c
                0x00000000200021d0                . = ALIGN (0x8)
                [!provide]                        PROVIDE (end = .)
                0x00000000200021d0                PROVIDE (_end = .)
                0x00000000200023d0                . = (. + _Min_Heap_Size)
 *fill*         0x00000000200021d0      0x200 
                0x00000000200027d0                . = (. + _Min_Stack_Size)
 *fill*         0x00000000200023d0      0x400 
                0x00000000200027d0                . = ALIGN (0x8)

/DISCARD/
 libc.a(*)
 libm.a(*)
 libgcc.a(*)

.ARM.attributes
                0x0000000000000000       0x29
 *(.ARM.attributes)
 .ARM.attributes
                0x0000000000000000       0x1d d:/embedded system/stm32cubeide_1.12.0/stm32cubeide/plugins/com.st.stm32cube.ide.mcu.externaltools.gnu-tools-for-stm32.10.3-2021.10.win32_1.0.200.202301161003/tools/bin/../lib/gcc/arm-none-eabi/10.3.1/thumb/v7-m/nofp/crti.o
 .ARM.attributes
                0x000000000000001d       0x2d d:/embedded system/stm32cubeide_1.12.0/stm32cubeide/plugins/com.st.stm32cube.ide.mcu.externaltools.gnu-tools-for-stm32.10.3-2021.10.win32_1.0.200.202301161003/tools/bin/../lib/gcc/arm-none-eabi/10.3.1/thumb/v7-m/nofp/crtbegin.o
 .ARM.attributes
                0x000000000000004a       0x2d ./Src/CAN_program.o
 .ARM.attributes
                0x0000000000000077       0x2d ./Src/DIO_program.o
 .ARM.attributes
                0x00000000000000a4       0x2d ./Src/RCC_program.o
 .ARM.attributes
                0x00000000000000d1       0x2d ./Src/TIMER2_program.o
 .ARM.attributes
                0x00000000000000fe       0x2d ./Src/TIMER3_program.o
 .ARM.attributes
                0x000000000000012b       0x2d ./Src/main.o
 .ARM.attributes
                0x0000000000000158       0x21 ./Startup/startup_stm32f103c8tx.o
 .ARM.attributes
                0x0000000000000179       0x2d ./ThirdParty/Source/list.o
 .ARM.attributes
                0x00000000000001a6       0x2d ./ThirdParty/Source/queue.o
 .ARM.attributes
                0x00000000000001d3       0x2d ./ThirdParty/Source/tasks.o
 .ARM.attributes
                0x0000000000000200       0x2d ./ThirdParty/Source/timers.o
 .ARM.attributes
                0x000000000000022d       0x2d ./ThirdParty/Source/portable/GCC/ARM_CM3/port.o
 .ARM.attributes
                0x000000000000025a       0x2d ./ThirdParty/Source/portable/GCC/MemMang/heap_4.o
 .ARM.attributes
                0x0000000000000287       0x2d d:/embedded system/stm32cubeide_1.12.0/stm32cubeide/plugins/com.st.stm32cube.ide.mcu.externaltools.gnu-tools-for-stm32.10.3-2021.10.win32_1.0.200.202301161003/tools/bin/../lib/gcc/arm-none-eabi/10.3.1/../../../../arm-none-eabi/lib/thumb/v7-m/nofp\libc_nano.a(lib_a-init.o)
 .ARM.attributes
                0x00000000000002b4       0x2d d:/embedded system/stm32cubeide_1.12.0/stm32cubeide/plugins/com.st.stm32cube.ide.mcu.externaltools.gnu-tools-for-stm32.10.3-2021.10.win32_1.0.200.202301161003/tools/bin/../lib/gcc/arm-none-eabi/10.3.1/../../../../arm-none-eabi/lib/thumb/v7-m/nofp\libc_nano.a(lib_a-memcpy-stub.o)
 .ARM.attributes
                0x00000000000002e1       0x2d d:/embedded system/stm32cubeide_1.12.0/stm32cubeide/plugins/com.st.stm32cube.ide.mcu.externaltools.gnu-tools-for-stm32.10.3-2021.10.win32_1.0.200.202301161003/tools/bin/../lib/gcc/arm-none-eabi/10.3.1/../../../../arm-none-eabi/lib/thumb/v7-m/nofp\libc_nano.a(lib_a-memset.o)
 .ARM.attributes
                0x000000000000030e       0x1d d:/embedded system/stm32cubeide_1.12.0/stm32cubeide/plugins/com.st.stm32cube.ide.mcu.externaltools.gnu-tools-for-stm32.10.3-2021.10.win32_1.0.200.202301161003/tools/bin/../lib/gcc/arm-none-eabi/10.3.1/thumb/v7-m/nofp/crtn.o
OUTPUT(SENSOR_NODE_RTOS.elf elf32-littlearm)
LOAD linker stubs
LOAD d:/embedded system/stm32cubeide_1.12.0/stm32cubeide/plugins/com.st.stm32cube.ide.mcu.externaltools.gnu-tools-for-stm32.10.3-2021.10.win32_1.0.200.202301161003/tools/bin/../lib/gcc/arm-none-eabi/10.3.1/../../../../arm-none-eabi/lib/thumb/v7-m/nofp\libc.a
LOAD d:/embedded system/stm32cubeide_1.12.0/stm32cubeide/plugins/com.st.stm32cube.ide.mcu.externaltools.gnu-tools-for-stm32.10.3-2021.10.win32_1.0.200.202301161003/tools/bin/../lib/gcc/arm-none-eabi/10.3.1/../../../../arm-none-eabi/lib/thumb/v7-m/nofp\libm.a
LOAD d:/embedded system/stm32cubeide_1.12.0/stm32cubeide/plugins/com.st.stm32cube.ide.mcu.externaltools.gnu-tools-for-stm32.10.3-2021.10.win32_1.0.200.202301161003/tools/bin/../lib/gcc/arm-none-eabi/10.3.1/thumb/v7-m/nofp\libgcc.a

.debug_info     0x0000000000000000     0x71f7
 .debug_info    0x0000000000000000      0xa19 ./Src/CAN_program.o
 .debug_info    0x0000000000000a19      0x2cc ./Src/DIO_program.o
 .debug_info    0x0000000000000ce5      0x127 ./Src/RCC_program.o
 .debug_info    0x0000000000000e0c      0x1bb ./Src/TIMER2_program.o
 .debug_info    0x0000000000000fc7      0x2be ./Src/TIMER3_program.o
 .debug_info    0x0000000000001285      0x4b9 ./Src/main.o
 .debug_info    0x000000000000173e       0x22 ./Startup/startup_stm32f103c8tx.o
 .debug_info    0x0000000000001760      0x2d1 ./ThirdParty/Source/list.o
 .debug_info    0x0000000000001a31     0x196b ./ThirdParty/Source/queue.o
 .debug_info    0x000000000000339c     0x25ab ./ThirdParty/Source/tasks.o
 .debug_info    0x0000000000005947      0xeaf ./ThirdParty/Source/timers.o
 .debug_info    0x00000000000067f6      0x4ab ./ThirdParty/Source/portable/GCC/ARM_CM3/port.o
 .debug_info    0x0000000000006ca1      0x556 ./ThirdParty/Source/portable/GCC/MemMang/heap_4.o

.debug_abbrev   0x0000000000000000     0x1672
 .debug_abbrev  0x0000000000000000      0x294 ./Src/CAN_program.o
 .debug_abbrev  0x0000000000000294       0xee ./Src/DIO_program.o
 .debug_abbrev  0x0000000000000382       0x78 ./Src/RCC_program.o
 .debug_abbrev  0x00000000000003fa       0xd4 ./Src/TIMER2_program.o
 .debug_abbrev  0x00000000000004ce      0x103 ./Src/TIMER3_program.o
 .debug_abbrev  0x00000000000005d1      0x1c8 ./Src/main.o
 .debug_abbrev  0x0000000000000799       0x12 ./Startup/startup_stm32f103c8tx.o
 .debug_abbrev  0x00000000000007ab       0xf2 ./ThirdParty/Source/list.o
 .debug_abbrev  0x000000000000089d      0x312 ./ThirdParty/Source/queue.o
 .debug_abbrev  0x0000000000000baf      0x36c ./ThirdParty/Source/tasks.o
 .debug_abbrev  0x0000000000000f1b      0x2c5 ./ThirdParty/Source/timers.o
 .debug_abbrev  0x00000000000011e0      0x244 ./ThirdParty/Source/portable/GCC/ARM_CM3/port.o
 .debug_abbrev  0x0000000000001424      0x24e ./ThirdParty/Source/portable/GCC/MemMang/heap_4.o

.debug_aranges  0x0000000000000000      0x758
 .debug_aranges
                0x0000000000000000       0xd8 ./Src/CAN_program.o
 .debug_aranges
                0x00000000000000d8       0x50 ./Src/DIO_program.o
 .debug_aranges
                0x0000000000000128       0x38 ./Src/RCC_program.o
 .debug_aranges
                0x0000000000000160       0x30 ./Src/TIMER2_program.o
 .debug_aranges
                0x0000000000000190       0x40 ./Src/TIMER3_program.o
 .debug_aranges
                0x00000000000001d0       0x38 ./Src/main.o
 .debug_aranges
                0x0000000000000208       0x28 ./Startup/startup_stm32f103c8tx.o
 .debug_aranges
                0x0000000000000230       0x40 ./ThirdParty/Source/list.o
 .debug_aranges
                0x0000000000000270      0x130 ./ThirdParty/Source/queue.o
 .debug_aranges
                0x00000000000003a0      0x1f8 ./ThirdParty/Source/tasks.o
 .debug_aranges
                0x0000000000000598       0xe8 ./ThirdParty/Source/timers.o
 .debug_aranges
                0x0000000000000680       0x78 ./ThirdParty/Source/portable/GCC/ARM_CM3/port.o
 .debug_aranges
                0x00000000000006f8       0x60 ./ThirdParty/Source/portable/GCC/MemMang/heap_4.o

.debug_ranges   0x0000000000000000      0x690
 .debug_ranges  0x0000000000000000       0xc8 ./Src/CAN_program.o
 .debug_ranges  0x00000000000000c8       0x40 ./Src/DIO_program.o
 .debug_ranges  0x0000000000000108       0x28 ./Src/RCC_program.o
 .debug_ranges  0x0000000000000130       0x20 ./Src/TIMER2_program.o
 .debug_ranges  0x0000000000000150       0x30 ./Src/TIMER3_program.o
 .debug_ranges  0x0000000000000180       0x28 ./Src/main.o
 .debug_ranges  0x00000000000001a8       0x20 ./Startup/startup_stm32f103c8tx.o
 .debug_ranges  0x00000000000001c8       0x30 ./ThirdParty/Source/list.o
 .debug_ranges  0x00000000000001f8      0x120 ./ThirdParty/Source/queue.o
 .debug_ranges  0x0000000000000318      0x1e8 ./ThirdParty/Source/tasks.o
 .debug_ranges  0x0000000000000500       0xd8 ./ThirdParty/Source/timers.o
 .debug_ranges  0x00000000000005d8       0x68 ./ThirdParty/Source/portable/GCC/ARM_CM3/port.o
 .debug_ranges  0x0000000000000640       0x50 ./ThirdParty/Source/portable/GCC/MemMang/heap_4.o

.debug_macro    0x0000000000000000     0x2bf0
 .debug_macro   0x0000000000000000       0x62 ./Src/CAN_program.o
 .debug_macro   0x0000000000000062       0x2e ./Src/CAN_program.o
 .debug_macro   0x0000000000000090       0x2e ./Src/CAN_program.o
 .debug_macro   0x00000000000000be      0x13c ./Src/CAN_program.o
 .debug_macro   0x00000000000001fa       0x3a ./Src/CAN_program.o
 .debug_macro   0x0000000000000234       0x2e ./Src/CAN_program.o
 .debug_macro   0x0000000000000262       0x48 ./Src/DIO_program.o
 .debug_macro   0x00000000000002aa       0x1c ./Src/DIO_program.o
 .debug_macro   0x00000000000002c6       0x3e ./Src/RCC_program.o
 .debug_macro   0x0000000000000304       0x70 ./Src/RCC_program.o
 .debug_macro   0x0000000000000374       0x22 ./Src/RCC_program.o
 .debug_macro   0x0000000000000396       0x48 ./Src/TIMER2_program.o
 .debug_macro   0x00000000000003de       0x22 ./Src/TIMER2_program.o
 .debug_macro   0x0000000000000400       0x51 ./Src/TIMER3_program.o
 .debug_macro   0x0000000000000451       0x22 ./Src/TIMER3_program.o
 .debug_macro   0x0000000000000473      0x24a ./Src/main.o
 .debug_macro   0x00000000000006bd       0x1c ./Src/main.o
 .debug_macro   0x00000000000006d9      0x174 ./Src/main.o
 .debug_macro   0x000000000000084d       0x22 ./Src/main.o
 .debug_macro   0x000000000000086f       0x8e ./Src/main.o
 .debug_macro   0x00000000000008fd       0x51 ./Src/main.o
 .debug_macro   0x000000000000094e      0x103 ./Src/main.o
 .debug_macro   0x0000000000000a51       0x6a ./Src/main.o
 .debug_macro   0x0000000000000abb      0x1df ./Src/main.o
 .debug_macro   0x0000000000000c9a       0xfa ./Src/main.o
 .debug_macro   0x0000000000000d94      0x15a ./Src/main.o
 .debug_macro   0x0000000000000eee       0xea ./Src/main.o
 .debug_macro   0x0000000000000fd8       0x28 ./Src/main.o
 .debug_macro   0x0000000000001000       0x1f ./Src/main.o
 .debug_macro   0x000000000000101f       0x12 ./Src/main.o
 .debug_macro   0x0000000000001031      0x52d ./Src/main.o
 .debug_macro   0x000000000000155e       0xc3 ./Src/main.o
 .debug_macro   0x0000000000001621      0x120 ./Src/main.o
 .debug_macro   0x0000000000001741       0x80 ./Src/main.o
 .debug_macro   0x00000000000017c1       0x52 ./Src/main.o
 .debug_macro   0x0000000000001813       0x18 ./Src/main.o
 .debug_macro   0x000000000000182b       0x3c ./Src/main.o
 .debug_macro   0x0000000000001867       0x34 ./Src/main.o
 .debug_macro   0x000000000000189b       0x16 ./Src/main.o
 .debug_macro   0x00000000000018b1       0x43 ./Src/main.o
 .debug_macro   0x00000000000018f4       0x34 ./Src/main.o
 .debug_macro   0x0000000000001928       0x10 ./Src/main.o
 .debug_macro   0x0000000000001938       0x58 ./Src/main.o
 .debug_macro   0x0000000000001990       0x71 ./Src/main.o
 .debug_macro   0x0000000000001a01       0x1c ./Src/main.o
 .debug_macro   0x0000000000001a1d      0x12a ./Src/main.o
 .debug_macro   0x0000000000001b47      0x341 ./Src/main.o
 .debug_macro   0x0000000000001e88       0x10 ./Src/main.o
 .debug_macro   0x0000000000001e98       0x35 ./Src/main.o
 .debug_macro   0x0000000000001ecd       0x20 ./Src/main.o
 .debug_macro   0x0000000000001eed       0x97 ./Src/main.o
 .debug_macro   0x0000000000001f84       0x77 ./Src/main.o
 .debug_macro   0x0000000000001ffb      0x198 ./ThirdParty/Source/list.o
 .debug_macro   0x0000000000002193      0x22f ./ThirdParty/Source/queue.o
 .debug_macro   0x00000000000023c2       0x16 ./ThirdParty/Source/queue.o
 .debug_macro   0x00000000000023d8      0x27e ./ThirdParty/Source/tasks.o
 .debug_macro   0x0000000000002656       0x17 ./ThirdParty/Source/tasks.o
 .debug_macro   0x000000000000266d      0x1e7 ./ThirdParty/Source/timers.o
 .debug_macro   0x0000000000002854      0x183 ./ThirdParty/Source/portable/GCC/ARM_CM3/port.o
 .debug_macro   0x00000000000029d7      0x219 ./ThirdParty/Source/portable/GCC/MemMang/heap_4.o

.debug_line     0x0000000000000000     0x73ba
 .debug_line    0x0000000000000000      0x733 ./Src/CAN_program.o
 .debug_line    0x0000000000000733      0x53d ./Src/DIO_program.o
 .debug_line    0x0000000000000c70      0x14b ./Src/RCC_program.o
 .debug_line    0x0000000000000dbb      0x14f ./Src/TIMER2_program.o
 .debug_line    0x0000000000000f0a      0x2d5 ./Src/TIMER3_program.o
 .debug_line    0x00000000000011df      0x817 ./Src/main.o
 .debug_line    0x00000000000019f6       0x84 ./Startup/startup_stm32f103c8tx.o
 .debug_line    0x0000000000001a7a      0x750 ./ThirdParty/Source/list.o
 .debug_line    0x00000000000021ca     0x165c ./ThirdParty/Source/queue.o
 .debug_line    0x0000000000003826     0x1d85 ./ThirdParty/Source/tasks.o
 .debug_line    0x00000000000055ab      0xc72 ./ThirdParty/Source/timers.o
 .debug_line    0x000000000000621d      0x7c5 ./ThirdParty/Source/portable/GCC/ARM_CM3/port.o
 .debug_line    0x00000000000069e2      0x9d8 ./ThirdParty/Source/portable/GCC/MemMang/heap_4.o

.debug_str      0x0000000000000000    0x12748
 .debug_str     0x0000000000000000     0x45eb ./Src/CAN_program.o
                                       0x4678 (size before relaxing)
 .debug_str     0x00000000000045eb      0x190 ./Src/DIO_program.o
                                       0x37a5 (size before relaxing)
 .debug_str     0x000000000000477b      0x327 ./Src/RCC_program.o
                                       0x369b (size before relaxing)
 .debug_str     0x0000000000004aa2      0x11e ./Src/TIMER2_program.o
                                       0x3492 (size before relaxing)
 .debug_str     0x0000000000004bc0      0x19b ./Src/TIMER3_program.o
                                       0x3763 (size before relaxing)
 .debug_str     0x0000000000004d5b     0xa619 ./Src/main.o
                                       0xe63c (size before relaxing)
 .debug_str     0x000000000000f374       0x31 ./Startup/startup_stm32f103c8tx.o
                                         0x5f (size before relaxing)
 .debug_str     0x000000000000f3a5      0x251 ./ThirdParty/Source/list.o
                                       0xac79 (size before relaxing)
 .debug_str     0x000000000000f5f6      0xc73 ./ThirdParty/Source/queue.o
                                       0xd378 (size before relaxing)
 .debug_str     0x0000000000010269     0x1304 ./ThirdParty/Source/tasks.o
                                       0xdd8a (size before relaxing)
 .debug_str     0x000000000001156d      0x542 ./ThirdParty/Source/timers.o
                                       0xd4f8 (size before relaxing)
 .debug_str     0x0000000000011aaf      0x6c0 ./ThirdParty/Source/portable/GCC/ARM_CM3/port.o
                                       0x96d9 (size before relaxing)
 .debug_str     0x000000000001216f      0x5d9 ./ThirdParty/Source/portable/GCC/MemMang/heap_4.o
                                       0xc4a7 (size before relaxing)

.comment        0x0000000000000000       0x50
 .comment       0x0000000000000000       0x50 ./Src/CAN_program.o
                                         0x51 (size before relaxing)
 .comment       0x0000000000000050       0x51 ./Src/DIO_program.o
 .comment       0x0000000000000050       0x51 ./Src/RCC_program.o
 .comment       0x0000000000000050       0x51 ./Src/TIMER2_program.o
 .comment       0x0000000000000050       0x51 ./Src/TIMER3_program.o
 .comment       0x0000000000000050       0x51 ./Src/main.o
 .comment       0x0000000000000050       0x51 ./ThirdParty/Source/list.o
 .comment       0x0000000000000050       0x51 ./ThirdParty/Source/queue.o
 .comment       0x0000000000000050       0x51 ./ThirdParty/Source/tasks.o
 .comment       0x0000000000000050       0x51 ./ThirdParty/Source/timers.o
 .comment       0x0000000000000050       0x51 ./ThirdParty/Source/portable/GCC/ARM_CM3/port.o
 .comment       0x0000000000000050       0x51 ./ThirdParty/Source/portable/GCC/MemMang/heap_4.o

.debug_frame    0x0000000000000000     0x1ccc
 .debug_frame   0x0000000000000000      0x344 ./Src/CAN_program.o
 .debug_frame   0x0000000000000344      0x128 ./Src/DIO_program.o
 .debug_frame   0x000000000000046c       0xa8 ./Src/RCC_program.o
 .debug_frame   0x0000000000000514       0x84 ./Src/TIMER2_program.o
 .debug_frame   0x0000000000000598       0xd4 ./Src/TIMER3_program.o
 .debug_frame   0x000000000000066c       0x8c ./Src/main.o
 .debug_frame   0x00000000000006f8       0xd8 ./ThirdParty/Source/list.o
 .debug_frame   0x00000000000007d0      0x530 ./ThirdParty/Source/queue.o
 .debug_frame   0x0000000000000d00      0x8a8 ./ThirdParty/Source/tasks.o
 .debug_frame   0x00000000000015a8      0x3c8 ./ThirdParty/Source/timers.o
 .debug_frame   0x0000000000001970      0x198 ./ThirdParty/Source/portable/GCC/ARM_CM3/port.o
 .debug_frame   0x0000000000001b08      0x150 ./ThirdParty/Source/portable/GCC/MemMang/heap_4.o
 .debug_frame   0x0000000000001c58       0x2c d:/embedded system/stm32cubeide_1.12.0/stm32cubeide/plugins/com.st.stm32cube.ide.mcu.externaltools.gnu-tools-for-stm32.10.3-2021.10.win32_1.0.200.202301161003/tools/bin/../lib/gcc/arm-none-eabi/10.3.1/../../../../arm-none-eabi/lib/thumb/v7-m/nofp\libc_nano.a(lib_a-init.o)
 .debug_frame   0x0000000000001c84       0x28 d:/embedded system/stm32cubeide_1.12.0/stm32cubeide/plugins/com.st.stm32cube.ide.mcu.externaltools.gnu-tools-for-stm32.10.3-2021.10.win32_1.0.200.202301161003/tools/bin/../lib/gcc/arm-none-eabi/10.3.1/../../../../arm-none-eabi/lib/thumb/v7-m/nofp\libc_nano.a(lib_a-memcpy-stub.o)
 .debug_frame   0x0000000000001cac       0x20 d:/embedded system/stm32cubeide_1.12.0/stm32cubeide/plugins/com.st.stm32cube.ide.mcu.externaltools.gnu-tools-for-stm32.10.3-2021.10.win32_1.0.200.202301161003/tools/bin/../lib/gcc/arm-none-eabi/10.3.1/../../../../arm-none-eabi/lib/thumb/v7-m/nofp\libc_nano.a(lib_a-memset.o)
