../Src/CAN_program.c:29:6:CAN_voidInit	8	static
../Src/CAN_program.c:108:6:CAN_voidAddTxMsg	24	static
../Src/CAN_program.c:165:6:CAN_voidStart	4	static
../Src/CAN_program.c:175:6:CAN_voidGetRxMsg	32	static
../Src/CAN_program.c:233:4:CAN_voidRXPending	16	static
../Src/CAN_program.c:249:6:CAN_voidConfigFilter	24	static
../Src/CAN_program.c:338:5:CAN_voidGetErrorCode	4	static
../Src/CAN_program.c:359:6:CAN_voidInitInterput	16	static
../Src/CAN_program.c:365:6:CAN_voidDeiniterputInit	16	static
../Src/CAN_program.c:371:6:CAN_voidEnableInterrupt	16	static
../Src/CAN_program.c:376:6:CAN_voidDisableInterrupt	16	static
../Src/CAN_program.c:389:6:CAN_voidTX_Interrupt_Handler	16	static
../Src/CAN_program.c:458:6:CAN_voidRX_FIFO0_Interrupt_Handler	24	static
../Src/CAN_program.c:510:6:CAN_voidRX_FIFO1_Interrupt_Handler	24	static
../Src/CAN_program.c:563:6:CAN_voidSCE_Interrupt_Handler	24	static
../Src/CAN_program.c:703:6:CAN_TxMailbox0CompleteCallback	4	static
../Src/CAN_program.c:704:6:CAN_TxMailbox1CompleteCallback	4	static
../Src/CAN_program.c:705:6:CAN_TxMailbox2CompleteCallback	4	static
../Src/CAN_program.c:706:6:CAN_RxFifo0MsgPendingCallback	4	static
../Src/CAN_program.c:707:6:CAN_ErrorCallback	4	static
../Src/CAN_program.c:715:6:USB_HP_CAN1_TX_IRQHandler	8	static
../Src/CAN_program.c:719:6:USB_LP_CAN1_RX0_IRQHandler	8	static
../Src/CAN_program.c:723:6:CAN1_RX1_IRQHandler	8	static
../Src/CAN_program.c:727:6:CAN1_SCE_IRQHandler	8	static
