../Src/CAN_program.c:29:6:CAN_voidInit	8	static
../Src/CAN_program.c:108:4:CAN_voidAddTxMsg	24	static
../Src/CAN_program.c:153:6:CAN_voidStart	4	static
../Src/CAN_program.c:162:6:CAN_voidGetRxMsg	32	static
../Src/CAN_program.c:220:4:CAN_voidRXPending	16	static
../Src/CAN_program.c:236:6:CAN_voidConfigFilter	24	static
../Src/CAN_program.c:325:5:CAN_voidGetErrorCode	4	static
../Src/CAN_program.c:346:6:CAN_voidInitInterput	16	static
../Src/CAN_program.c:352:6:CAN_voidDeiniterputInit	16	static
../Src/CAN_program.c:358:6:CAN_voidEnableInterrupt	16	static
../Src/CAN_program.c:363:6:CAN_voidDisableInterrupt	16	static
../Src/CAN_program.c:376:6:CAN_voidTX_Interrupt_Handler	16	static
../Src/CAN_program.c:445:6:CAN_voidRX_FIFO0_Interrupt_Handler	24	static
../Src/CAN_program.c:497:6:CAN_voidRX_FIFO1_Interrupt_Handler	24	static
../Src/CAN_program.c:550:6:CAN_voidSCE_Interrupt_Handler	24	static
../Src/CAN_program.c:690:6:CAN_TxMailbox0CompleteCallback	4	static
../Src/CAN_program.c:691:6:CAN_TxMailbox1CompleteCallback	4	static
../Src/CAN_program.c:692:6:CAN_TxMailbox2CompleteCallback	4	static
../Src/CAN_program.c:693:6:CAN_RxFifo0MsgPendingCallback	4	static
../Src/CAN_program.c:694:6:CAN_ErrorCallback	4	static
../Src/CAN_program.c:702:6:USB_HP_CAN1_TX_IRQHandler	8	static
../Src/CAN_program.c:706:6:USB_LP_CAN1_RX0_IRQHandler	8	static
../Src/CAN_program.c:710:6:CAN1_RX1_IRQHandler	8	static
../Src/CAN_program.c:714:6:CAN1_SCE_IRQHandler	8	static
