Archive member included to satisfy reference by file (symbol)

d:/embedded system/stm32cubeide_1.12.0/stm32cubeide/plugins/com.st.stm32cube.ide.mcu.externaltools.gnu-tools-for-stm32.10.3-2021.10.win32_1.0.200.202301161003/tools/bin/../lib/gcc/arm-none-eabi/10.3.1/../../../../arm-none-eabi/lib/thumb/v7-m/nofp\libc_nano.a(lib_a-errno.o)
                              ./Src/syscalls.o (__errno)
d:/embedded system/stm32cubeide_1.12.0/stm32cubeide/plugins/com.st.stm32cube.ide.mcu.externaltools.gnu-tools-for-stm32.10.3-2021.10.win32_1.0.200.202301161003/tools/bin/../lib/gcc/arm-none-eabi/10.3.1/../../../../arm-none-eabi/lib/thumb/v7-m/nofp\libc_nano.a(lib_a-exit.o)
                              d:/embedded system/stm32cubeide_1.12.0/stm32cubeide/plugins/com.st.stm32cube.ide.mcu.externaltools.gnu-tools-for-stm32.10.3-2021.10.win32_1.0.200.202301161003/tools/bin/../lib/gcc/arm-none-eabi/10.3.1/../../../../arm-none-eabi/lib/thumb/v7-m/nofp/crt0.o (exit)
d:/embedded system/stm32cubeide_1.12.0/stm32cubeide/plugins/com.st.stm32cube.ide.mcu.externaltools.gnu-tools-for-stm32.10.3-2021.10.win32_1.0.200.202301161003/tools/bin/../lib/gcc/arm-none-eabi/10.3.1/../../../../arm-none-eabi/lib/thumb/v7-m/nofp\libc_nano.a(lib_a-impure.o)
                              d:/embedded system/stm32cubeide_1.12.0/stm32cubeide/plugins/com.st.stm32cube.ide.mcu.externaltools.gnu-tools-for-stm32.10.3-2021.10.win32_1.0.200.202301161003/tools/bin/../lib/gcc/arm-none-eabi/10.3.1/../../../../arm-none-eabi/lib/thumb/v7-m/nofp\libc_nano.a(lib_a-exit.o) (_global_impure_ptr)
d:/embedded system/stm32cubeide_1.12.0/stm32cubeide/plugins/com.st.stm32cube.ide.mcu.externaltools.gnu-tools-for-stm32.10.3-2021.10.win32_1.0.200.202301161003/tools/bin/../lib/gcc/arm-none-eabi/10.3.1/../../../../arm-none-eabi/lib/thumb/v7-m/nofp\libc_nano.a(lib_a-init.o)
                              d:/embedded system/stm32cubeide_1.12.0/stm32cubeide/plugins/com.st.stm32cube.ide.mcu.externaltools.gnu-tools-for-stm32.10.3-2021.10.win32_1.0.200.202301161003/tools/bin/../lib/gcc/arm-none-eabi/10.3.1/../../../../arm-none-eabi/lib/thumb/v7-m/nofp/crt0.o (__libc_init_array)
d:/embedded system/stm32cubeide_1.12.0/stm32cubeide/plugins/com.st.stm32cube.ide.mcu.externaltools.gnu-tools-for-stm32.10.3-2021.10.win32_1.0.200.202301161003/tools/bin/../lib/gcc/arm-none-eabi/10.3.1/../../../../arm-none-eabi/lib/thumb/v7-m/nofp\libc_nano.a(lib_a-memcpy-stub.o)
                              ./ThirdParty/Source/queue.o (memcpy)
d:/embedded system/stm32cubeide_1.12.0/stm32cubeide/plugins/com.st.stm32cube.ide.mcu.externaltools.gnu-tools-for-stm32.10.3-2021.10.win32_1.0.200.202301161003/tools/bin/../lib/gcc/arm-none-eabi/10.3.1/../../../../arm-none-eabi/lib/thumb/v7-m/nofp\libc_nano.a(lib_a-memset.o)
                              d:/embedded system/stm32cubeide_1.12.0/stm32cubeide/plugins/com.st.stm32cube.ide.mcu.externaltools.gnu-tools-for-stm32.10.3-2021.10.win32_1.0.200.202301161003/tools/bin/../lib/gcc/arm-none-eabi/10.3.1/../../../../arm-none-eabi/lib/thumb/v7-m/nofp/crt0.o (memset)
d:/embedded system/stm32cubeide_1.12.0/stm32cubeide/plugins/com.st.stm32cube.ide.mcu.externaltools.gnu-tools-for-stm32.10.3-2021.10.win32_1.0.200.202301161003/tools/bin/../lib/gcc/arm-none-eabi/10.3.1/thumb/v7-m/nofp\libgcc.a(_arm_muldf3.o)
                              ./Src/LDR_program.o (__aeabi_dmul)
d:/embedded system/stm32cubeide_1.12.0/stm32cubeide/plugins/com.st.stm32cube.ide.mcu.externaltools.gnu-tools-for-stm32.10.3-2021.10.win32_1.0.200.202301161003/tools/bin/../lib/gcc/arm-none-eabi/10.3.1/thumb/v7-m/nofp\libgcc.a(_arm_addsubdf3.o)
                              ./Src/LDR_program.o (__aeabi_f2d)
d:/embedded system/stm32cubeide_1.12.0/stm32cubeide/plugins/com.st.stm32cube.ide.mcu.externaltools.gnu-tools-for-stm32.10.3-2021.10.win32_1.0.200.202301161003/tools/bin/../lib/gcc/arm-none-eabi/10.3.1/thumb/v7-m/nofp\libgcc.a(_arm_truncdfsf2.o)
                              ./Src/LDR_program.o (__aeabi_d2f)
d:/embedded system/stm32cubeide_1.12.0/stm32cubeide/plugins/com.st.stm32cube.ide.mcu.externaltools.gnu-tools-for-stm32.10.3-2021.10.win32_1.0.200.202301161003/tools/bin/../lib/gcc/arm-none-eabi/10.3.1/thumb/v7-m/nofp\libgcc.a(_arm_addsubsf3.o)
                              ./Src/LDR_program.o (__aeabi_fadd)
d:/embedded system/stm32cubeide_1.12.0/stm32cubeide/plugins/com.st.stm32cube.ide.mcu.externaltools.gnu-tools-for-stm32.10.3-2021.10.win32_1.0.200.202301161003/tools/bin/../lib/gcc/arm-none-eabi/10.3.1/thumb/v7-m/nofp\libgcc.a(_arm_muldivsf3.o)
                              ./Src/LDR_program.o (__aeabi_fdiv)

Discarded input sections

 .text          0x0000000000000000        0x0 d:/embedded system/stm32cubeide_1.12.0/stm32cubeide/plugins/com.st.stm32cube.ide.mcu.externaltools.gnu-tools-for-stm32.10.3-2021.10.win32_1.0.200.202301161003/tools/bin/../lib/gcc/arm-none-eabi/10.3.1/thumb/v7-m/nofp/crti.o
[...]
Memory Configuration

Name             Origin             Length             Attributes
RAM              0x0000000020000000 0x0000000000005000 xrw
FLASH            0x0000000008000000 0x0000000000010000 xr
*default*        0x0000000000000000 0xffffffffffffffff

Linker script and memory map

LOAD d:/embedded system/stm32cubeide_1.12.0/stm32cubeide/plugins/com.st.stm32cube.ide.mcu.externaltools.gnu-tools-for-stm32.10.3-2021.10.win32_1.0.200.202301161003/tools/bin/../lib/gcc/arm-none-eabi/10.3.1/thumb/v7-m/nofp/crti.o
LOAD d:/embedded system/stm32cubeide_1.12.0/stm32cubeide/plugins/com.st.stm32cube.ide.mcu.externaltools.gnu-tools-for-stm32.10.3-2021.10.win32_1.0.200.202301161003/tools/bin/../lib/gcc/arm-none-eabi/10.3.1/thumb/v7-m/nofp/crtbegin.o
LOAD d:/embedded system/stm32cubeide_1.12.0/stm32cubeide/plugins/com.st.stm32cube.ide.mcu.externaltools.gnu-tools-for-stm32.10.3-2021.10.win32_1.0.200.202301161003/tools/bin/../lib/gcc/arm-none-eabi/10.3.1/../../../../arm-none-eabi/lib/thumb/v7-m/nofp/crt0.o
LOAD ./Src/ADC_program.o
LOAD ./Src/AFIO_program.o
LOAD ./Src/CAN_program.o
LOAD ./Src/DIO_program.o
LOAD ./Src/Function_Help_Tasks.o
LOAD ./Src/HULTRA_program.o
LOAD ./Src/IR_Program.o
LOAD ./Src/LDR_program.o
LOAD ./Src/MOTOR_program.o
LOAD ./Src/NVIC_program.o
LOAD ./Src/RCC_program.o
LOAD ./Src/SYSTICK_program.o
LOAD ./Src/TIMER2_program.o
LOAD ./Src/TIMER3_program.o
LOAD ./Src/main.o
LOAD ./Src/syscalls.o
LOAD ./Src/sysmem.o
LOAD ./Startup/startup_stm32f103c8tx.o
LOAD ./ThirdParty/Source/croutine.o
LOAD ./ThirdParty/Source/event_groups.o
LOAD ./ThirdParty/Source/list.o
LOAD ./ThirdParty/Source/queue.o
LOAD ./ThirdParty/Source/stream_buffer.o
LOAD ./ThirdParty/Source/tasks.o
LOAD ./ThirdParty/Source/timers.o
LOAD ./ThirdParty/Source/portable/GCC/ARM_CM3/port.o
LOAD ./ThirdParty/Source/portable/GCC/MemMang/heap_4.o
START GROUP
LOAD d:/embedded system/stm32cubeide_1.12.0/stm32cubeide/plugins/com.st.stm32cube.ide.mcu.externaltools.gnu-tools-for-stm32.10.3-2021.10.win32_1.0.200.202301161003/tools/bin/../lib/gcc/arm-none-eabi/10.3.1/../../../../arm-none-eabi/lib/thumb/v7-m/nofp\libc_nano.a
LOAD d:/embedded system/stm32cubeide_1.12.0/stm32cubeide/plugins/com.st.stm32cube.ide.mcu.externaltools.gnu-tools-for-stm32.10.3-2021.10.win32_1.0.200.202301161003/tools/bin/../lib/gcc/arm-none-eabi/10.3.1/../../../../arm-none-eabi/lib/thumb/v7-m/nofp\libm.a
END GROUP
START GROUP
LOAD d:/embedded system/stm32cubeide_1.12.0/stm32cubeide/plugins/com.st.stm32cube.ide.mcu.externaltools.gnu-tools-for-stm32.10.3-2021.10.win32_1.0.200.202301161003/tools/bin/../lib/gcc/arm-none-eabi/10.3.1/thumb/v7-m/nofp\libgcc.a
LOAD d:/embedded system/stm32cubeide_1.12.0/stm32cubeide/plugins/com.st.stm32cube.ide.mcu.externaltools.gnu-tools-for-stm32.10.3-2021.10.win32_1.0.200.202301161003/tools/bin/../lib/gcc/arm-none-eabi/10.3.1/../../../../arm-none-eabi/lib/thumb/v7-m/nofp\libc_nano.a
END GROUP
START GROUP
LOAD d:/embedded system/stm32cubeide_1.12.0/stm32cubeide/plugins/com.st.stm32cube.ide.mcu.externaltools.gnu-tools-for-stm32.10.3-2021.10.win32_1.0.200.202301161003/tools/bin/../lib/gcc/arm-none-eabi/10.3.1/thumb/v7-m/nofp\libgcc.a
LOAD d:/embedded system/stm32cubeide_1.12.0/stm32cubeide/plugins/com.st.stm32cube.ide.mcu.externaltools.gnu-tools-for-stm32.10.3-2021.10.win32_1.0.200.202301161003/tools/bin/../lib/gcc/arm-none-eabi/10.3.1/../../../../arm-none-eabi/lib/thumb/v7-m/nofp\libc_nano.a
LOAD d:/embedded system/stm32cubeide_1.12.0/stm32cubeide/plugins/com.st.stm32cube.ide.mcu.externaltools.gnu-tools-for-stm32.10.3-2021.10.win32_1.0.200.202301161003/tools/bin/../lib/gcc/arm-none-eabi/10.3.1/../../../../arm-none-eabi/lib/thumb/v7-m/nofp\libnosys.a
END GROUP
START GROUP
LOAD d:/embedded system/stm32cubeide_1.12.0/stm32cubeide/plugins/com.st.stm32cube.ide.mcu.externaltools.gnu-tools-for-stm32.10.3-2021.10.win32_1.0.200.202301161003/tools/bin/../lib/gcc/arm-none-eabi/10.3.1/thumb/v7-m/nofp\libgcc.a
LOAD d:/embedded system/stm32cubeide_1.12.0/stm32cubeide/plugins/com.st.stm32cube.ide.mcu.externaltools.gnu-tools-for-stm32.10.3-2021.10.win32_1.0.200.202301161003/tools/bin/../lib/gcc/arm-none-eabi/10.3.1/../../../../arm-none-eabi/lib/thumb/v7-m/nofp\libc_nano.a
LOAD d:/embedded system/stm32cubeide_1.12.0/stm32cubeide/plugins/com.st.stm32cube.ide.mcu.externaltools.gnu-tools-for-stm32.10.3-2021.10.win32_1.0.200.202301161003/tools/bin/../lib/gcc/arm-none-eabi/10.3.1/../../../../arm-none-eabi/lib/thumb/v7-m/nofp\libnosys.a
END GROUP
LOAD d:/embedded system/stm32cubeide_1.12.0/stm32cubeide/plugins/com.st.stm32cube.ide.mcu.externaltools.gnu-tools-for-stm32.10.3-2021.10.win32_1.0.200.202301161003/tools/bin/../lib/gcc/arm-none-eabi/10.3.1/thumb/v7-m/nofp/crtend.o
LOAD d:/embedded system/stm32cubeide_1.12.0/stm32cubeide/plugins/com.st.stm32cube.ide.mcu.externaltools.gnu-tools-for-stm32.10.3-2021.10.win32_1.0.200.202301161003/tools/bin/../lib/gcc/arm-none-eabi/10.3.1/thumb/v7-m/nofp/crtn.o
                0x0000000020005000                _estack = (ORIGIN (RAM) + LENGTH (RAM))
                0x0000000000000200                _Min_Heap_Size = 0x200
                0x0000000000000400                _Min_Stack_Size = 0x400

.isr_vector     0x0000000008000000      0x130
                0x0000000008000000                . = ALIGN (0x4)
 *(.isr_vector)
 .isr_vector    0x0000000008000000      0x130 ./Startup/startup_stm32f103c8tx.o
                0x0000000008000000                g_pfnVectors
                0x0000000008000130                . = ALIGN (0x4)

.text           0x0000000008000130     0x3650
                0x0000000008000130                . = ALIGN (0x4)
 *(.text)
 .text          0x0000000008000130       0x40 d:/embedded system/stm32cubeide_1.12.0/stm32cubeide/plugins/com.st.stm32cube.ide.mcu.externaltools.gnu-tools-for-stm32.10.3-2021.10.win32_1.0.200.202301161003/tools/bin/../lib/gcc/arm-none-eabi/10.3.1/thumb/v7-m/nofp/crtbegin.o
 *(.text*)
 .text.CAN_voidInit
                0x0000000008000170       0xc4 ./Src/CAN_program.o
                0x0000000008000170                CAN_voidInit
 .text.CAN_voidStart
                0x0000000008000234       0x2c ./Src/CAN_program.o
                0x0000000008000234                CAN_voidStart
 .text.CAN_voidGetRxMsg
                0x0000000008000260      0x154 ./Src/CAN_program.o
                0x0000000008000260                CAN_voidGetRxMsg
 .text.CAN_voidRXPending
                0x00000000080003b4       0x38 ./Src/CAN_program.o
                0x00000000080003b4                CAN_voidRXPending
 .text.CAN_voidConfigFilter
                0x00000000080003ec      0x1a0 ./Src/CAN_program.o
                0x00000000080003ec                CAN_voidConfigFilter
 .text.MGPIO_VidSetPinDirection
                0x000000000800058c      0x1a4 ./Src/DIO_program.o
                0x000000000800058c                MGPIO_VidSetPinDirection
 .text.MGPIO_VidSetPinValue
                0x0000000008000730       0xf4 ./Src/DIO_program.o
                0x0000000008000730                MGPIO_VidSetPinValue
 .text.MGPIO_VidTogglePin
                0x0000000008000824       0x7c ./Src/DIO_program.o
                0x0000000008000824                MGPIO_VidTogglePin
 .text.BackLed_ON
                0x00000000080008a0       0x12 ./Src/Function_Help_Tasks.o
                0x00000000080008a0                BackLed_ON
 .text.BackLed_OFF
                0x00000000080008b2       0x12 ./Src/Function_Help_Tasks.o
                0x00000000080008b2                BackLed_OFF
 .text.Alarm_ON
                0x00000000080008c4       0x12 ./Src/Function_Help_Tasks.o
                0x00000000080008c4                Alarm_ON
 .text.Alarm_OFF
                0x00000000080008d6       0x12 ./Src/Function_Help_Tasks.o
                0x00000000080008d6                Alarm_OFF
 .text.LEDS_SetMaxBrightness
                0x00000000080008e8       0x12 ./Src/Function_Help_Tasks.o
                0x00000000080008e8                LEDS_SetMaxBrightness
 *fill*         0x00000000080008fa        0x2 
 .text.LEDS_SetAdaptiveBrightness
                0x00000000080008fc       0x44 ./Src/Function_Help_Tasks.o
                0x00000000080008fc                LEDS_SetAdaptiveBrightness
 .text.LEDS_SetLowBrightness
                0x0000000008000940       0x12 ./Src/Function_Help_Tasks.o
                0x0000000008000940                LEDS_SetLowBrightness
 .text.LEDS_Off
                0x0000000008000952       0x12 ./Src/Function_Help_Tasks.o
                0x0000000008000952                LEDS_Off
 .text.MotorDriver_voidInit
                0x0000000008000964       0x36 ./Src/MOTOR_program.o
                0x0000000008000964                MotorDriver_voidInit
 *fill*         0x000000000800099a        0x2 
 .text.MotorDriver_voidControlSpeed
                0x000000000800099c       0x6c ./Src/MOTOR_program.o
                0x000000000800099c                MotorDriver_voidControlSpeed
 .text.MotorDriver_voidStop
                0x0000000008000a08       0x30 ./Src/MOTOR_program.o
                0x0000000008000a08                MotorDriver_voidStop
 .text.MotorDriver_voidMoveForward
                0x0000000008000a38       0x36 ./Src/MOTOR_program.o
                0x0000000008000a38                MotorDriver_voidMoveForward
 .text.MotorDriver_voidMoveRight
                0x0000000008000a6e       0x36 ./Src/MOTOR_program.o
                0x0000000008000a6e                MotorDriver_voidMoveRight
 .text.MotorDriver_voidMoveLeft
                0x0000000008000aa4       0x36 ./Src/MOTOR_program.o
                0x0000000008000aa4                MotorDriver_voidMoveLeft
 *fill*         0x0000000008000ada        0x2 
 .text.MRCC_VidInit
                0x0000000008000adc       0x68 ./Src/RCC_program.o
                0x0000000008000adc                MRCC_VidInit
 .text.MRCC_VidEnablePeripheralClock
                0x0000000008000b44       0x84 ./Src/RCC_program.o
                0x0000000008000b44                MRCC_VidEnablePeripheralClock
 .text.MTIMER3_init
                0x0000000008000bc8       0x90 ./Src/TIMER3_program.o
                0x0000000008000bc8                MTIMER3_init
 .text.MTIMER3_PWM
                0x0000000008000c58       0x90 ./Src/TIMER3_program.o
                0x0000000008000c58                MTIMER3_PWM
 .text.main     0x0000000008000ce8       0xe0 ./Src/main.o
                0x0000000008000ce8                main
 .text.SystemInit
                0x0000000008000dc8       0x68 ./Src/main.o
                0x0000000008000dc8                SystemInit
 .text.CANReceiveTask
                0x0000000008000e30       0x84 ./Src/main.o
                0x0000000008000e30                CANReceiveTask
 .text.AEBTask  0x0000000008000eb4       0x5c ./Src/main.o
                0x0000000008000eb4                AEBTask
 .text.LKSTask  0x0000000008000f10       0x68 ./Src/main.o
                0x0000000008000f10                LKSTask
 .text.ACCTask  0x0000000008000f78       0x64 ./Src/main.o
                0x0000000008000f78                ACCTask
 .text.ALCTask  0x0000000008000fdc       0x64 ./Src/main.o
                0x0000000008000fdc                ALCTask
 .text.BluetoothTask
                0x0000000008001040       0x10 ./Src/main.o
                0x0000000008001040                BluetoothTask
 .text.Reset_Handler
                0x0000000008001050       0x50 ./Startup/startup_stm32f103c8tx.o
                0x0000000008001050                Reset_Handler
 .text.Default_Handler
                0x00000000080010a0        0x2 ./Startup/startup_stm32f103c8tx.o
                0x00000000080010a0                EXTI2_IRQHandler
                0x00000000080010a0                TIM8_TRG_COM_IRQHandler
                0x00000000080010a0                TIM8_CC_IRQHandler
                0x00000000080010a0                DebugMon_Handler
                0x00000000080010a0                TIM1_CC_IRQHandler
                0x00000000080010a0                HardFault_Handler
                0x00000000080010a0                TIM6_IRQHandler
                0x00000000080010a0                PVD_IRQHandler
                0x00000000080010a0                SDIO_IRQHandler
                0x00000000080010a0                NMI_Handler
                0x00000000080010a0                EXTI3_IRQHandler
                0x00000000080010a0                USB_HP_CAN_TX_IRQHandler
                0x00000000080010a0                EXTI0_IRQHandler
                0x00000000080010a0                I2C2_EV_IRQHandler
                0x00000000080010a0                UsageFault_Handler
                0x00000000080010a0                ADC1_2_IRQHandler
                0x00000000080010a0                SPI1_IRQHandler
                0x00000000080010a0                CAN_SCE_IRQHandler
                0x00000000080010a0                TAMPER_IRQHandler
                0x00000000080010a0                TIM8_UP_IRQHandler
                0x00000000080010a0                DMA2_Channel2_IRQHandler
                0x00000000080010a0                DMA1_Channel4_IRQHandler
                0x00000000080010a0                USART3_IRQHandler
                0x00000000080010a0                RTC_IRQHandler
                0x00000000080010a0                DMA1_Channel7_IRQHandler
                0x00000000080010a0                UART5_IRQHandler
                0x00000000080010a0                ADC3_IRQHandler
                0x00000000080010a0                TIM4_IRQHandler
                0x00000000080010a0                CAN_RX1_IRQHandler
                0x00000000080010a0                DMA2_Channel1_IRQHandler
                0x00000000080010a0                I2C1_EV_IRQHandler
                0x00000000080010a0                DMA1_Channel6_IRQHandler
                0x00000000080010a0                UART4_IRQHandler
                0x00000000080010a0                TIM3_IRQHandler
                0x00000000080010a0                RCC_IRQHandler
                0x00000000080010a0                TIM1_TRG_COM_IRQHandler
                0x00000000080010a0                DMA1_Channel1_IRQHandler
                0x00000000080010a0                Default_Handler
                0x00000000080010a0                EXTI15_10_IRQHandler
                0x00000000080010a0                TIM7_IRQHandler
                0x00000000080010a0                TIM5_IRQHandler
                0x00000000080010a0                EXTI9_5_IRQHandler
                0x00000000080010a0                SPI2_IRQHandler
                0x00000000080010a0                USB_LP_CAN_RX0_IRQHandler
                0x00000000080010a0                MemManage_Handler
                0x00000000080010a0                DMA1_Channel5_IRQHandler
                0x00000000080010a0                EXTI4_IRQHandler
                0x00000000080010a0                DMA1_Channel3_IRQHandler
                0x00000000080010a0                FSMC_IRQHandler
                0x00000000080010a0                TIM1_UP_IRQHandler
                0x00000000080010a0                WWDG_IRQHandler
                0x00000000080010a0                TIM2_IRQHandler
                0x00000000080010a0                TIM1_BRK_IRQHandler
                0x00000000080010a0                EXTI1_IRQHandler
                0x00000000080010a0                RTCAlarm_IRQHandler
                0x00000000080010a0                DMA2_Channel4_5_IRQHandler
                0x00000000080010a0                USART2_IRQHandler
                0x00000000080010a0                I2C2_ER_IRQHandler
                0x00000000080010a0                DMA1_Channel2_IRQHandler
                0x00000000080010a0                TIM8_BRK_IRQHandler
                0x00000000080010a0                FLASH_IRQHandler
                0x00000000080010a0                BusFault_Handler
                0x00000000080010a0                USART1_IRQHandler
                0x00000000080010a0                SPI3_IRQHandler
                0x00000000080010a0                I2C1_ER_IRQHandler
                0x00000000080010a0                DMA2_Channel3_IRQHandler
 .text.vListInitialise
                0x00000000080010a2       0x3e ./ThirdParty/Source/list.o
                0x00000000080010a2                vListInitialise
 .text.vListInitialiseItem
                0x00000000080010e0       0x18 ./ThirdParty/Source/list.o
                0x00000000080010e0                vListInitialiseItem
 .text.vListInsert
                0x00000000080010f8       0x70 ./ThirdParty/Source/list.o
                0x00000000080010f8                vListInsert
 .text.uxListRemove
                0x0000000008001168       0x52 ./ThirdParty/Source/list.o
                0x0000000008001168                uxListRemove
 *fill*         0x00000000080011ba        0x2 
 .text.xQueueGenericReset
                0x00000000080011bc      0x120 ./ThirdParty/Source/queue.o
                0x00000000080011bc                xQueueGenericReset
 .text.xQueueGenericCreate
                0x00000000080012dc       0x9c ./ThirdParty/Source/queue.o
                0x00000000080012dc                xQueueGenericCreate
 .text.prvInitialiseNewQueue
                0x0000000008001378       0x46 ./ThirdParty/Source/queue.o
 *fill*         0x00000000080013be        0x2 
 .text.xQueueGenericSend
                0x00000000080013c0      0x1fc ./ThirdParty/Source/queue.o
                0x00000000080013c0                xQueueGenericSend
 .text.xQueueReceive
                0x00000000080015bc      0x1c0 ./ThirdParty/Source/queue.o
                0x00000000080015bc                xQueueReceive
 .text.prvCopyDataToQueue
                0x000000000800177c       0xd4 ./ThirdParty/Source/queue.o
 .text.prvCopyDataFromQueue
                0x0000000008001850       0x4c ./ThirdParty/Source/queue.o
 .text.prvUnlockQueue
                0x000000000800189c       0xa4 ./ThirdParty/Source/queue.o
 .text.prvIsQueueEmpty
                0x0000000008001940       0x2c ./ThirdParty/Source/queue.o
 .text.prvIsQueueFull
                0x000000000800196c       0x30 ./ThirdParty/Source/queue.o
 .text.vQueueAddToRegistry
                0x000000000800199c       0x9c ./ThirdParty/Source/queue.o
                0x000000000800199c                vQueueAddToRegistry
 .text.vQueueWaitForMessageRestricted
                0x0000000008001a38       0x68 ./ThirdParty/Source/queue.o
                0x0000000008001a38                vQueueWaitForMessageRestricted
 .text.xTaskCreate
                0x0000000008001aa0       0x8c ./ThirdParty/Source/tasks.o
                0x0000000008001aa0                xTaskCreate
 .text.prvInitialiseNewTask
                0x0000000008001b2c      0x11c ./ThirdParty/Source/tasks.o
 .text.prvAddNewTaskToReadyList
                0x0000000008001c48      0x12c ./ThirdParty/Source/tasks.o
 .text.vTaskDelay
                0x0000000008001d74       0x68 ./ThirdParty/Source/tasks.o
                0x0000000008001d74                vTaskDelay
 .text.vTaskStartScheduler
                0x0000000008001ddc       0xa4 ./ThirdParty/Source/tasks.o
                0x0000000008001ddc                vTaskStartScheduler
 .text.vTaskSuspendAll
                0x0000000008001e80       0x1c ./ThirdParty/Source/tasks.o
                0x0000000008001e80                vTaskSuspendAll
 .text.xTaskResumeAll
                0x0000000008001e9c      0x1f8 ./ThirdParty/Source/tasks.o
                0x0000000008001e9c                xTaskResumeAll
 .text.xTaskGetTickCount
                0x0000000008002094       0x1c ./ThirdParty/Source/tasks.o
                0x0000000008002094                xTaskGetTickCount
 .text.xTaskIncrementTick
                0x00000000080020b0      0x22c ./ThirdParty/Source/tasks.o
                0x00000000080020b0                xTaskIncrementTick
 .text.vTaskSwitchContext
                0x00000000080022dc       0xb4 ./ThirdParty/Source/tasks.o
                0x00000000080022dc                vTaskSwitchContext
 .text.vTaskPlaceOnEventList
                0x0000000008002390       0x48 ./ThirdParty/Source/tasks.o
                0x0000000008002390                vTaskPlaceOnEventList
 .text.vTaskPlaceOnEventListRestricted
                0x00000000080023d8       0x8c ./ThirdParty/Source/tasks.o
                0x00000000080023d8                vTaskPlaceOnEventListRestricted
 .text.xTaskRemoveFromEventList
                0x0000000008002464      0x1ac ./ThirdParty/Source/tasks.o
                0x0000000008002464                xTaskRemoveFromEventList
 .text.vTaskInternalSetTimeOutState
                0x0000000008002610       0x2c ./ThirdParty/Source/tasks.o
                0x0000000008002610                vTaskInternalSetTimeOutState
 .text.xTaskCheckForTimeOut
                0x000000000800263c       0xcc ./ThirdParty/Source/tasks.o
                0x000000000800263c                xTaskCheckForTimeOut
 .text.vTaskMissedYield
                0x0000000008002708       0x18 ./ThirdParty/Source/tasks.o
                0x0000000008002708                vTaskMissedYield
 .text.prvIdleTask
                0x0000000008002720       0x30 ./ThirdParty/Source/tasks.o
 .text.prvInitialiseTaskLists
                0x0000000008002750       0x80 ./ThirdParty/Source/tasks.o
 .text.prvCheckTasksWaitingTermination
                0x00000000080027d0       0x5c ./ThirdParty/Source/tasks.o
 .text.prvDeleteTCB
                0x000000000800282c       0x20 ./ThirdParty/Source/tasks.o
 .text.prvResetNextTaskUnblockTime
                0x000000000800284c       0x34 ./ThirdParty/Source/tasks.o
 .text.xTaskGetSchedulerState
                0x0000000008002880       0x3c ./ThirdParty/Source/tasks.o
                0x0000000008002880                xTaskGetSchedulerState
 .text.xTaskPriorityDisinherit
                0x00000000080028bc      0x148 ./ThirdParty/Source/tasks.o
                0x00000000080028bc                xTaskPriorityDisinherit
 .text.prvAddCurrentTaskToDelayedList
                0x0000000008002a04      0x100 ./ThirdParty/Source/tasks.o
 .text.xTimerCreateTimerTask
                0x0000000008002b04       0x64 ./ThirdParty/Source/timers.o
                0x0000000008002b04                xTimerCreateTimerTask
 .text.prvReloadTimer
                0x0000000008002b68       0x42 ./ThirdParty/Source/timers.o
 *fill*         0x0000000008002baa        0x2 
 .text.prvProcessExpiredTimer
                0x0000000008002bac       0x60 ./ThirdParty/Source/timers.o
 .text.prvTimerTask
                0x0000000008002c0c       0x24 ./ThirdParty/Source/timers.o
 .text.prvProcessTimerOrBlockTask
                0x0000000008002c30       0x9c ./ThirdParty/Source/timers.o
 .text.prvGetNextExpireTime
                0x0000000008002ccc       0x44 ./ThirdParty/Source/timers.o
 .text.prvSampleTimeNow
                0x0000000008002d10       0x40 ./ThirdParty/Source/timers.o
 .text.prvInsertTimerInActiveList
                0x0000000008002d50       0x84 ./ThirdParty/Source/timers.o
 .text.prvProcessReceivedCommands
                0x0000000008002dd4      0x17c ./ThirdParty/Source/timers.o
 .text.prvSwitchTimerLists
                0x0000000008002f50       0x4c ./ThirdParty/Source/timers.o
 .text.prvCheckForValidListAndQueue
                0x0000000008002f9c       0x6c ./ThirdParty/Source/timers.o
 .text.pxPortInitialiseStack
                0x0000000008003008       0x58 ./ThirdParty/Source/portable/GCC/ARM_CM3/port.o
                0x0000000008003008                pxPortInitialiseStack
 .text.prvTaskExitError
                0x0000000008003060       0x58 ./ThirdParty/Source/portable/GCC/ARM_CM3/port.o
 *fill*         0x00000000080030b8        0x8 
 .text.SVC_Handler
                0x00000000080030c0       0x28 ./ThirdParty/Source/portable/GCC/ARM_CM3/port.o
                0x00000000080030c0                SVC_Handler
 .text.prvPortStartFirstTask
                0x00000000080030e8       0x24 ./ThirdParty/Source/portable/GCC/ARM_CM3/port.o
 .text.xPortStartScheduler
                0x000000000800310c       0xe4 ./ThirdParty/Source/portable/GCC/ARM_CM3/port.o
                0x000000000800310c                xPortStartScheduler
 .text.vPortEnterCritical
                0x00000000080031f0       0x60 ./ThirdParty/Source/portable/GCC/ARM_CM3/port.o
                0x00000000080031f0                vPortEnterCritical
 .text.vPortExitCritical
                0x0000000008003250       0x50 ./ThirdParty/Source/portable/GCC/ARM_CM3/port.o
                0x0000000008003250                vPortExitCritical
 .text.PendSV_Handler
                0x00000000080032a0       0x48 ./ThirdParty/Source/portable/GCC/ARM_CM3/port.o
                0x00000000080032a0                PendSV_Handler
 .text.SysTick_Handler
                0x00000000080032e8       0x44 ./ThirdParty/Source/portable/GCC/ARM_CM3/port.o
                0x00000000080032e8                SysTick_Handler
 .text.vPortSetupTimerInterrupt
                0x000000000800332c       0x34 ./ThirdParty/Source/portable/GCC/ARM_CM3/port.o
                0x000000000800332c                vPortSetupTimerInterrupt
 .text.pvPortMalloc
                0x0000000008003360      0x174 ./ThirdParty/Source/portable/GCC/MemMang/heap_4.o
                0x0000000008003360                pvPortMalloc
 .text.vPortFree
                0x00000000080034d4       0xb8 ./ThirdParty/Source/portable/GCC/MemMang/heap_4.o
                0x00000000080034d4                vPortFree
 .text.prvHeapInit
                0x000000000800358c       0xb8 ./ThirdParty/Source/portable/GCC/MemMang/heap_4.o
 .text.prvInsertBlockIntoFreeList
                0x0000000008003644       0xb0 ./ThirdParty/Source/portable/GCC/MemMang/heap_4.o
 .text.__libc_init_array
                0x00000000080036f4       0x48 d:/embedded system/stm32cubeide_1.12.0/stm32cubeide/plugins/com.st.stm32cube.ide.mcu.externaltools.gnu-tools-for-stm32.10.3-2021.10.win32_1.0.200.202301161003/tools/bin/../lib/gcc/arm-none-eabi/10.3.1/../../../../arm-none-eabi/lib/thumb/v7-m/nofp\libc_nano.a(lib_a-init.o)
                0x00000000080036f4                __libc_init_array
 .text.memcpy   0x000000000800373c       0x1c d:/embedded system/stm32cubeide_1.12.0/stm32cubeide/plugins/com.st.stm32cube.ide.mcu.externaltools.gnu-tools-for-stm32.10.3-2021.10.win32_1.0.200.202301161003/tools/bin/../lib/gcc/arm-none-eabi/10.3.1/../../../../arm-none-eabi/lib/thumb/v7-m/nofp\libc_nano.a(lib_a-memcpy-stub.o)
                0x000000000800373c                memcpy
 .text.memset   0x0000000008003758       0x10 d:/embedded system/stm32cubeide_1.12.0/stm32cubeide/plugins/com.st.stm32cube.ide.mcu.externaltools.gnu-tools-for-stm32.10.3-2021.10.win32_1.0.200.202301161003/tools/bin/../lib/gcc/arm-none-eabi/10.3.1/../../../../arm-none-eabi/lib/thumb/v7-m/nofp\libc_nano.a(lib_a-memset.o)
                0x0000000008003758                memset
 *(.glue_7)
 .glue_7        0x0000000008003768        0x0 linker stubs
 *(.glue_7t)
 .glue_7t       0x0000000008003768        0x0 linker stubs
 *(.eh_frame)
 .eh_frame      0x0000000008003768        0x0 d:/embedded system/stm32cubeide_1.12.0/stm32cubeide/plugins/com.st.stm32cube.ide.mcu.externaltools.gnu-tools-for-stm32.10.3-2021.10.win32_1.0.200.202301161003/tools/bin/../lib/gcc/arm-none-eabi/10.3.1/thumb/v7-m/nofp/crtbegin.o
 *(.init)
 .init          0x0000000008003768        0x4 d:/embedded system/stm32cubeide_1.12.0/stm32cubeide/plugins/com.st.stm32cube.ide.mcu.externaltools.gnu-tools-for-stm32.10.3-2021.10.win32_1.0.200.202301161003/tools/bin/../lib/gcc/arm-none-eabi/10.3.1/thumb/v7-m/nofp/crti.o
                0x0000000008003768                _init
 .init          0x000000000800376c        0x8 d:/embedded system/stm32cubeide_1.12.0/stm32cubeide/plugins/com.st.stm32cube.ide.mcu.externaltools.gnu-tools-for-stm32.10.3-2021.10.win32_1.0.200.202301161003/tools/bin/../lib/gcc/arm-none-eabi/10.3.1/thumb/v7-m/nofp/crtn.o
 *(.fini)
 .fini          0x0000000008003774        0x4 d:/embedded system/stm32cubeide_1.12.0/stm32cubeide/plugins/com.st.stm32cube.ide.mcu.externaltools.gnu-tools-for-stm32.10.3-2021.10.win32_1.0.200.202301161003/tools/bin/../lib/gcc/arm-none-eabi/10.3.1/thumb/v7-m/nofp/crti.o
                0x0000000008003774                _fini
 .fini          0x0000000008003778        0x8 d:/embedded system/stm32cubeide_1.12.0/stm32cubeide/plugins/com.st.stm32cube.ide.mcu.externaltools.gnu-tools-for-stm32.10.3-2021.10.win32_1.0.200.202301161003/tools/bin/../lib/gcc/arm-none-eabi/10.3.1/thumb/v7-m/nofp/crtn.o
                0x0000000008003780                . = ALIGN (0x4)
                0x0000000008003780                _etext = .

.vfp11_veneer   0x0000000008003780        0x0
 .vfp11_veneer  0x0000000008003780        0x0 linker stubs

.v4_bx          0x0000000008003780        0x0
 .v4_bx         0x0000000008003780        0x0 linker stubs

.iplt           0x0000000008003780        0x0
 .iplt          0x0000000008003780        0x0 d:/embedded system/stm32cubeide_1.12.0/stm32cubeide/plugins/com.st.stm32cube.ide.mcu.externaltools.gnu-tools-for-stm32.10.3-2021.10.win32_1.0.200.202301161003/tools/bin/../lib/gcc/arm-none-eabi/10.3.1/thumb/v7-m/nofp/crtbegin.o

.rodata         0x0000000008003780       0x40
                0x0000000008003780                . = ALIGN (0x4)
 *(.rodata)
 .rodata        0x0000000008003780       0x26 ./Src/main.o
 *fill*         0x00000000080037a6        0x2 
 .rodata        0x00000000080037a8        0x5 ./ThirdParty/Source/tasks.o
 *fill*         0x00000000080037ad        0x3 
 .rodata        0x00000000080037b0        0xd ./ThirdParty/Source/timers.o
 *(.rodata*)
                0x00000000080037c0                . = ALIGN (0x4)
 *fill*         0x00000000080037bd        0x3 

.rel.dyn        0x00000000080037c0        0x0
 .rel.iplt      0x00000000080037c0        0x0 d:/embedded system/stm32cubeide_1.12.0/stm32cubeide/plugins/com.st.stm32cube.ide.mcu.externaltools.gnu-tools-for-stm32.10.3-2021.10.win32_1.0.200.202301161003/tools/bin/../lib/gcc/arm-none-eabi/10.3.1/thumb/v7-m/nofp/crtbegin.o

.ARM.extab      0x00000000080037c0        0x0
                0x00000000080037c0                . = ALIGN (0x4)
 *(.ARM.extab* .gnu.linkonce.armextab.*)
                0x00000000080037c0                . = ALIGN (0x4)

.ARM            0x00000000080037c0        0x0
                0x00000000080037c0                . = ALIGN (0x4)
                0x00000000080037c0                __exidx_start = .
 *(.ARM.exidx*)
                0x00000000080037c0                __exidx_end = .
                0x00000000080037c0                . = ALIGN (0x4)

.preinit_array  0x00000000080037c0        0x0
                0x00000000080037c0                . = ALIGN (0x4)
                0x00000000080037c0                PROVIDE (__preinit_array_start = .)
 *(.preinit_array*)
                0x00000000080037c0                PROVIDE (__preinit_array_end = .)
                0x00000000080037c0                . = ALIGN (0x4)

.init_array     0x00000000080037c0        0x4
                0x00000000080037c0                . = ALIGN (0x4)
                0x00000000080037c0                PROVIDE (__init_array_start = .)
 *(SORT_BY_NAME(.init_array.*))
 *(.init_array*)
 .init_array    0x00000000080037c0        0x4 d:/embedded system/stm32cubeide_1.12.0/stm32cubeide/plugins/com.st.stm32cube.ide.mcu.externaltools.gnu-tools-for-stm32.10.3-2021.10.win32_1.0.200.202301161003/tools/bin/../lib/gcc/arm-none-eabi/10.3.1/thumb/v7-m/nofp/crtbegin.o
                0x00000000080037c4                PROVIDE (__init_array_end = .)
                0x00000000080037c4                . = ALIGN (0x4)

.fini_array     0x00000000080037c4        0x4
                0x00000000080037c4                . = ALIGN (0x4)
                [!provide]                        PROVIDE (__fini_array_start = .)
 *(SORT_BY_NAME(.fini_array.*))
 *(.fini_array*)
 .fini_array    0x00000000080037c4        0x4 d:/embedded system/stm32cubeide_1.12.0/stm32cubeide/plugins/com.st.stm32cube.ide.mcu.externaltools.gnu-tools-for-stm32.10.3-2021.10.win32_1.0.200.202301161003/tools/bin/../lib/gcc/arm-none-eabi/10.3.1/thumb/v7-m/nofp/crtbegin.o
                [!provide]                        PROVIDE (__fini_array_end = .)
                0x00000000080037c8                . = ALIGN (0x4)
                0x00000000080037c8                _sidata = LOADADDR (.data)

.data           0x0000000020000000        0x8 load address 0x00000000080037c8
                0x0000000020000000                . = ALIGN (0x4)
                0x0000000020000000                _sdata = .
 *(.data)
 *(.data*)
 .data.uxTopUsedPriority
                0x0000000020000000        0x4 ./ThirdParty/Source/tasks.o
                0x0000000020000000                uxTopUsedPriority
 .data.uxCriticalNesting
                0x0000000020000004        0x4 ./ThirdParty/Source/portable/GCC/ARM_CM3/port.o
 *(.RamFunc)
 *(.RamFunc*)
                0x0000000020000008                . = ALIGN (0x4)
                0x0000000020000008                _edata = .

.igot.plt       0x0000000020000008        0x0 load address 0x00000000080037d0
 .igot.plt      0x0000000020000008        0x0 d:/embedded system/stm32cubeide_1.12.0/stm32cubeide/plugins/com.st.stm32cube.ide.mcu.externaltools.gnu-tools-for-stm32.10.3-2021.10.win32_1.0.200.202301161003/tools/bin/../lib/gcc/arm-none-eabi/10.3.1/thumb/v7-m/nofp/crtbegin.o
                0x0000000020000008                . = ALIGN (0x4)

.bss            0x0000000020000008     0x21c8 load address 0x00000000080037d0
                0x0000000020000008                _sbss = .
                0x0000000020000008                __bss_start__ = _sbss
 *(.bss)
 .bss           0x0000000020000008       0x1c d:/embedded system/stm32cubeide_1.12.0/stm32cubeide/plugins/com.st.stm32cube.ide.mcu.externaltools.gnu-tools-for-stm32.10.3-2021.10.win32_1.0.200.202301161003/tools/bin/../lib/gcc/arm-none-eabi/10.3.1/thumb/v7-m/nofp/crtbegin.o
 *(.bss*)
 .bss.canQueue  0x0000000020000024        0x4 ./Src/main.o
                0x0000000020000024                canQueue
 .bss.canSemaphore
                0x0000000020000028        0x4 ./Src/main.o
                0x0000000020000028                canSemaphore
 .bss.xQueueRegistry
                0x000000002000002c       0x40 ./ThirdParty/Source/queue.o
                0x000000002000002c                xQueueRegistry
 .bss.pxCurrentTCB
                0x000000002000006c        0x4 ./ThirdParty/Source/tasks.o
                0x000000002000006c                pxCurrentTCB
 .bss.pxReadyTasksLists
                0x0000000020000070       0x64 ./ThirdParty/Source/tasks.o
 .bss.xDelayedTaskList1
                0x00000000200000d4       0x14 ./ThirdParty/Source/tasks.o
 .bss.xDelayedTaskList2
                0x00000000200000e8       0x14 ./ThirdParty/Source/tasks.o
 .bss.pxDelayedTaskList
                0x00000000200000fc        0x4 ./ThirdParty/Source/tasks.o
 .bss.pxOverflowDelayedTaskList
                0x0000000020000100        0x4 ./ThirdParty/Source/tasks.o
 .bss.xPendingReadyList
                0x0000000020000104       0x14 ./ThirdParty/Source/tasks.o
 .bss.xTasksWaitingTermination
                0x0000000020000118       0x14 ./ThirdParty/Source/tasks.o
 .bss.uxDeletedTasksWaitingCleanUp
                0x000000002000012c        0x4 ./ThirdParty/Source/tasks.o
 .bss.xSuspendedTaskList
                0x0000000020000130       0x14 ./ThirdParty/Source/tasks.o
 .bss.uxCurrentNumberOfTasks
                0x0000000020000144        0x4 ./ThirdParty/Source/tasks.o
 .bss.xTickCount
                0x0000000020000148        0x4 ./ThirdParty/Source/tasks.o
 .bss.uxTopReadyPriority
                0x000000002000014c        0x4 ./ThirdParty/Source/tasks.o
 .bss.xSchedulerRunning
                0x0000000020000150        0x4 ./ThirdParty/Source/tasks.o
 .bss.xPendedTicks
                0x0000000020000154        0x4 ./ThirdParty/Source/tasks.o
 .bss.xYieldPending
                0x0000000020000158        0x4 ./ThirdParty/Source/tasks.o
 .bss.xNumOfOverflows
                0x000000002000015c        0x4 ./ThirdParty/Source/tasks.o
 .bss.uxTaskNumber
                0x0000000020000160        0x4 ./ThirdParty/Source/tasks.o
 .bss.xNextTaskUnblockTime
                0x0000000020000164        0x4 ./ThirdParty/Source/tasks.o
 .bss.xIdleTaskHandle
                0x0000000020000168        0x4 ./ThirdParty/Source/tasks.o
 .bss.uxSchedulerSuspended
                0x000000002000016c        0x4 ./ThirdParty/Source/tasks.o
 .bss.xActiveTimerList1
                0x0000000020000170       0x14 ./ThirdParty/Source/timers.o
 .bss.xActiveTimerList2
                0x0000000020000184       0x14 ./ThirdParty/Source/timers.o
 .bss.pxCurrentTimerList
                0x0000000020000198        0x4 ./ThirdParty/Source/timers.o
 .bss.pxOverflowTimerList
                0x000000002000019c        0x4 ./ThirdParty/Source/timers.o
 .bss.xTimerQueue
                0x00000000200001a0        0x4 ./ThirdParty/Source/timers.o
 .bss.xTimerTaskHandle
                0x00000000200001a4        0x4 ./ThirdParty/Source/timers.o
 .bss.xLastTime.0
                0x00000000200001a8        0x4 ./ThirdParty/Source/timers.o
 .bss.ucMaxSysCallPriority
                0x00000000200001ac        0x1 ./ThirdParty/Source/portable/GCC/ARM_CM3/port.o
 *fill*         0x00000000200001ad        0x3 
 .bss.ulMaxPRIGROUPValue
                0x00000000200001b0        0x4 ./ThirdParty/Source/portable/GCC/ARM_CM3/port.o
 .bss.ucHeap    0x00000000200001b4     0x2000 ./ThirdParty/Source/portable/GCC/MemMang/heap_4.o
 .bss.xStart    0x00000000200021b4        0x8 ./ThirdParty/Source/portable/GCC/MemMang/heap_4.o
 .bss.pxEnd     0x00000000200021bc        0x4 ./ThirdParty/Source/portable/GCC/MemMang/heap_4.o
 .bss.xFreeBytesRemaining
                0x00000000200021c0        0x4 ./ThirdParty/Source/portable/GCC/MemMang/heap_4.o
 .bss.xMinimumEverFreeBytesRemaining
                0x00000000200021c4        0x4 ./ThirdParty/Source/portable/GCC/MemMang/heap_4.o
 .bss.xNumberOfSuccessfulAllocations
                0x00000000200021c8        0x4 ./ThirdParty/Source/portable/GCC/MemMang/heap_4.o
 .bss.xNumberOfSuccessfulFrees
                0x00000000200021cc        0x4 ./ThirdParty/Source/portable/GCC/MemMang/heap_4.o
 *(COMMON)
                0x00000000200021d0                . = ALIGN (0x4)
                0x00000000200021d0                _ebss = .
                0x00000000200021d0                __bss_end__ = _ebss

._user_heap_stack
                0x00000000200021d0      0x600 load address 0x00000000080037d0
                0x00000000200021d0                . = ALIGN (0x8)
                [!provide]                        PROVIDE (end = .)
                0x00000000200021d0                PROVIDE (_end = .)
                0x00000000200023d0                . = (. + _Min_Heap_Size)
 *fill*         0x00000000200021d0      0x200 
                0x00000000200027d0                . = (. + _Min_Stack_Size)
 *fill*         0x00000000200023d0      0x400 
                0x00000000200027d0                . = ALIGN (0x8)

/DISCARD/
 libc.a(*)
 libm.a(*)
 libgcc.a(*)

.ARM.attributes
                0x0000000000000000       0x29
 *(.ARM.attributes)
 .ARM.attributes
                0x0000000000000000       0x1d d:/embedded system/stm32cubeide_1.12.0/stm32cubeide/plugins/com.st.stm32cube.ide.mcu.externaltools.gnu-tools-for-stm32.10.3-2021.10.win32_1.0.200.202301161003/tools/bin/../lib/gcc/arm-none-eabi/10.3.1/thumb/v7-m/nofp/crti.o
 .ARM.attributes
                0x000000000000001d       0x2d d:/embedded system/stm32cubeide_1.12.0/stm32cubeide/plugins/com.st.stm32cube.ide.mcu.externaltools.gnu-tools-for-stm32.10.3-2021.10.win32_1.0.200.202301161003/tools/bin/../lib/gcc/arm-none-eabi/10.3.1/thumb/v7-m/nofp/crtbegin.o
 .ARM.attributes
                0x000000000000004a       0x2d ./Src/CAN_program.o
 .ARM.attributes
                0x0000000000000077       0x2d ./Src/DIO_program.o
 .ARM.attributes
                0x00000000000000a4       0x2d ./Src/Function_Help_Tasks.o
 .ARM.attributes
                0x00000000000000d1       0x2d ./Src/MOTOR_program.o
 .ARM.attributes
                0x00000000000000fe       0x2d ./Src/RCC_program.o
 .ARM.attributes
                0x000000000000012b       0x2d ./Src/TIMER3_program.o
 .ARM.attributes
                0x0000000000000158       0x2d ./Src/main.o
 .ARM.attributes
                0x0000000000000185       0x21 ./Startup/startup_stm32f103c8tx.o
 .ARM.attributes
                0x00000000000001a6       0x2d ./ThirdParty/Source/list.o
 .ARM.attributes
                0x00000000000001d3       0x2d ./ThirdParty/Source/queue.o
 .ARM.attributes
                0x0000000000000200       0x2d ./ThirdParty/Source/tasks.o
 .ARM.attributes
                0x000000000000022d       0x2d ./ThirdParty/Source/timers.o
 .ARM.attributes
                0x000000000000025a       0x2d ./ThirdParty/Source/portable/GCC/ARM_CM3/port.o
 .ARM.attributes
                0x0000000000000287       0x2d ./ThirdParty/Source/portable/GCC/MemMang/heap_4.o
 .ARM.attributes
                0x00000000000002b4       0x2d d:/embedded system/stm32cubeide_1.12.0/stm32cubeide/plugins/com.st.stm32cube.ide.mcu.externaltools.gnu-tools-for-stm32.10.3-2021.10.win32_1.0.200.202301161003/tools/bin/../lib/gcc/arm-none-eabi/10.3.1/../../../../arm-none-eabi/lib/thumb/v7-m/nofp\libc_nano.a(lib_a-init.o)
 .ARM.attributes
                0x00000000000002e1       0x2d d:/embedded system/stm32cubeide_1.12.0/stm32cubeide/plugins/com.st.stm32cube.ide.mcu.externaltools.gnu-tools-for-stm32.10.3-2021.10.win32_1.0.200.202301161003/tools/bin/../lib/gcc/arm-none-eabi/10.3.1/../../../../arm-none-eabi/lib/thumb/v7-m/nofp\libc_nano.a(lib_a-memcpy-stub.o)
 .ARM.attributes
                0x000000000000030e       0x2d d:/embedded system/stm32cubeide_1.12.0/stm32cubeide/plugins/com.st.stm32cube.ide.mcu.externaltools.gnu-tools-for-stm32.10.3-2021.10.win32_1.0.200.202301161003/tools/bin/../lib/gcc/arm-none-eabi/10.3.1/../../../../arm-none-eabi/lib/thumb/v7-m/nofp\libc_nano.a(lib_a-memset.o)
 .ARM.attributes
                0x000000000000033b       0x1d d:/embedded system/stm32cubeide_1.12.0/stm32cubeide/plugins/com.st.stm32cube.ide.mcu.externaltools.gnu-tools-for-stm32.10.3-2021.10.win32_1.0.200.202301161003/tools/bin/../lib/gcc/arm-none-eabi/10.3.1/thumb/v7-m/nofp/crtn.o
OUTPUT(MASTER_NODE_RTOS.elf elf32-littlearm)
LOAD linker stubs
LOAD d:/embedded system/stm32cubeide_1.12.0/stm32cubeide/plugins/com.st.stm32cube.ide.mcu.externaltools.gnu-tools-for-stm32.10.3-2021.10.win32_1.0.200.202301161003/tools/bin/../lib/gcc/arm-none-eabi/10.3.1/../../../../arm-none-eabi/lib/thumb/v7-m/nofp\libc.a
LOAD d:/embedded system/stm32cubeide_1.12.0/stm32cubeide/plugins/com.st.stm32cube.ide.mcu.externaltools.gnu-tools-for-stm32.10.3-2021.10.win32_1.0.200.202301161003/tools/bin/../lib/gcc/arm-none-eabi/10.3.1/../../../../arm-none-eabi/lib/thumb/v7-m/nofp\libm.a
LOAD d:/embedded system/stm32cubeide_1.12.0/stm32cubeide/plugins/com.st.stm32cube.ide.mcu.externaltools.gnu-tools-for-stm32.10.3-2021.10.win32_1.0.200.202301161003/tools/bin/../lib/gcc/arm-none-eabi/10.3.1/thumb/v7-m/nofp\libgcc.a

.debug_info     0x0000000000000000     0x755b
 .debug_info    0x0000000000000000      0xa15 ./Src/CAN_program.o
 .debug_info    0x0000000000000a15      0x2cc ./Src/DIO_program.o
 .debug_info    0x0000000000000ce1      0x164 ./Src/Function_Help_Tasks.o
 .debug_info    0x0000000000000e45      0x1a4 ./Src/MOTOR_program.o
 .debug_info    0x0000000000000fe9      0x127 ./Src/RCC_program.o
 .debug_info    0x0000000000001110      0x2be ./Src/TIMER3_program.o
 .debug_info    0x00000000000013ce      0x6d4 ./Src/main.o
 .debug_info    0x0000000000001aa2       0x22 ./Startup/startup_stm32f103c8tx.o
 .debug_info    0x0000000000001ac4      0x2d1 ./ThirdParty/Source/list.o
 .debug_info    0x0000000000001d95     0x196b ./ThirdParty/Source/queue.o
 .debug_info    0x0000000000003700     0x25ab ./ThirdParty/Source/tasks.o
 .debug_info    0x0000000000005cab      0xeaf ./ThirdParty/Source/timers.o
 .debug_info    0x0000000000006b5a      0x4ab ./ThirdParty/Source/portable/GCC/ARM_CM3/port.o
 .debug_info    0x0000000000007005      0x556 ./ThirdParty/Source/portable/GCC/MemMang/heap_4.o

.debug_abbrev   0x0000000000000000     0x16ed
 .debug_abbrev  0x0000000000000000      0x294 ./Src/CAN_program.o
 .debug_abbrev  0x0000000000000294       0xee ./Src/DIO_program.o
 .debug_abbrev  0x0000000000000382       0xa3 ./Src/Function_Help_Tasks.o
 .debug_abbrev  0x0000000000000425       0xa5 ./Src/MOTOR_program.o
 .debug_abbrev  0x00000000000004ca       0x78 ./Src/RCC_program.o
 .debug_abbrev  0x0000000000000542      0x103 ./Src/TIMER3_program.o
 .debug_abbrev  0x0000000000000645      0x1cf ./Src/main.o
 .debug_abbrev  0x0000000000000814       0x12 ./Startup/startup_stm32f103c8tx.o
 .debug_abbrev  0x0000000000000826       0xf2 ./ThirdParty/Source/list.o
 .debug_abbrev  0x0000000000000918      0x312 ./ThirdParty/Source/queue.o
 .debug_abbrev  0x0000000000000c2a      0x36c ./ThirdParty/Source/tasks.o
 .debug_abbrev  0x0000000000000f96      0x2c5 ./ThirdParty/Source/timers.o
 .debug_abbrev  0x000000000000125b      0x244 ./ThirdParty/Source/portable/GCC/ARM_CM3/port.o
 .debug_abbrev  0x000000000000149f      0x24e ./ThirdParty/Source/portable/GCC/MemMang/heap_4.o

.debug_aranges  0x0000000000000000      0x800
 .debug_aranges
                0x0000000000000000       0xd8 ./Src/CAN_program.o
 .debug_aranges
                0x00000000000000d8       0x50 ./Src/DIO_program.o
 .debug_aranges
                0x0000000000000128       0x58 ./Src/Function_Help_Tasks.o
 .debug_aranges
                0x0000000000000180       0x60 ./Src/MOTOR_program.o
 .debug_aranges
                0x00000000000001e0       0x38 ./Src/RCC_program.o
 .debug_aranges
                0x0000000000000218       0x40 ./Src/TIMER3_program.o
 .debug_aranges
                0x0000000000000258       0x58 ./Src/main.o
 .debug_aranges
                0x00000000000002b0       0x28 ./Startup/startup_stm32f103c8tx.o
 .debug_aranges
                0x00000000000002d8       0x40 ./ThirdParty/Source/list.o
 .debug_aranges
                0x0000000000000318      0x130 ./ThirdParty/Source/queue.o
 .debug_aranges
                0x0000000000000448      0x1f8 ./ThirdParty/Source/tasks.o
 .debug_aranges
                0x0000000000000640       0xe8 ./ThirdParty/Source/timers.o
 .debug_aranges
                0x0000000000000728       0x78 ./ThirdParty/Source/portable/GCC/ARM_CM3/port.o
 .debug_aranges
                0x00000000000007a0       0x60 ./ThirdParty/Source/portable/GCC/MemMang/heap_4.o

.debug_ranges   0x0000000000000000      0x728
 .debug_ranges  0x0000000000000000       0xc8 ./Src/CAN_program.o
 .debug_ranges  0x00000000000000c8       0x40 ./Src/DIO_program.o
 .debug_ranges  0x0000000000000108       0x48 ./Src/Function_Help_Tasks.o
 .debug_ranges  0x0000000000000150       0x50 ./Src/MOTOR_program.o
 .debug_ranges  0x00000000000001a0       0x28 ./Src/RCC_program.o
 .debug_ranges  0x00000000000001c8       0x30 ./Src/TIMER3_program.o
 .debug_ranges  0x00000000000001f8       0x48 ./Src/main.o
 .debug_ranges  0x0000000000000240       0x20 ./Startup/startup_stm32f103c8tx.o
 .debug_ranges  0x0000000000000260       0x30 ./ThirdParty/Source/list.o
 .debug_ranges  0x0000000000000290      0x120 ./ThirdParty/Source/queue.o
 .debug_ranges  0x00000000000003b0      0x1e8 ./ThirdParty/Source/tasks.o
 .debug_ranges  0x0000000000000598       0xd8 ./ThirdParty/Source/timers.o
 .debug_ranges  0x0000000000000670       0x68 ./ThirdParty/Source/portable/GCC/ARM_CM3/port.o
 .debug_ranges  0x00000000000006d8       0x50 ./ThirdParty/Source/portable/GCC/MemMang/heap_4.o

.debug_macro    0x0000000000000000     0x2c7f
 .debug_macro   0x0000000000000000       0x62 ./Src/CAN_program.o
 .debug_macro   0x0000000000000062       0x2e ./Src/CAN_program.o
 .debug_macro   0x0000000000000090       0x2e ./Src/CAN_program.o
 .debug_macro   0x00000000000000be      0x13c ./Src/CAN_program.o
 .debug_macro   0x00000000000001fa       0x3a ./Src/CAN_program.o
 .debug_macro   0x0000000000000234       0x2e ./Src/CAN_program.o
 .debug_macro   0x0000000000000262       0x48 ./Src/DIO_program.o
 .debug_macro   0x00000000000002aa       0x1c ./Src/DIO_program.o
 .debug_macro   0x00000000000002c6       0x3f ./Src/Function_Help_Tasks.o
 .debug_macro   0x0000000000000305       0x3a ./Src/Function_Help_Tasks.o
 .debug_macro   0x000000000000033f       0x48 ./Src/MOTOR_program.o
 .debug_macro   0x0000000000000387       0x2e ./Src/MOTOR_program.o
 .debug_macro   0x00000000000003b5       0x3e ./Src/RCC_program.o
 .debug_macro   0x00000000000003f3       0x70 ./Src/RCC_program.o
 .debug_macro   0x0000000000000463       0x22 ./Src/RCC_program.o
 .debug_macro   0x0000000000000485       0x51 ./Src/TIMER3_program.o
 .debug_macro   0x00000000000004d6       0x22 ./Src/TIMER3_program.o
 .debug_macro   0x00000000000004f8      0x254 ./Src/main.o
 .debug_macro   0x000000000000074c       0x1c ./Src/main.o
 .debug_macro   0x0000000000000768      0x174 ./Src/main.o
 .debug_macro   0x00000000000008dc       0x22 ./Src/main.o
 .debug_macro   0x00000000000008fe       0x8e ./Src/main.o
 .debug_macro   0x000000000000098c       0x51 ./Src/main.o
 .debug_macro   0x00000000000009dd      0x103 ./Src/main.o
 .debug_macro   0x0000000000000ae0       0x6a ./Src/main.o
 .debug_macro   0x0000000000000b4a      0x1df ./Src/main.o
 .debug_macro   0x0000000000000d29       0xfa ./Src/main.o
 .debug_macro   0x0000000000000e23      0x15a ./Src/main.o
 .debug_macro   0x0000000000000f7d       0xea ./Src/main.o
 .debug_macro   0x0000000000001067       0x28 ./Src/main.o
 .debug_macro   0x000000000000108f       0x1f ./Src/main.o
 .debug_macro   0x00000000000010ae       0x12 ./Src/main.o
 .debug_macro   0x00000000000010c0      0x52d ./Src/main.o
 .debug_macro   0x00000000000015ed       0xc3 ./Src/main.o
 .debug_macro   0x00000000000016b0      0x120 ./Src/main.o
 .debug_macro   0x00000000000017d0       0x80 ./Src/main.o
 .debug_macro   0x0000000000001850       0x52 ./Src/main.o
 .debug_macro   0x00000000000018a2       0x18 ./Src/main.o
 .debug_macro   0x00000000000018ba       0x3c ./Src/main.o
 .debug_macro   0x00000000000018f6       0x34 ./Src/main.o
 .debug_macro   0x000000000000192a       0x16 ./Src/main.o
 .debug_macro   0x0000000000001940       0x43 ./Src/main.o
 .debug_macro   0x0000000000001983       0x34 ./Src/main.o
 .debug_macro   0x00000000000019b7       0x10 ./Src/main.o
 .debug_macro   0x00000000000019c7       0x58 ./Src/main.o
 .debug_macro   0x0000000000001a1f       0x71 ./Src/main.o
 .debug_macro   0x0000000000001a90       0x1c ./Src/main.o
 .debug_macro   0x0000000000001aac      0x12a ./Src/main.o
 .debug_macro   0x0000000000001bd6      0x341 ./Src/main.o
 .debug_macro   0x0000000000001f17       0x10 ./Src/main.o
 .debug_macro   0x0000000000001f27       0x35 ./Src/main.o
 .debug_macro   0x0000000000001f5c       0x20 ./Src/main.o
 .debug_macro   0x0000000000001f7c       0x97 ./Src/main.o
 .debug_macro   0x0000000000002013       0x77 ./Src/main.o
 .debug_macro   0x000000000000208a      0x198 ./ThirdParty/Source/list.o
 .debug_macro   0x0000000000002222      0x22f ./ThirdParty/Source/queue.o
 .debug_macro   0x0000000000002451       0x16 ./ThirdParty/Source/queue.o
 .debug_macro   0x0000000000002467      0x27e ./ThirdParty/Source/tasks.o
 .debug_macro   0x00000000000026e5       0x17 ./ThirdParty/Source/tasks.o
 .debug_macro   0x00000000000026fc      0x1e7 ./ThirdParty/Source/timers.o
 .debug_macro   0x00000000000028e3      0x183 ./ThirdParty/Source/portable/GCC/ARM_CM3/port.o
 .debug_macro   0x0000000000002a66      0x219 ./ThirdParty/Source/portable/GCC/MemMang/heap_4.o

.debug_line     0x0000000000000000     0x7739
 .debug_line    0x0000000000000000      0x72b ./Src/CAN_program.o
 .debug_line    0x000000000000072b      0x53d ./Src/DIO_program.o
 .debug_line    0x0000000000000c68      0x166 ./Src/Function_Help_Tasks.o
 .debug_line    0x0000000000000dce      0x1bb ./Src/MOTOR_program.o
 .debug_line    0x0000000000000f89      0x14b ./Src/RCC_program.o
 .debug_line    0x00000000000010d4      0x2d5 ./Src/TIMER3_program.o
 .debug_line    0x00000000000013a9      0x990 ./Src/main.o
 .debug_line    0x0000000000001d39       0x84 ./Startup/startup_stm32f103c8tx.o
 .debug_line    0x0000000000001dbd      0x75a ./ThirdParty/Source/list.o
 .debug_line    0x0000000000002517     0x1666 ./ThirdParty/Source/queue.o
 .debug_line    0x0000000000003b7d     0x1d8f ./ThirdParty/Source/tasks.o
 .debug_line    0x000000000000590c      0xc7c ./ThirdParty/Source/timers.o
 .debug_line    0x0000000000006588      0x7cf ./ThirdParty/Source/portable/GCC/ARM_CM3/port.o
 .debug_line    0x0000000000006d57      0x9e2 ./ThirdParty/Source/portable/GCC/MemMang/heap_4.o

.debug_str      0x0000000000000000    0x1293b
 .debug_str     0x0000000000000000     0x45f0 ./Src/CAN_program.o
                                       0x467d (size before relaxing)
 .debug_str     0x00000000000045f0      0x190 ./Src/DIO_program.o
                                       0x37aa (size before relaxing)
 .debug_str     0x0000000000004780      0x175 ./Src/Function_Help_Tasks.o
                                       0x324b (size before relaxing)
 .debug_str     0x00000000000048f5      0x1cd ./Src/MOTOR_program.o
                                       0x3371 (size before relaxing)
 .debug_str     0x0000000000004ac2      0x327 ./Src/RCC_program.o
                                       0x36a0 (size before relaxing)
 .debug_str     0x0000000000004de9      0x126 ./Src/TIMER3_program.o
                                       0x3768 (size before relaxing)
 .debug_str     0x0000000000004f0f     0xa644 ./Src/main.o
                                       0xe83c (size before relaxing)
 .debug_str     0x000000000000f553       0x31 ./Startup/startup_stm32f103c8tx.o
                                         0x64 (size before relaxing)
 .debug_str     0x000000000000f584      0x251 ./ThirdParty/Source/list.o
                                       0xac7e (size before relaxing)
 .debug_str     0x000000000000f7d5      0xc87 ./ThirdParty/Source/queue.o
                                       0xd37d (size before relaxing)
 .debug_str     0x000000000001045c     0x1304 ./ThirdParty/Source/tasks.o
                                       0xdd8f (size before relaxing)
 .debug_str     0x0000000000011760      0x542 ./ThirdParty/Source/timers.o
                                       0xd4fd (size before relaxing)
 .debug_str     0x0000000000011ca2      0x6c0 ./ThirdParty/Source/portable/GCC/ARM_CM3/port.o
                                       0x96de (size before relaxing)
 .debug_str     0x0000000000012362      0x5d9 ./ThirdParty/Source/portable/GCC/MemMang/heap_4.o
                                       0xc4ac (size before relaxing)

.comment        0x0000000000000000       0x50
 .comment       0x0000000000000000       0x50 ./Src/CAN_program.o
                                         0x51 (size before relaxing)
 .comment       0x0000000000000050       0x51 ./Src/DIO_program.o
 .comment       0x0000000000000050       0x51 ./Src/Function_Help_Tasks.o
 .comment       0x0000000000000050       0x51 ./Src/MOTOR_program.o
 .comment       0x0000000000000050       0x51 ./Src/RCC_program.o
 .comment       0x0000000000000050       0x51 ./Src/TIMER3_program.o
 .comment       0x0000000000000050       0x51 ./Src/main.o
 .comment       0x0000000000000050       0x51 ./ThirdParty/Source/list.o
 .comment       0x0000000000000050       0x51 ./ThirdParty/Source/queue.o
 .comment       0x0000000000000050       0x51 ./ThirdParty/Source/tasks.o
 .comment       0x0000000000000050       0x51 ./ThirdParty/Source/timers.o
 .comment       0x0000000000000050       0x51 ./ThirdParty/Source/portable/GCC/ARM_CM3/port.o
 .comment       0x0000000000000050       0x51 ./ThirdParty/Source/portable/GCC/MemMang/heap_4.o

.debug_frame    0x0000000000000000     0x1edc
 .debug_frame   0x0000000000000000      0x344 ./Src/CAN_program.o
 .debug_frame   0x0000000000000344      0x128 ./Src/DIO_program.o
 .debug_frame   0x000000000000046c       0xf8 ./Src/Function_Help_Tasks.o
 .debug_frame   0x0000000000000564      0x114 ./Src/MOTOR_program.o
 .debug_frame   0x0000000000000678       0xa8 ./Src/RCC_program.o
 .debug_frame   0x0000000000000720       0xd4 ./Src/TIMER3_program.o
 .debug_frame   0x00000000000007f4      0x114 ./Src/main.o
 .debug_frame   0x0000000000000908       0xd8 ./ThirdParty/Source/list.o
 .debug_frame   0x00000000000009e0      0x530 ./ThirdParty/Source/queue.o
 .debug_frame   0x0000000000000f10      0x8a8 ./ThirdParty/Source/tasks.o
 .debug_frame   0x00000000000017b8      0x3c8 ./ThirdParty/Source/timers.o
 .debug_frame   0x0000000000001b80      0x198 ./ThirdParty/Source/portable/GCC/ARM_CM3/port.o
 .debug_frame   0x0000000000001d18      0x150 ./ThirdParty/Source/portable/GCC/MemMang/heap_4.o
 .debug_frame   0x0000000000001e68       0x2c d:/embedded system/stm32cubeide_1.12.0/stm32cubeide/plugins/com.st.stm32cube.ide.mcu.externaltools.gnu-tools-for-stm32.10.3-2021.10.win32_1.0.200.202301161003/tools/bin/../lib/gcc/arm-none-eabi/10.3.1/../../../../arm-none-eabi/lib/thumb/v7-m/nofp\libc_nano.a(lib_a-init.o)
 .debug_frame   0x0000000000001e94       0x28 d:/embedded system/stm32cubeide_1.12.0/stm32cubeide/plugins/com.st.stm32cube.ide.mcu.externaltools.gnu-tools-for-stm32.10.3-2021.10.win32_1.0.200.202301161003/tools/bin/../lib/gcc/arm-none-eabi/10.3.1/../../../../arm-none-eabi/lib/thumb/v7-m/nofp\libc_nano.a(lib_a-memcpy-stub.o)
 .debug_frame   0x0000000000001ebc       0x20 d:/embedded system/stm32cubeide_1.12.0/stm32cubeide/plugins/com.st.stm32cube.ide.mcu.externaltools.gnu-tools-for-stm32.10.3-2021.10.win32_1.0.200.202301161003/tools/bin/../lib/gcc/arm-none-eabi/10.3.1/../../../../arm-none-eabi/lib/thumb/v7-m/nofp\libc_nano.a(lib_a-memset.o)
